ism330dhcx_reg.c:49:9:ism330dhcx_read_reg	40	static
ism330dhcx_reg.c:68:9:ism330dhcx_write_reg	40	static
ism330dhcx_reg.c:89:9:ism330dhcx_from_fs2g_to_mg	16	static
ism330dhcx_reg.c:94:9:ism330dhcx_from_fs4g_to_mg	16	static
ism330dhcx_reg.c:99:9:ism330dhcx_from_fs8g_to_mg	16	static
ism330dhcx_reg.c:104:9:ism330dhcx_from_fs16g_to_mg	16	static
ism330dhcx_reg.c:109:9:ism330dhcx_from_fs125dps_to_mdps	16	static
ism330dhcx_reg.c:114:9:ism330dhcx_from_fs250dps_to_mdps	16	static
ism330dhcx_reg.c:119:9:ism330dhcx_from_fs500dps_to_mdps	16	static
ism330dhcx_reg.c:124:9:ism330dhcx_from_fs1000dps_to_mdps	16	static
ism330dhcx_reg.c:129:9:ism330dhcx_from_fs2000dps_to_mdps	16	static
ism330dhcx_reg.c:134:9:ism330dhcx_from_fs4000dps_to_mdps	16	static
ism330dhcx_reg.c:139:9:ism330dhcx_from_lsb_to_celsius	16	static
ism330dhcx_reg.c:144:9:ism330dhcx_from_lsb_to_nsec	16	static
ism330dhcx_reg.c:170:9:ism330dhcx_xl_full_scale_set	24	static
ism330dhcx_reg.c:195:9:ism330dhcx_xl_full_scale_get	24	static
ism330dhcx_reg.c:236:9:ism330dhcx_xl_data_rate_set	32	static
ism330dhcx_reg.c:455:9:ism330dhcx_xl_data_rate_get	24	static
ism330dhcx_reg.c:528:9:ism330dhcx_gy_full_scale_set	24	static
ism330dhcx_reg.c:553:9:ism330dhcx_gy_full_scale_get	24	static
ism330dhcx_reg.c:602:9:ism330dhcx_gy_data_rate_set	32	static
ism330dhcx_reg.c:821:9:ism330dhcx_gy_data_rate_get	24	static
ism330dhcx_reg.c:890:9:ism330dhcx_block_data_update_set	24	static
ism330dhcx_reg.c:915:9:ism330dhcx_block_data_update_get	24	static
ism330dhcx_reg.c:935:9:ism330dhcx_xl_offset_weight_set	24	static
ism330dhcx_reg.c:961:9:ism330dhcx_xl_offset_weight_get	24	static
ism330dhcx_reg.c:994:9:ism330dhcx_xl_power_mode_set	24	static
ism330dhcx_reg.c:1019:9:ism330dhcx_xl_power_mode_get	24	static
ism330dhcx_reg.c:1052:9:ism330dhcx_gy_power_mode_set	24	static
ism330dhcx_reg.c:1077:9:ism330dhcx_gy_power_mode_get	24	static
ism330dhcx_reg.c:1112:9:ism330dhcx_all_sources_get	24	static
ism330dhcx_reg.c:1173:9:ism330dhcx_status_reg_get	24	static
ism330dhcx_reg.c:1190:9:ism330dhcx_xl_flag_data_ready_get	24	static
ism330dhcx_reg.c:1209:9:ism330dhcx_gy_flag_data_ready_get	24	static
ism330dhcx_reg.c:1228:9:ism330dhcx_temp_flag_data_ready_get	24	static
ism330dhcx_reg.c:1249:9:ism330dhcx_xl_usr_offset_x_set	24	static
ism330dhcx_reg.c:1267:9:ism330dhcx_xl_usr_offset_x_get	24	static
ism330dhcx_reg.c:1285:9:ism330dhcx_xl_usr_offset_y_set	24	static
ism330dhcx_reg.c:1303:9:ism330dhcx_xl_usr_offset_y_get	24	static
ism330dhcx_reg.c:1321:9:ism330dhcx_xl_usr_offset_z_set	24	static
ism330dhcx_reg.c:1339:9:ism330dhcx_xl_usr_offset_z_get	24	static
ism330dhcx_reg.c:1355:9:ism330dhcx_xl_usr_offset_set	24	static
ism330dhcx_reg.c:1379:9:ism330dhcx_xl_usr_offset_get	24	static
ism330dhcx_reg.c:1409:9:ism330dhcx_timestamp_rst	24	static
ism330dhcx_reg.c:1423:9:ism330dhcx_timestamp_set	24	static
ism330dhcx_reg.c:1447:9:ism330dhcx_timestamp_get	24	static
ism330dhcx_reg.c:1467:9:ism330dhcx_timestamp_raw_get	24	static
ism330dhcx_reg.c:1499:9:ism330dhcx_rounding_mode_set	24	static
ism330dhcx_reg.c:1524:9:ism330dhcx_rounding_mode_get	24	static
ism330dhcx_reg.c:1567:9:ism330dhcx_temperature_raw_get	24	static
ism330dhcx_reg.c:1587:9:ism330dhcx_angular_rate_raw_get	32	static
ism330dhcx_reg.c:1611:9:ism330dhcx_acceleration_raw_get	32	static
ism330dhcx_reg.c:1634:9:ism330dhcx_fifo_out_raw_get	24	static
ism330dhcx_reg.c:1649:9:ism330dhcx_number_of_steps_get	24	static
ism330dhcx_reg.c:1676:9:ism330dhcx_steps_reset	24	static
ism330dhcx_reg.c:1707:9:ism330dhcx_mlc_out_get	24	static
ism330dhcx_reg.c:1743:9:ism330dhcx_device_conf_set	24	static
ism330dhcx_reg.c:1767:9:ism330dhcx_device_conf_get	24	static
ism330dhcx_reg.c:1787:9:ism330dhcx_odr_cal_reg_set	24	static
ism330dhcx_reg.c:1813:9:ism330dhcx_odr_cal_reg_get	24	static
ism330dhcx_reg.c:1832:9:ism330dhcx_mem_bank_set	24	static
ism330dhcx_reg.c:1858:9:ism330dhcx_mem_bank_get	24	static
ism330dhcx_reg.c:1896:9:ism330dhcx_ln_pg_write_byte	40	static
ism330dhcx_reg.c:1966:9:ism330dhcx_ln_pg_write	48	static
ism330dhcx_reg.c:2066:9:ism330dhcx_ln_pg_read_byte	40	static
ism330dhcx_reg.c:2135:9:ism330dhcx_data_ready_mode_set	24	static
ism330dhcx_reg.c:2161:9:ism330dhcx_data_ready_mode_get	24	static
ism330dhcx_reg.c:2194:9:ism330dhcx_device_id_get	24	static
ism330dhcx_reg.c:2209:9:ism330dhcx_reset_set	24	static
ism330dhcx_reg.c:2233:9:ism330dhcx_reset_get	24	static
ism330dhcx_reg.c:2252:9:ism330dhcx_auto_increment_set	24	static
ism330dhcx_reg.c:2277:9:ism330dhcx_auto_increment_get	24	static
ism330dhcx_reg.c:2295:9:ism330dhcx_boot_set	24	static
ism330dhcx_reg.c:2319:9:ism330dhcx_boot_get	24	static
ism330dhcx_reg.c:2339:9:ism330dhcx_xl_self_test_set	24	static
ism330dhcx_reg.c:2364:9:ism330dhcx_xl_self_test_get	24	static
ism330dhcx_reg.c:2401:9:ism330dhcx_gy_self_test_set	24	static
ism330dhcx_reg.c:2426:9:ism330dhcx_gy_self_test_get	24	static
ism330dhcx_reg.c:2476:9:ism330dhcx_xl_filter_lp2_set	24	static
ism330dhcx_reg.c:2500:9:ism330dhcx_xl_filter_lp2_get	24	static
ism330dhcx_reg.c:2519:9:ism330dhcx_gy_filter_lp1_set	24	static
ism330dhcx_reg.c:2544:9:ism330dhcx_gy_filter_lp1_get	24	static
ism330dhcx_reg.c:2563:9:ism330dhcx_filter_settling_mask_set	24	static
ism330dhcx_reg.c:2589:9:ism330dhcx_filter_settling_mask_get	24	static
ism330dhcx_reg.c:2608:9:ism330dhcx_gy_lp1_bandwidth_set	24	static
ism330dhcx_reg.c:2633:9:ism330dhcx_gy_lp1_bandwidth_get	24	static
ism330dhcx_reg.c:2690:9:ism330dhcx_xl_lp2_on_6d_set	24	static
ism330dhcx_reg.c:2714:9:ism330dhcx_xl_lp2_on_6d_get	24	static
ism330dhcx_reg.c:2733:9:ism330dhcx_xl_hp_path_on_out_set	24	static
ism330dhcx_reg.c:2761:9:ism330dhcx_xl_hp_path_on_out_get	24	static
ism330dhcx_reg.c:2882:9:ism330dhcx_xl_fast_settling_set	24	static
ism330dhcx_reg.c:2909:9:ism330dhcx_xl_fast_settling_get	24	static
ism330dhcx_reg.c:2929:9:ism330dhcx_xl_hp_path_internal_set	24	static
ism330dhcx_reg.c:2955:9:ism330dhcx_xl_hp_path_internal_get	24	static
ism330dhcx_reg.c:2989:9:ism330dhcx_gy_hp_path_internal_set	24	static
ism330dhcx_reg.c:3016:9:ism330dhcx_gy_hp_path_internal_get	24	static
ism330dhcx_reg.c:3075:9:ism330dhcx_aux_sdo_ocs_mode_set	24	static
ism330dhcx_reg.c:3101:9:ism330dhcx_aux_sdo_ocs_mode_get	24	static
ism330dhcx_reg.c:3134:9:ism330dhcx_aux_pw_on_ctrl_set	24	static
ism330dhcx_reg.c:3160:9:ism330dhcx_aux_pw_on_ctrl_get	24	static
ism330dhcx_reg.c:3193:9:ism330dhcx_aux_status_reg_get	24	static
ism330dhcx_reg.c:3210:9:ism330dhcx_aux_xl_flag_data_ready_get	24	static
ism330dhcx_reg.c:3229:9:ism330dhcx_aux_gy_flag_data_ready_get	24	static
ism330dhcx_reg.c:3248:9:ism330dhcx_aux_gy_flag_settling_get	24	static
ism330dhcx_reg.c:3268:9:ism330dhcx_aux_xl_self_test_set	24	static
ism330dhcx_reg.c:3294:9:ism330dhcx_aux_xl_self_test_get	24	static
ism330dhcx_reg.c:3331:9:ism330dhcx_aux_den_polarity_set	24	static
ism330dhcx_reg.c:3356:9:ism330dhcx_aux_den_polarity_get	24	static
ism330dhcx_reg.c:3389:9:ism330dhcx_aux_den_mode_set	32	static
ism330dhcx_reg.c:3426:9:ism330dhcx_aux_den_mode_get	32	static
ism330dhcx_reg.c:3470:9:ism330dhcx_aux_drdy_on_int2_set	24	static
ism330dhcx_reg.c:3496:9:ism330dhcx_aux_drdy_on_int2_get	24	static
ism330dhcx_reg.c:3520:9:ism330dhcx_aux_mode_set	24	static
ism330dhcx_reg.c:3552:9:ism330dhcx_aux_mode_get	24	static
ism330dhcx_reg.c:3589:9:ism330dhcx_aux_gy_full_scale_set	24	static
ism330dhcx_reg.c:3615:9:ism330dhcx_aux_gy_full_scale_get	24	static
ism330dhcx_reg.c:3660:9:ism330dhcx_aux_spi_mode_set	24	static
ism330dhcx_reg.c:3685:9:ism330dhcx_aux_spi_mode_get	24	static
ism330dhcx_reg.c:3718:9:ism330dhcx_aux_gy_lp1_bandwidth_set	24	static
ism330dhcx_reg.c:3743:9:ism330dhcx_aux_gy_lp1_bandwidth_get	24	static
ism330dhcx_reg.c:3784:9:ism330dhcx_aux_gy_hp_bandwidth_set	24	static
ism330dhcx_reg.c:3810:9:ism330dhcx_aux_gy_hp_bandwidth_get	24	static
ism330dhcx_reg.c:3857:9:ism330dhcx_aux_gy_clamp_set	24	static
ism330dhcx_reg.c:3884:9:ism330dhcx_aux_gy_clamp_get	24	static
ism330dhcx_reg.c:3917:9:ism330dhcx_aux_gy_self_test_set	24	static
ism330dhcx_reg.c:3942:9:ism330dhcx_aux_gy_self_test_get	24	static
ism330dhcx_reg.c:3979:9:ism330dhcx_aux_xl_bandwidth_set	24	static
ism330dhcx_reg.c:4004:9:ism330dhcx_aux_xl_bandwidth_get	24	static
ism330dhcx_reg.c:4061:9:ism330dhcx_aux_xl_full_scale_set	24	static
ism330dhcx_reg.c:4086:9:ism330dhcx_aux_xl_full_scale_get	24	static
ism330dhcx_reg.c:4140:9:ism330dhcx_sdo_sa0_mode_set	24	static
ism330dhcx_reg.c:4165:9:ism330dhcx_sdo_sa0_mode_get	24	static
ism330dhcx_reg.c:4198:9:ism330dhcx_spi_mode_set	24	static
ism330dhcx_reg.c:4223:9:ism330dhcx_spi_mode_get	24	static
ism330dhcx_reg.c:4256:9:ism330dhcx_i2c_interface_set	24	static
ism330dhcx_reg.c:4281:9:ism330dhcx_i2c_interface_get	24	static
ism330dhcx_reg.c:4328:9:ism330dhcx_pin_int1_route_set	24	static
ism330dhcx_reg.c:4448:9:ism330dhcx_pin_int1_route_get	24	static
ism330dhcx_reg.c:4500:9:ism330dhcx_pin_int2_route_set	24	static
ism330dhcx_reg.c:4618:9:ism330dhcx_pin_int2_route_get	24	static
ism330dhcx_reg.c:4669:9:ism330dhcx_pin_mode_set	24	static
ism330dhcx_reg.c:4694:9:ism330dhcx_pin_mode_get	24	static
ism330dhcx_reg.c:4727:9:ism330dhcx_pin_polarity_set	24	static
ism330dhcx_reg.c:4752:9:ism330dhcx_pin_polarity_get	24	static
ism330dhcx_reg.c:4785:9:ism330dhcx_all_on_int1_set	24	static
ism330dhcx_reg.c:4809:9:ism330dhcx_all_on_int1_get	24	static
ism330dhcx_reg.c:4827:9:ism330dhcx_int_notification_set	32	static
ism330dhcx_reg.c:4873:9:ism330dhcx_int_notification_get	32	static
ism330dhcx_reg.c:4944:9:ism330dhcx_wkup_ths_weight_set	24	static
ism330dhcx_reg.c:4971:9:ism330dhcx_wkup_ths_weight_get	24	static
ism330dhcx_reg.c:5005:9:ism330dhcx_wkup_threshold_set	24	static
ism330dhcx_reg.c:5030:9:ism330dhcx_wkup_threshold_get	24	static
ism330dhcx_reg.c:5048:9:ism330dhcx_xl_usr_offset_on_wkup_set	24	static
ism330dhcx_reg.c:5073:9:ism330dhcx_xl_usr_offset_on_wkup_get	24	static
ism330dhcx_reg.c:5092:9:ism330dhcx_wkup_dur_set	24	static
ism330dhcx_reg.c:5116:9:ism330dhcx_wkup_dur_get	24	static
ism330dhcx_reg.c:5147:9:ism330dhcx_gy_sleep_mode_set	24	static
ism330dhcx_reg.c:5171:9:ism330dhcx_gy_sleep_mode_get	24	static
ism330dhcx_reg.c:5191:9:ism330dhcx_act_pin_notification_set	24	static
ism330dhcx_reg.c:5218:9:ism330dhcx_act_pin_notification_get	24	static
ism330dhcx_reg.c:5251:9:ism330dhcx_act_mode_set	24	static
ism330dhcx_reg.c:5276:9:ism330dhcx_act_mode_get	24	static
ism330dhcx_reg.c:5317:9:ism330dhcx_act_sleep_dur_set	24	static
ism330dhcx_reg.c:5341:9:ism330dhcx_act_sleep_dur_get	24	static
ism330dhcx_reg.c:5372:9:ism330dhcx_tap_detection_on_z_set	24	static
ism330dhcx_reg.c:5397:9:ism330dhcx_tap_detection_on_z_get	24	static
ism330dhcx_reg.c:5416:9:ism330dhcx_tap_detection_on_y_set	24	static
ism330dhcx_reg.c:5441:9:ism330dhcx_tap_detection_on_y_get	24	static
ism330dhcx_reg.c:5460:9:ism330dhcx_tap_detection_on_x_set	24	static
ism330dhcx_reg.c:5485:9:ism330dhcx_tap_detection_on_x_get	24	static
ism330dhcx_reg.c:5504:9:ism330dhcx_tap_threshold_x_set	24	static
ism330dhcx_reg.c:5528:9:ism330dhcx_tap_threshold_x_get	24	static
ism330dhcx_reg.c:5547:9:ism330dhcx_tap_axis_priority_set	24	static
ism330dhcx_reg.c:5572:9:ism330dhcx_tap_axis_priority_get	24	static
ism330dhcx_reg.c:5621:9:ism330dhcx_tap_threshold_y_set	24	static
ism330dhcx_reg.c:5645:9:ism330dhcx_tap_threshold_y_get	24	static
ism330dhcx_reg.c:5664:9:ism330dhcx_tap_threshold_z_set	24	static
ism330dhcx_reg.c:5688:9:ism330dhcx_tap_threshold_z_get	24	static
ism330dhcx_reg.c:5711:9:ism330dhcx_tap_shock_set	24	static
ism330dhcx_reg.c:5739:9:ism330dhcx_tap_shock_get	24	static
ism330dhcx_reg.c:5761:9:ism330dhcx_tap_quiet_set	24	static
ism330dhcx_reg.c:5789:9:ism330dhcx_tap_quiet_get	24	static
ism330dhcx_reg.c:5813:9:ism330dhcx_tap_dur_set	24	static
ism330dhcx_reg.c:5841:9:ism330dhcx_tap_dur_get	24	static
ism330dhcx_reg.c:5859:9:ism330dhcx_tap_mode_set	24	static
ism330dhcx_reg.c:5884:9:ism330dhcx_tap_mode_get	24	static
ism330dhcx_reg.c:5930:9:ism330dhcx_6d_threshold_set	24	static
ism330dhcx_reg.c:5955:9:ism330dhcx_6d_threshold_get	24	static
ism330dhcx_reg.c:5996:9:ism330dhcx_4d_mode_set	24	static
ism330dhcx_reg.c:6020:9:ism330dhcx_4d_mode_get	24	static
ism330dhcx_reg.c:6051:9:ism330dhcx_ff_threshold_set	24	static
ism330dhcx_reg.c:6076:9:ism330dhcx_ff_threshold_get	24	static
ism330dhcx_reg.c:6133:9:ism330dhcx_ff_dur_set	32	static
ism330dhcx_reg.c:6169:9:ism330dhcx_ff_dur_get	32	static
ism330dhcx_reg.c:6207:9:ism330dhcx_fifo_watermark_set	32	static
ism330dhcx_reg.c:6238:9:ism330dhcx_fifo_watermark_get	32	static
ism330dhcx_reg.c:6265:9:ism330dhcx_compression_algo_init_set	24	static
ism330dhcx_reg.c:6299:9:ism330dhcx_compression_algo_init_get	24	static
ism330dhcx_reg.c:6327:9:ism330dhcx_compression_algo_set	32	static
ism330dhcx_reg.c:6376:9:ism330dhcx_compression_algo_get	24	static
ism330dhcx_reg.c:6422:9:ism330dhcx_fifo_virtual_sens_odr_chg_set	24	static
ism330dhcx_reg.c:6447:9:ism330dhcx_fifo_virtual_sens_odr_chg_get	24	static
ism330dhcx_reg.c:6466:9:ism330dhcx_compression_algo_real_time_set	24	static
ism330dhcx_reg.c:6491:9:ism330dhcx_compression_algo_real_time_get	24	static
ism330dhcx_reg.c:6511:9:ism330dhcx_fifo_stop_on_wtm_set	24	static
ism330dhcx_reg.c:6537:9:ism330dhcx_fifo_stop_on_wtm_get	24	static
ism330dhcx_reg.c:6557:9:ism330dhcx_fifo_xl_batch_set	24	static
ism330dhcx_reg.c:6583:9:ism330dhcx_fifo_xl_batch_get	24	static
ism330dhcx_reg.c:6657:9:ism330dhcx_fifo_gy_batch_set	24	static
ism330dhcx_reg.c:6683:9:ism330dhcx_fifo_gy_batch_get	24	static
ism330dhcx_reg.c:6756:9:ism330dhcx_fifo_mode_set	24	static
ism330dhcx_reg.c:6781:9:ism330dhcx_fifo_mode_get	24	static
ism330dhcx_reg.c:6831:9:ism330dhcx_fifo_temp_batch_set	24	static
ism330dhcx_reg.c:6857:9:ism330dhcx_fifo_temp_batch_get	24	static
ism330dhcx_reg.c:6900:9:ism330dhcx_fifo_timestamp_decimation_set	24	static
ism330dhcx_reg.c:6928:9:ism330dhcx_fifo_timestamp_decimation_get	24	static
ism330dhcx_reg.c:6971:9:ism330dhcx_fifo_cnt_event_batch_set	24	static
ism330dhcx_reg.c:6998:9:ism330dhcx_fifo_cnt_event_batch_get	24	static
ism330dhcx_reg.c:7032:9:ism330dhcx_rst_batch_counter_set	24	static
ism330dhcx_reg.c:7058:9:ism330dhcx_rst_batch_counter_get	24	static
ism330dhcx_reg.c:7078:9:ism330dhcx_batch_counter_threshold_set	32	static
ism330dhcx_reg.c:7112:9:ism330dhcx_batch_counter_threshold_get	32	static
ism330dhcx_reg.c:7139:9:ism330dhcx_fifo_data_level_get	32	static
ism330dhcx_reg.c:7166:9:ism330dhcx_fifo_status_get	24	static
ism330dhcx_reg.c:7183:9:ism330dhcx_fifo_full_flag_get	24	static
ism330dhcx_reg.c:7202:9:ism330dhcx_fifo_ovr_flag_get	24	static
ism330dhcx_reg.c:7220:9:ism330dhcx_fifo_wtm_flag_get	24	static
ism330dhcx_reg.c:7238:9:ism330dhcx_fifo_sensor_tag_get	24	static
ism330dhcx_reg.c:7352:9:ism330dhcx_fifo_pedo_batch_set	24	static
ism330dhcx_reg.c:7385:9:ism330dhcx_fifo_pedo_batch_get	24	static
ism330dhcx_reg.c:7413:9:ism330dhcx_sh_batch_slave_0_set	24	static
ism330dhcx_reg.c:7447:9:ism330dhcx_sh_batch_slave_0_get	24	static
ism330dhcx_reg.c:7476:9:ism330dhcx_sh_batch_slave_1_set	24	static
ism330dhcx_reg.c:7510:9:ism330dhcx_sh_batch_slave_1_get	24	static
ism330dhcx_reg.c:7539:9:ism330dhcx_sh_batch_slave_2_set	24	static
ism330dhcx_reg.c:7573:9:ism330dhcx_sh_batch_slave_2_get	24	static
ism330dhcx_reg.c:7602:9:ism330dhcx_sh_batch_slave_3_set	24	static
ism330dhcx_reg.c:7636:9:ism330dhcx_sh_batch_slave_3_get	24	static
ism330dhcx_reg.c:7677:9:ism330dhcx_den_mode_set	24	static
ism330dhcx_reg.c:7702:9:ism330dhcx_den_mode_get	24	static
ism330dhcx_reg.c:7747:9:ism330dhcx_den_polarity_set	24	static
ism330dhcx_reg.c:7772:9:ism330dhcx_den_polarity_get	24	static
ism330dhcx_reg.c:7805:9:ism330dhcx_den_enable_set	24	static
ism330dhcx_reg.c:7830:9:ism330dhcx_den_enable_get	24	static
ism330dhcx_reg.c:7867:9:ism330dhcx_den_mark_axis_x_set	24	static
ism330dhcx_reg.c:7891:9:ism330dhcx_den_mark_axis_x_get	24	static
ism330dhcx_reg.c:7910:9:ism330dhcx_den_mark_axis_y_set	24	static
ism330dhcx_reg.c:7934:9:ism330dhcx_den_mark_axis_y_get	24	static
ism330dhcx_reg.c:7953:9:ism330dhcx_den_mark_axis_z_set	24	static
ism330dhcx_reg.c:7977:9:ism330dhcx_den_mark_axis_z_get	24	static
ism330dhcx_reg.c:8008:9:ism330dhcx_pedo_sens_set	24	static
ism330dhcx_reg.c:8040:9:ism330dhcx_pedo_sens_get	24	static
ism330dhcx_reg.c:8067:9:ism330dhcx_pedo_step_detect_get	24	static
ism330dhcx_reg.c:8095:9:ism330dhcx_pedo_debounce_steps_set	24	static
ism330dhcx_reg.c:8112:9:ism330dhcx_pedo_debounce_steps_get	24	static
ism330dhcx_reg.c:8129:9:ism330dhcx_pedo_steps_period_set	24	static
ism330dhcx_reg.c:8155:9:ism330dhcx_pedo_steps_period_get	24	static
ism330dhcx_reg.c:8182:9:ism330dhcx_pedo_int_mode_set	24	static
ism330dhcx_reg.c:8208:9:ism330dhcx_pedo_int_mode_get	24	static
ism330dhcx_reg.c:8254:9:ism330dhcx_motion_sens_set	24	static
ism330dhcx_reg.c:8286:9:ism330dhcx_motion_sens_get	24	static
ism330dhcx_reg.c:8313:9:ism330dhcx_motion_flag_data_ready_get	24	static
ism330dhcx_reg.c:8354:9:ism330dhcx_tilt_sens_set	24	static
ism330dhcx_reg.c:8386:9:ism330dhcx_tilt_sens_get	24	static
ism330dhcx_reg.c:8413:9:ism330dhcx_tilt_flag_data_ready_get	24	static
ism330dhcx_reg.c:8454:9:ism330dhcx_mag_sensitivity_set	24	static
ism330dhcx_reg.c:8480:9:ism330dhcx_mag_sensitivity_get	24	static
ism330dhcx_reg.c:8506:9:ism330dhcx_mag_offset_set	32	static
ism330dhcx_reg.c:8562:9:ism330dhcx_mag_offset_get	32	static
ism330dhcx_reg.c:8623:9:ism330dhcx_mag_soft_iron_set	40	static
ism330dhcx_reg.c:8726:9:ism330dhcx_mag_soft_iron_get	40	static
ism330dhcx_reg.c:8825:9:ism330dhcx_mag_z_orient_set	24	static
ism330dhcx_reg.c:8851:9:ism330dhcx_mag_z_orient_get	24	static
ism330dhcx_reg.c:8902:9:ism330dhcx_mag_y_orient_set	24	static
ism330dhcx_reg.c:8928:9:ism330dhcx_mag_y_orient_get	24	static
ism330dhcx_reg.c:8978:9:ism330dhcx_mag_x_orient_set	24	static
ism330dhcx_reg.c:9004:9:ism330dhcx_mag_x_orient_get	24	static
ism330dhcx_reg.c:9067:9:ism330dhcx_long_cnt_flag_data_ready_get	24	static
ism330dhcx_reg.c:9095:9:ism330dhcx_emb_fsm_en_set	24	static
ism330dhcx_reg.c:9127:9:ism330dhcx_emb_fsm_en_get	24	static
ism330dhcx_reg.c:9159:9:ism330dhcx_fsm_enable_set	24	static
ism330dhcx_reg.c:9226:9:ism330dhcx_fsm_enable_get	24	static
ism330dhcx_reg.c:9258:9:ism330dhcx_long_cnt_set	24	static
ism330dhcx_reg.c:9287:9:ism330dhcx_long_cnt_get	24	static
ism330dhcx_reg.c:9316:9:ism330dhcx_long_clr_set	24	static
ism330dhcx_reg.c:9349:9:ism330dhcx_long_clr_get	24	static
ism330dhcx_reg.c:9394:9:ism330dhcx_fsm_out_get	24	static
ism330dhcx_reg.c:9420:9:ism330dhcx_fsm_data_rate_set	24	static
ism330dhcx_reg.c:9455:9:ism330dhcx_fsm_data_rate_get	24	static
ism330dhcx_reg.c:9504:9:ism330dhcx_fsm_init_set	24	static
ism330dhcx_reg.c:9536:9:ism330dhcx_fsm_init_get	24	static
ism330dhcx_reg.c:9566:9:ism330dhcx_long_cnt_int_value_set	24	static
ism330dhcx_reg.c:9598:9:ism330dhcx_long_cnt_int_value_get	24	static
ism330dhcx_reg.c:9627:9:ism330dhcx_fsm_number_of_programs_set	24	static
ism330dhcx_reg.c:9650:9:ism330dhcx_fsm_number_of_programs_get	24	static
ism330dhcx_reg.c:9667:9:ism330dhcx_fsm_start_address_set	24	static
ism330dhcx_reg.c:9697:9:ism330dhcx_fsm_start_address_get	24	static
ism330dhcx_reg.c:9740:9:ism330dhcx_mlc_set	24	static
ism330dhcx_reg.c:9783:9:ism330dhcx_mlc_get	24	static
ism330dhcx_reg.c:9809:9:ism330dhcx_mlc_status_get	16	static
ism330dhcx_reg.c:9824:9:ism330dhcx_mlc_data_rate_set	24	static
ism330dhcx_reg.c:9857:9:ism330dhcx_mlc_data_rate_get	24	static
ism330dhcx_reg.c:9919:9:ism330dhcx_sh_read_data_raw_get	32	static
ism330dhcx_reg.c:9946:9:ism330dhcx_sh_slave_connected_set	24	static
ism330dhcx_reg.c:9979:9:ism330dhcx_sh_slave_connected_get	24	static
ism330dhcx_reg.c:10028:9:ism330dhcx_sh_master_set	24	static
ism330dhcx_reg.c:10060:9:ism330dhcx_sh_master_get	24	static
ism330dhcx_reg.c:10087:9:ism330dhcx_sh_pin_mode_set	24	static
ism330dhcx_reg.c:10120:9:ism330dhcx_sh_pin_mode_get	24	static
ism330dhcx_reg.c:10161:9:ism330dhcx_sh_pass_through_set	24	static
ism330dhcx_reg.c:10193:9:ism330dhcx_sh_pass_through_get	24	static
ism330dhcx_reg.c:10221:9:ism330dhcx_sh_syncro_mode_set	24	static
ism330dhcx_reg.c:10254:9:ism330dhcx_sh_syncro_mode_get	24	static
ism330dhcx_reg.c:10296:9:ism330dhcx_sh_write_mode_set	24	static
ism330dhcx_reg.c:10330:9:ism330dhcx_sh_write_mode_get	24	static
ism330dhcx_reg.c:10370:9:ism330dhcx_sh_reset_set	24	static
ism330dhcx_reg.c:10408:9:ism330dhcx_sh_reset_get	24	static
ism330dhcx_reg.c:10435:9:ism330dhcx_sh_data_rate_set	24	static
ism330dhcx_reg.c:10468:9:ism330dhcx_sh_data_rate_get	24	static
ism330dhcx_reg.c:10520:9:ism330dhcx_sh_cfg_write	24	static
ism330dhcx_reg.c:10562:9:ism330dhcx_sh_slv0_cfg_read	32	static
ism330dhcx_reg.c:10611:9:ism330dhcx_sh_slv1_cfg_read	32	static
ism330dhcx_reg.c:10660:9:ism330dhcx_sh_slv2_cfg_read	32	static
ism330dhcx_reg.c:10709:9:ism330dhcx_sh_slv3_cfg_read	32	static
ism330dhcx_reg.c:10755:9:ism330dhcx_sh_status_get	24	static
