iis2mdc_reg.c:48:9:iis2mdc_read_reg	40	static
iis2mdc_reg.c:67:9:iis2mdc_write_reg	40	static
iis2mdc_reg.c:88:9:iis2mdc_from_lsb_to_mgauss	16	static
iis2mdc_reg.c:93:9:iis2mdc_from_lsb_to_celsius	16	static
iis2mdc_reg.c:124:9:iis2mdc_mag_user_offset_set	32	static
iis2mdc_reg.c:151:9:iis2mdc_mag_user_offset_get	32	static
iis2mdc_reg.c:173:9:iis2mdc_operating_mode_set	24	static
iis2mdc_reg.c:196:9:iis2mdc_operating_mode_get	24	static
iis2mdc_reg.c:232:9:iis2mdc_data_rate_set	24	static
iis2mdc_reg.c:254:9:iis2mdc_data_rate_get	24	static
iis2mdc_reg.c:293:9:iis2mdc_power_mode_set	24	static
iis2mdc_reg.c:315:9:iis2mdc_power_mode_get	24	static
iis2mdc_reg.c:346:9:iis2mdc_offset_temp_comp_set	24	static
iis2mdc_reg.c:368:9:iis2mdc_offset_temp_comp_get	24	static
iis2mdc_reg.c:385:9:iis2mdc_low_pass_bandwidth_set	24	static
iis2mdc_reg.c:408:9:iis2mdc_low_pass_bandwidth_get	24	static
iis2mdc_reg.c:441:9:iis2mdc_set_rst_mode_set	24	static
iis2mdc_reg.c:464:9:iis2mdc_set_rst_mode_get	24	static
iis2mdc_reg.c:505:9:iis2mdc_set_rst_sensor_single_set	24	static
iis2mdc_reg.c:532:9:iis2mdc_set_rst_sensor_single_get	24	static
iis2mdc_reg.c:550:9:iis2mdc_block_data_update_set	24	static
iis2mdc_reg.c:572:9:iis2mdc_block_data_update_get	24	static
iis2mdc_reg.c:589:9:iis2mdc_mag_data_ready_get	24	static
iis2mdc_reg.c:606:9:iis2mdc_mag_data_ovr_get	24	static
iis2mdc_reg.c:623:9:iis2mdc_magnetic_raw_get	32	static
iis2mdc_reg.c:645:9:iis2mdc_temperature_raw_get	24	static
iis2mdc_reg.c:675:9:iis2mdc_device_id_get	24	static
iis2mdc_reg.c:691:9:iis2mdc_reset_set	24	static
iis2mdc_reg.c:713:9:iis2mdc_reset_get	24	static
iis2mdc_reg.c:730:9:iis2mdc_boot_set	24	static
iis2mdc_reg.c:752:9:iis2mdc_boot_get	24	static
iis2mdc_reg.c:769:9:iis2mdc_self_test_set	24	static
iis2mdc_reg.c:791:9:iis2mdc_self_test_get	24	static
iis2mdc_reg.c:808:9:iis2mdc_data_format_set	24	static
iis2mdc_reg.c:830:9:iis2mdc_data_format_get	24	static
iis2mdc_reg.c:861:9:iis2mdc_status_get	24	static
iis2mdc_reg.c:892:9:iis2mdc_offset_int_conf_set	24	static
iis2mdc_reg.c:917:9:iis2mdc_offset_int_conf_get	24	static
iis2mdc_reg.c:949:9:iis2mdc_drdy_on_pin_set	24	static
iis2mdc_reg.c:971:9:iis2mdc_drdy_on_pin_get	24	static
iis2mdc_reg.c:988:9:iis2mdc_int_on_pin_set	24	static
iis2mdc_reg.c:1010:9:iis2mdc_int_on_pin_get	24	static
iis2mdc_reg.c:1027:9:iis2mdc_int_gen_conf_set	24	static
iis2mdc_reg.c:1044:9:iis2mdc_int_gen_conf_get	24	static
iis2mdc_reg.c:1061:9:iis2mdc_int_gen_source_get	24	static
iis2mdc_reg.c:1080:9:iis2mdc_int_gen_treshold_set	24	static
iis2mdc_reg.c:1100:9:iis2mdc_int_gen_treshold_get	24	static
iis2mdc_reg.c:1131:9:iis2mdc_i2c_interface_set	24	static
iis2mdc_reg.c:1154:9:iis2mdc_i2c_interface_get	24	static
