iks01a2_mems_control.c:27:6:BSP_SENSOR_ACC_Init	8	static
iks01a2_mems_control.c:37:6:BSP_SENSOR_GYR_Init	8	static
iks01a2_mems_control.c:47:6:BSP_SENSOR_MAG_Init	8	static
iks01a2_mems_control.c:57:6:BSP_SENSOR_PRESS_Init	8	static
iks01a2_mems_control.c:67:6:BSP_SENSOR_TEMP_Init	8	static
iks01a2_mems_control.c:77:6:BSP_SENSOR_HUM_Init	8	static
iks01a2_mems_control.c:87:6:BSP_SENSOR_ACC_Enable	8	static
iks01a2_mems_control.c:97:6:BSP_SENSOR_GYR_Enable	8	static
iks01a2_mems_control.c:107:6:BSP_SENSOR_MAG_Enable	8	static
iks01a2_mems_control.c:117:6:BSP_SENSOR_PRESS_Enable	8	static
iks01a2_mems_control.c:127:6:BSP_SENSOR_TEMP_Enable	8	static
iks01a2_mems_control.c:137:6:BSP_SENSOR_HUM_Enable	8	static
iks01a2_mems_control.c:147:6:BSP_SENSOR_ACC_Disable	8	static
iks01a2_mems_control.c:157:6:BSP_SENSOR_GYR_Disable	8	static
iks01a2_mems_control.c:167:6:BSP_SENSOR_MAG_Disable	8	static
iks01a2_mems_control.c:177:6:BSP_SENSOR_PRESS_Disable	8	static
iks01a2_mems_control.c:187:6:BSP_SENSOR_TEMP_Disable	8	static
iks01a2_mems_control.c:197:6:BSP_SENSOR_HUM_Disable	8	static
iks01a2_mems_control.c:207:6:BSP_SENSOR_ACC_GetAxes	16	static
iks01a2_mems_control.c:217:6:BSP_SENSOR_GYR_GetAxes	16	static
iks01a2_mems_control.c:227:6:BSP_SENSOR_MAG_GetAxes	16	static
iks01a2_mems_control.c:237:6:BSP_SENSOR_PRESS_GetValue	16	static
iks01a2_mems_control.c:247:6:BSP_SENSOR_TEMP_GetValue	16	static
iks01a2_mems_control.c:257:6:BSP_SENSOR_HUM_GetValue	16	static
iks01a2_mems_control.c:267:6:BSP_SENSOR_ACC_SetOutputDataRate	16	static
iks01a2_mems_control.c:277:6:BSP_SENSOR_GYR_SetOutputDataRate	16	static
iks01a2_mems_control.c:287:6:BSP_SENSOR_MAG_SetOutputDataRate	16	static
iks01a2_mems_control.c:297:6:BSP_SENSOR_PRESS_SetOutputDataRate	16	static
iks01a2_mems_control.c:307:6:BSP_SENSOR_TEMP_SetOutputDataRate	16	static
iks01a2_mems_control.c:317:6:BSP_SENSOR_HUM_SetOutputDataRate	16	static
iks01a2_mems_control.c:327:6:BSP_SENSOR_ACC_GetOutputDataRate	16	static
iks01a2_mems_control.c:337:6:BSP_SENSOR_GYR_GetOutputDataRate	16	static
iks01a2_mems_control.c:347:6:BSP_SENSOR_MAG_GetOutputDataRate	16	static
iks01a2_mems_control.c:357:6:BSP_SENSOR_PRESS_GetOutputDataRate	16	static
iks01a2_mems_control.c:367:6:BSP_SENSOR_TEMP_GetOutputDataRate	16	static
iks01a2_mems_control.c:377:6:BSP_SENSOR_HUM_GetOutputDataRate	16	static
iks01a2_mems_control.c:387:6:BSP_SENSOR_ACC_SetFullScale	16	static
iks01a2_mems_control.c:397:6:BSP_SENSOR_GYR_SetFullScale	16	static
iks01a2_mems_control.c:407:6:BSP_SENSOR_MAG_SetFullScale	16	static
iks01a2_mems_control.c:417:6:BSP_SENSOR_ACC_GetFullScale	16	static
iks01a2_mems_control.c:427:6:BSP_SENSOR_GYR_GetFullScale	16	static
iks01a2_mems_control.c:437:6:BSP_SENSOR_MAG_GetFullScale	16	static
