WobbleBoardApp.cpp:48:1:WobbleBoardApp::WobbleBoardApp()	16	static
WobbleBoardApp.cpp:54:6:void WobbleBoardApp::Init()	40	static
WobbleBoardApp.cpp:103:6:void WobbleBoardApp::InitInertialSensors()	16	static
WobbleBoardApp.cpp:113:6:void WobbleBoardApp::Process()	536	static
WobbleBoardApp.cpp:205:6:void WobbleBoardApp::AccelerometerSensorHandler()	24	static
WobbleBoardApp.cpp:222:6:void WobbleBoardApp::GyroSensorHandler()	24	static
WobbleBoardApp.cpp:238:6:void WobbleBoardApp::MagnetometerSensorHandler()	64	static
WobbleBoardApp.cpp:289:6:void WobbleBoardApp::MotionFXDataHandler()	176	static
WobbleBoardApp.cpp:361:6:void WobbleBoardApp::DWTInit()	16	static
WobbleBoardApp.cpp:368:6:void WobbleBoardApp::DWTStart()	16	static
WobbleBoardApp.cpp:379:10:uint32_t WobbleBoardApp::DWTStop()	24	static
WobbleBoardApp.cpp:392:6:void WobbleBoardApp::InitStreamingHeader(TMsg*)	16	static
WobbleBoardApp.cpp:405:6:void WobbleBoardApp::BuildReplyHeader(TMsg*)	16	static
WobbleBoardApp.cpp:417:5:int WobbleBoardApp::HandleCMD(TMsg*)	24	static
WobbleBoardApp.cpp:491:6:void WobbleBoardApp::StartDataStreaming()	16	static
WobbleBoardApp.cpp:506:6:void WobbleBoardApp::StopDataStreaming()	16	static
WobbleBoardApp.cpp:522:6:void WobbleBoardApp::Enable6AxisMotionFusion()	16	static
WobbleBoardApp.cpp:528:6:void WobbleBoardApp::Enable9AxisMotionFusion()	16	static
WobbleBoardApp.cpp:534:6:void WobbleBoardApp::DataStreamTimerConfig(uint32_t)	32	static
WobbleBoardApp.cpp:551:6:void WobbleBoardApp::ToggleUserCalibrationMode()	16	static
WobbleBoardApp.cpp:565:6:void WobbleBoardApp::EnterUserCalibrationMode()	16	static
WobbleBoardApp.cpp:580:6:void WobbleBoardApp::CalculateDeadZone()	16	static
WobbleBoardApp.cpp:585:6:void WobbleBoardApp::ExitUserCalibrationMode()	16	static
