gthr-default.h:229:1:int __gthread_key_delete(__gthread_key_t)	16	static
WobbleBoardApp.cpp:49:1:WobbleBoardApp::WobbleBoardApp()	16	static
WobbleBoardApp.cpp:55:6:void WobbleBoardApp::Init()	40	static
WobbleBoardApp.cpp:111:6:void WobbleBoardApp::InitInertialSensors()	16	static
WobbleBoardApp.cpp:121:6:void WobbleBoardApp::Process()	536	static
WobbleBoardApp.cpp:217:6:void WobbleBoardApp::AccelerometerSensorHandler()	24	static
WobbleBoardApp.cpp:234:6:void WobbleBoardApp::GyroSensorHandler()	24	static
WobbleBoardApp.cpp:250:6:void WobbleBoardApp::MagnetometerSensorHandler()	64	static
WobbleBoardApp.cpp:301:6:void WobbleBoardApp::MotionFXDataHandler()	176	static
WobbleBoardApp.cpp:373:6:void WobbleBoardApp::DWTInit()	16	static
WobbleBoardApp.cpp:380:6:void WobbleBoardApp::DWTStart()	16	static
WobbleBoardApp.cpp:391:10:uint32_t WobbleBoardApp::DWTStop()	24	static
WobbleBoardApp.cpp:404:6:void WobbleBoardApp::InitStreamingHeader(TMsg*)	16	static
WobbleBoardApp.cpp:417:6:void WobbleBoardApp::BuildReplyHeader(TMsg*)	16	static
WobbleBoardApp.cpp:429:5:int WobbleBoardApp::HandleCMD(TMsg*)	24	static
WobbleBoardApp.cpp:503:6:void WobbleBoardApp::StartDataStreaming()	16	static
WobbleBoardApp.cpp:518:6:void WobbleBoardApp::StopDataStreaming()	16	static
WobbleBoardApp.cpp:534:6:void WobbleBoardApp::Enable6AxisMotionFusion()	16	static
WobbleBoardApp.cpp:540:6:void WobbleBoardApp::Enable9AxisMotionFusion()	16	static
WobbleBoardApp.cpp:546:6:void WobbleBoardApp::DataStreamTimerConfig(uint32_t)	32	static
WobbleBoardApp.cpp:563:6:void WobbleBoardApp::ToggleUserCalibrationMode()	16	static
WobbleBoardApp.cpp:577:6:void WobbleBoardApp::EnterUserCalibrationMode()	64	dynamic
WobbleBoardApp.cpp:601:6:void WobbleBoardApp::CalculateDeadZone()	16	static
WobbleBoardApp.cpp:606:6:void WobbleBoardApp::ExitUserCalibrationMode()	64	dynamic
