WobbleBoardApp.cpp:48:1:WobbleBoardApp::WobbleBoardApp()	16	static
WobbleBoardApp.cpp:54:6:void WobbleBoardApp::Init()	40	static
WobbleBoardApp.cpp:103:6:void WobbleBoardApp::InitInertialSensors()	16	static
WobbleBoardApp.cpp:113:6:void WobbleBoardApp::Process()	536	static
WobbleBoardApp.cpp:205:6:void WobbleBoardApp::AccelerometerSensorHandler()	24	static
WobbleBoardApp.cpp:218:6:void WobbleBoardApp::GyroSensorHandler()	24	static
WobbleBoardApp.cpp:231:6:void WobbleBoardApp::MagnetometerSensorHandler()	64	static
WobbleBoardApp.cpp:279:6:void WobbleBoardApp::MotionFXDataHandler()	176	static
WobbleBoardApp.cpp:350:6:void WobbleBoardApp::DWTInit()	16	static
WobbleBoardApp.cpp:357:6:void WobbleBoardApp::DWTStart()	16	static
WobbleBoardApp.cpp:368:10:uint32_t WobbleBoardApp::DWTStop()	24	static
WobbleBoardApp.cpp:381:6:void WobbleBoardApp::InitStreamingHeader(TMsg*)	16	static
WobbleBoardApp.cpp:394:6:void WobbleBoardApp::BuildReplyHeader(TMsg*)	16	static
WobbleBoardApp.cpp:406:5:int WobbleBoardApp::HandleCMD(TMsg*)	24	static
WobbleBoardApp.cpp:480:6:void WobbleBoardApp::StartDataStreaming()	16	static
WobbleBoardApp.cpp:495:6:void WobbleBoardApp::StopDataStreaming()	16	static
WobbleBoardApp.cpp:511:6:void WobbleBoardApp::Enable6AxisMotionFusion()	16	static
WobbleBoardApp.cpp:517:6:void WobbleBoardApp::Enable9AxisMotionFusion()	16	static
WobbleBoardApp.cpp:523:6:void WobbleBoardApp::DataStreamTimerConfig(uint32_t)	32	static
WobbleBoardApp.cpp:540:6:void WobbleBoardApp::ToggleUserCalibrationMode()	16	static
WobbleBoardApp.cpp:554:6:void WobbleBoardApp::EnterUserCalibrationMode()	16	static
WobbleBoardApp.cpp:569:6:void WobbleBoardApp::CalculateDeadZone()	16	static
WobbleBoardApp.cpp:574:6:void WobbleBoardApp::ExitUserCalibrationMode()	16	static
