stm32l4xx_nucleo.c:95:9:BSP_GetVersion	4	static
stm32l4xx_nucleo.c:107:9:BSP_LED_Init	16	static
stm32l4xx_nucleo.c:122:9:BSP_LED_DeInit	40	static
stm32l4xx_nucleo.c:145:9:BSP_LED_On	16	static
stm32l4xx_nucleo.c:162:9:BSP_LED_Off	16	static
stm32l4xx_nucleo.c:179:9:BSP_LED_Toggle	16	static
stm32l4xx_nucleo.c:196:9:BSP_LED_GetState	16	static
stm32l4xx_nucleo.c:204:13:LED_USER_GPIO_Init	40	static
stm32l4xx_nucleo.c:238:9:BSP_PB_Init	24	static
stm32l4xx_nucleo.c:278:9:BSP_PB_DeInit	40	static
stm32l4xx_nucleo.c:296:9:BSP_PB_GetState	16	static
stm32l4xx_nucleo.c:305:6:BSP_PB_IRQHandler	16	static
stm32l4xx_nucleo.c:315:13:BSP_PB_Callback	16	static
stm32l4xx_nucleo.c:328:13:BUTTON_USER_EXTI_Callback	8	static
stm32l4xx_nucleo.c:337:13:BUTTON_USER_GPIO_Init	40	static
stm32l4xx_nucleo.c:364:9:BSP_COM_Init	24	static
stm32l4xx_nucleo.c:403:9:BSP_COM_DeInit	24	static
stm32l4xx_nucleo.c:440:26:MX_USART2_UART_Init	24	static
stm32l4xx_nucleo.c:544:9:BSP_COM_SelectLogPort	16	static
stm32l4xx_nucleo.c:575:6:__io_putchar	16	static
stm32l4xx_nucleo.c:589:13:USART2_MspInit	48	static
stm32l4xx_nucleo.c:637:13:USART2_MspDeInit	16	static
