app_mems.c:98:6:MX_MEMS_Init	8	static
app_mems.c:120:6:MX_MEMS_Process	8	static
app_mems.c:140:6:HAL_TIM_PeriodElapsedCallback	16	static
app_mems.c:153:13:MX_DataLogFusion_Init	32	static
app_mems.c:219:13:MX_DataLogFusion_Process	8	static
app_mems.c:303:13:Init_Sensors	8	static
app_mems.c:321:13:RTC_Handler	56	static
app_mems.c:362:13:FX_Data_Handler	128	static
app_mems.c:417:6:BSP_PB_Callback	16	static
app_mems.c:427:13:Accelero_Sensor_Handler	16	static
app_mems.c:453:13:Gyro_Sensor_Handler	16	static
app_mems.c:479:13:Magneto_Sensor_Handler	56	static
app_mems.c:540:13:Pressure_Sensor_Handler	16	static
app_mems.c:562:13:Temperature_Sensor_Handler	16	static
app_mems.c:584:13:Humidity_Sensor_Handler	16	static
app_mems.c:606:13:TIM_Config	32	static
app_mems.c:628:13:DWT_Init	4	static
app_mems.c:640:13:DWT_Start	4	static
app_mems.c:651:17:DWT_Stop	16	static
