iks01a2_mems_control_ex.c:27:6:BSP_SENSOR_ACC_GetOrientation	16	static
iks01a2_mems_control_ex.c:39:6:BSP_SENSOR_GYR_GetOrientation	16	static
iks01a2_mems_control_ex.c:51:6:BSP_SENSOR_MAG_GetOrientation	16	static
iks01a2_mems_control_ex.c:64:6:BSP_SENSOR_ACC_Read_Register	16	static
iks01a2_mems_control_ex.c:75:6:BSP_SENSOR_GYR_Read_Register	16	static
iks01a2_mems_control_ex.c:86:6:BSP_SENSOR_MAG_Read_Register	16	static
iks01a2_mems_control_ex.c:97:6:BSP_SENSOR_PRESS_Read_Register	16	static
iks01a2_mems_control_ex.c:108:6:BSP_SENSOR_TEMP_Read_Register	16	static
iks01a2_mems_control_ex.c:119:6:BSP_SENSOR_HUM_Read_Register	16	static
iks01a2_mems_control_ex.c:130:6:BSP_SENSOR_ACC_Write_Register	16	static
iks01a2_mems_control_ex.c:141:6:BSP_SENSOR_GYR_Write_Register	16	static
iks01a2_mems_control_ex.c:152:6:BSP_SENSOR_PRESS_Write_Register	16	static
iks01a2_mems_control_ex.c:163:6:BSP_SENSOR_TEMP_Write_Register	16	static
iks01a2_mems_control_ex.c:174:6:BSP_SENSOR_HUM_Write_Register	16	static
iks01a2_mems_control_ex.c:185:6:BSP_SENSOR_MAG_Write_Register	16	static
iks01a2_mems_control_ex.c:195:6:BSP_SENSOR_ACC_SetDRDYMode	16	static
iks01a2_mems_control_ex.c:212:6:BSP_SENSOR_GYR_SetDRDYMode	16	static
iks01a2_mems_control_ex.c:229:6:BSP_SENSOR_ACC_SetDRDYInt	24	static
iks01a2_mems_control_ex.c:252:6:BSP_SENSOR_GYR_SetDRDYInt	24	static
iks01a2_mems_control_ex.c:275:6:BSP_SENSOR_ACC_GetDRDYStatus	16	static
iks01a2_mems_control_ex.c:285:6:BSP_ACC_GYR_Read_FSM_Data	16	static
iks01a2_mems_control_ex.c:295:6:BSP_ACC_GYR_Read_MLC_Data	16	static
