app_mems.c:93:6:MX_MEMS_Init	8	static
app_mems.c:115:6:MX_MEMS_Process	8	static
app_mems.c:135:6:HAL_TIM_PeriodElapsedCallback	16	static
app_mems.c:148:13:MX_DataLogFusion_Init	32	static
app_mems.c:198:13:MX_DataLogFusion_Process	8	static
app_mems.c:280:13:Init_Sensors	8	static
app_mems.c:295:13:RTC_Handler	56	static
app_mems.c:336:13:FX_Data_Handler	128	static
app_mems.c:389:6:BSP_PB_Callback	16	static
app_mems.c:399:13:Accelero_Sensor_Handler	16	static
app_mems.c:425:13:Gyro_Sensor_Handler	16	static
app_mems.c:451:13:Magneto_Sensor_Handler	56	static
app_mems.c:512:13:TIM_Config	32	static
app_mems.c:534:13:DWT_Init	4	static
app_mems.c:546:13:DWT_Start	4	static
app_mems.c:557:17:DWT_Stop	16	static
