iot02a_mems_control.c:9:6:BSP_SENSOR_ACC_Init	8	static
iot02a_mems_control.c:20:6:BSP_SENSOR_GYR_Init	8	static
iot02a_mems_control.c:30:6:BSP_SENSOR_MAG_Init	8	static
iot02a_mems_control.c:40:6:BSP_SENSOR_ACC_Enable	8	static
iot02a_mems_control.c:50:6:BSP_SENSOR_GYR_Enable	8	static
iot02a_mems_control.c:60:6:BSP_SENSOR_MAG_Enable	8	static
iot02a_mems_control.c:70:6:BSP_SENSOR_ACC_Disable	8	static
iot02a_mems_control.c:80:6:BSP_SENSOR_GYR_Disable	8	static
iot02a_mems_control.c:90:6:BSP_SENSOR_MAG_Disable	8	static
iot02a_mems_control.c:100:6:BSP_SENSOR_ACC_GetAxes	16	static
iot02a_mems_control.c:110:6:BSP_SENSOR_GYR_GetAxes	16	static
iot02a_mems_control.c:120:6:BSP_SENSOR_MAG_GetAxes	16	static
iot02a_mems_control.c:130:6:BSP_SENSOR_ACC_SetOutputDataRate	16	static
iot02a_mems_control.c:140:6:BSP_SENSOR_GYR_SetOutputDataRate	16	static
iot02a_mems_control.c:150:6:BSP_SENSOR_MAG_SetOutputDataRate	16	static
iot02a_mems_control.c:160:6:BSP_SENSOR_ACC_GetOutputDataRate	16	static
iot02a_mems_control.c:170:6:BSP_SENSOR_GYR_GetOutputDataRate	16	static
iot02a_mems_control.c:180:6:BSP_SENSOR_MAG_GetOutputDataRate	16	static
iot02a_mems_control.c:190:6:BSP_SENSOR_ACC_SetFullScale	16	static
iot02a_mems_control.c:200:6:BSP_SENSOR_GYR_SetFullScale	16	static
iot02a_mems_control.c:210:6:BSP_SENSOR_MAG_SetFullScale	16	static
iot02a_mems_control.c:220:6:BSP_SENSOR_ACC_GetFullScale	16	static
iot02a_mems_control.c:230:6:BSP_SENSOR_GYR_GetFullScale	16	static
iot02a_mems_control.c:240:6:BSP_SENSOR_MAG_GetFullScale	16	static
iot02a_mems_control.c:250:6:BSP_SENSOR_ACC_GetOrientation	16	static
iot02a_mems_control.c:262:6:BSP_SENSOR_GYR_GetOrientation	16	static
iot02a_mems_control.c:274:6:BSP_SENSOR_MAG_GetOrientation	16	static
iot02a_mems_control.c:288:6:BSP_ACC_GYR_Read_FSM_Data	16	static
iot02a_mems_control.c:298:6:BSP_ACC_GYR_Read_MLC_Data	16	static
