Archive member included to satisfy reference by file (symbol)

../../Middlewares/ST/STM32_MotionFX_Library/Lib\MotionFX_CM4F_wc32_ot_hard.a(motion_fx.o)
                              ./Application/User/motion_fx_manager.o (MotionFX_GetStateSize)
c:/st/stm32cubeide_1.8.0/stm32cubeide/plugins/com.st.stm32cube.ide.mcu.externaltools.gnu-tools-for-stm32.9-2020-q2-update.win32_2.0.0.202105311346/tools/bin/../lib/gcc/arm-none-eabi/9.3.1/../../../../arm-none-eabi/lib/thumb/v7e-m+fp/hard\libc_nano.a(lib_a-errno.o)
                              ./Application/User/syscalls.o (__errno)
c:/st/stm32cubeide_1.8.0/stm32cubeide/plugins/com.st.stm32cube.ide.mcu.externaltools.gnu-tools-for-stm32.9-2020-q2-update.win32_2.0.0.202105311346/tools/bin/../lib/gcc/arm-none-eabi/9.3.1/../../../../arm-none-eabi/lib/thumb/v7e-m+fp/hard\libc_nano.a(lib_a-exit.o)
                              c:/st/stm32cubeide_1.8.0/stm32cubeide/plugins/com.st.stm32cube.ide.mcu.externaltools.gnu-tools-for-stm32.9-2020-q2-update.win32_2.0.0.202105311346/tools/bin/../lib/gcc/arm-none-eabi/9.3.1/../../../../arm-none-eabi/lib/thumb/v7e-m+fp/hard/crt0.o (exit)
c:/st/stm32cubeide_1.8.0/stm32cubeide/plugins/com.st.stm32cube.ide.mcu.externaltools.gnu-tools-for-stm32.9-2020-q2-update.win32_2.0.0.202105311346/tools/bin/../lib/gcc/arm-none-eabi/9.3.1/../../../../arm-none-eabi/lib/thumb/v7e-m+fp/hard\libc_nano.a(lib_a-impure.o)
                              c:/st/stm32cubeide_1.8.0/stm32cubeide/plugins/com.st.stm32cube.ide.mcu.externaltools.gnu-tools-for-stm32.9-2020-q2-update.win32_2.0.0.202105311346/tools/bin/../lib/gcc/arm-none-eabi/9.3.1/../../../../arm-none-eabi/lib/thumb/v7e-m+fp/hard\libc_nano.a(lib_a-exit.o) (_global_impure_ptr)
c:/st/stm32cubeide_1.8.0/stm32cubeide/plugins/com.st.stm32cube.ide.mcu.externaltools.gnu-tools-for-stm32.9-2020-q2-update.win32_2.0.0.202105311346/tools/bin/../lib/gcc/arm-none-eabi/9.3.1/../../../../arm-none-eabi/lib/thumb/v7e-m+fp/hard\libc_nano.a(lib_a-init.o)
                              c:/st/stm32cubeide_1.8.0/stm32cubeide/plugins/com.st.stm32cube.ide.mcu.externaltools.gnu-tools-for-stm32.9-2020-q2-update.win32_2.0.0.202105311346/tools/bin/../lib/gcc/arm-none-eabi/9.3.1/../../../../arm-none-eabi/lib/thumb/v7e-m+fp/hard/crt0.o (__libc_init_array)
c:/st/stm32cubeide_1.8.0/stm32cubeide/plugins/com.st.stm32cube.ide.mcu.externaltools.gnu-tools-for-stm32.9-2020-q2-update.win32_2.0.0.202105311346/tools/bin/../lib/gcc/arm-none-eabi/9.3.1/../../../../arm-none-eabi/lib/thumb/v7e-m+fp/hard\libc_nano.a(lib_a-memcpy-stub.o)
                              ./Application/User/app_mems.o (memcpy)
c:/st/stm32cubeide_1.8.0/stm32cubeide/plugins/com.st.stm32cube.ide.mcu.externaltools.gnu-tools-for-stm32.9-2020-q2-update.win32_2.0.0.202105311346/tools/bin/../lib/gcc/arm-none-eabi/9.3.1/../../../../arm-none-eabi/lib/thumb/v7e-m+fp/hard\libc_nano.a(lib_a-memset.o)
                              c:/st/stm32cubeide_1.8.0/stm32cubeide/plugins/com.st.stm32cube.ide.mcu.externaltools.gnu-tools-for-stm32.9-2020-q2-update.win32_2.0.0.202105311346/tools/bin/../lib/gcc/arm-none-eabi/9.3.1/../../../../arm-none-eabi/lib/thumb/v7e-m+fp/hard/crt0.o (memset)
c:/st/stm32cubeide_1.8.0/stm32cubeide/plugins/com.st.stm32cube.ide.mcu.externaltools.gnu-tools-for-stm32.9-2020-q2-update.win32_2.0.0.202105311346/tools/bin/../lib/gcc/arm-none-eabi/9.3.1/../../../../arm-none-eabi/lib/thumb/v7e-m+fp/hard\libc_nano.a(lib_a-snprintf.o)
                              ./Application/User/demo_serial.o (snprintf)
c:/st/stm32cubeide_1.8.0/stm32cubeide/plugins/com.st.stm32cube.ide.mcu.externaltools.gnu-tools-for-stm32.9-2020-q2-update.win32_2.0.0.202105311346/tools/bin/../lib/gcc/arm-none-eabi/9.3.1/../../../../arm-none-eabi/lib/thumb/v7e-m+fp/hard\libc_nano.a(lib_a-nano-svfprintf.o)
                              c:/st/stm32cubeide_1.8.0/stm32cubeide/plugins/com.st.stm32cube.ide.mcu.externaltools.gnu-tools-for-stm32.9-2020-q2-update.win32_2.0.0.202105311346/tools/bin/../lib/gcc/arm-none-eabi/9.3.1/../../../../arm-none-eabi/lib/thumb/v7e-m+fp/hard\libc_nano.a(lib_a-snprintf.o) (_svfprintf_r)
c:/st/stm32cubeide_1.8.0/stm32cubeide/plugins/com.st.stm32cube.ide.mcu.externaltools.gnu-tools-for-stm32.9-2020-q2-update.win32_2.0.0.202105311346/tools/bin/../lib/gcc/arm-none-eabi/9.3.1/../../../../arm-none-eabi/lib/thumb/v7e-m+fp/hard\libc_nano.a(lib_a-nano-vfprintf_i.o)
                              c:/st/stm32cubeide_1.8.0/stm32cubeide/plugins/com.st.stm32cube.ide.mcu.externaltools.gnu-tools-for-stm32.9-2020-q2-update.win32_2.0.0.202105311346/tools/bin/../lib/gcc/arm-none-eabi/9.3.1/../../../../arm-none-eabi/lib/thumb/v7e-m+fp/hard\libc_nano.a(lib_a-nano-svfprintf.o) (_printf_i)
c:/st/stm32cubeide_1.8.0/stm32cubeide/plugins/com.st.stm32cube.ide.mcu.externaltools.gnu-tools-for-stm32.9-2020-q2-update.win32_2.0.0.202105311346/tools/bin/../lib/gcc/arm-none-eabi/9.3.1/../../../../arm-none-eabi/lib/thumb/v7e-m+fp/hard\libc_nano.a(lib_a-memchr.o)
[...]
Memory Configuration

Name             Origin             Length             Attributes
RAM              0x0000000020000000 0x0000000000018000 xrw
RAM2             0x0000000010000000 0x0000000000008000 xrw
FLASH            0x0000000008000000 0x0000000000100000 xr
*default*        0x0000000000000000 0xffffffffffffffff

Linker script and memory map

LOAD c:/st/stm32cubeide_1.8.0/stm32cubeide/plugins/com.st.stm32cube.ide.mcu.externaltools.gnu-tools-for-stm32.9-2020-q2-update.win32_2.0.0.202105311346/tools/bin/../lib/gcc/arm-none-eabi/9.3.1/thumb/v7e-m+fp/hard/crti.o
LOAD c:/st/stm32cubeide_1.8.0/stm32cubeide/plugins/com.st.stm32cube.ide.mcu.externaltools.gnu-tools-for-stm32.9-2020-q2-update.win32_2.0.0.202105311346/tools/bin/../lib/gcc/arm-none-eabi/9.3.1/thumb/v7e-m+fp/hard/crtbegin.o
LOAD c:/st/stm32cubeide_1.8.0/stm32cubeide/plugins/com.st.stm32cube.ide.mcu.externaltools.gnu-tools-for-stm32.9-2020-q2-update.win32_2.0.0.202105311346/tools/bin/../lib/gcc/arm-none-eabi/9.3.1/../../../../arm-none-eabi/lib/thumb/v7e-m+fp/hard/crt0.o
LOAD ./Application/Startup/startup_stm32l476rgtx.o
LOAD ./Application/User/app_mems.o
LOAD ./Application/User/com.o
LOAD ./Application/User/demo_serial.o
LOAD ./Application/User/iks01a2_mems_control.o
LOAD ./Application/User/iks01a2_mems_control_ex.o
LOAD ./Application/User/main.o
LOAD ./Application/User/motion_fx_manager.o
LOAD ./Application/User/serial_protocol.o
LOAD ./Application/User/stm32l4xx_hal_msp.o
LOAD ./Application/User/stm32l4xx_it.o
LOAD ./Application/User/stm32l4xx_nucleo_bus.o
LOAD ./Application/User/syscalls.o
LOAD ./Application/User/sysmem.o
LOAD ./Drivers/BSP/Components/hts221.o
LOAD ./Drivers/BSP/Components/hts221_reg.o
LOAD ./Drivers/BSP/Components/lps22hb.o
LOAD ./Drivers/BSP/Components/lps22hb_reg.o
LOAD ./Drivers/BSP/Components/lsm303agr.o
LOAD ./Drivers/BSP/Components/lsm303agr_reg.o
LOAD ./Drivers/BSP/Components/lsm6dsl.o
LOAD ./Drivers/BSP/Components/lsm6dsl_reg.o
LOAD ./Drivers/BSP/IKS01A2/iks01a2_env_sensors.o
LOAD ./Drivers/BSP/IKS01A2/iks01a2_env_sensors_ex.o
LOAD ./Drivers/BSP/IKS01A2/iks01a2_motion_sensors.o
LOAD ./Drivers/BSP/IKS01A2/iks01a2_motion_sensors_ex.o
LOAD ./Drivers/BSP/STM32L4xx_Nucleo/stm32l4xx_nucleo.o
LOAD ./Drivers/CMSIS/system_stm32l4xx.o
LOAD ./Drivers/STM32L4xx_HAL_Driver/stm32l4xx_hal.o
LOAD ./Drivers/STM32L4xx_HAL_Driver/stm32l4xx_hal_cortex.o
LOAD ./Drivers/STM32L4xx_HAL_Driver/stm32l4xx_hal_crc.o
LOAD ./Drivers/STM32L4xx_HAL_Driver/stm32l4xx_hal_crc_ex.o
LOAD ./Drivers/STM32L4xx_HAL_Driver/stm32l4xx_hal_dma.o
LOAD ./Drivers/STM32L4xx_HAL_Driver/stm32l4xx_hal_dma_ex.o
LOAD ./Drivers/STM32L4xx_HAL_Driver/stm32l4xx_hal_exti.o
LOAD ./Drivers/STM32L4xx_HAL_Driver/stm32l4xx_hal_flash.o
LOAD ./Drivers/STM32L4xx_HAL_Driver/stm32l4xx_hal_flash_ex.o
LOAD ./Drivers/STM32L4xx_HAL_Driver/stm32l4xx_hal_flash_ramfunc.o
LOAD ./Drivers/STM32L4xx_HAL_Driver/stm32l4xx_hal_gpio.o
LOAD ./Drivers/STM32L4xx_HAL_Driver/stm32l4xx_hal_i2c.o
LOAD ./Drivers/STM32L4xx_HAL_Driver/stm32l4xx_hal_i2c_ex.o
LOAD ./Drivers/STM32L4xx_HAL_Driver/stm32l4xx_hal_pwr.o
LOAD ./Drivers/STM32L4xx_HAL_Driver/stm32l4xx_hal_pwr_ex.o
LOAD ./Drivers/STM32L4xx_HAL_Driver/stm32l4xx_hal_rcc.o
LOAD ./Drivers/STM32L4xx_HAL_Driver/stm32l4xx_hal_rcc_ex.o
LOAD ./Drivers/STM32L4xx_HAL_Driver/stm32l4xx_hal_rtc.o
LOAD ./Drivers/STM32L4xx_HAL_Driver/stm32l4xx_hal_rtc_ex.o
LOAD ./Drivers/STM32L4xx_HAL_Driver/stm32l4xx_hal_tim.o
LOAD ./Drivers/STM32L4xx_HAL_Driver/stm32l4xx_hal_tim_ex.o
LOAD ./Drivers/STM32L4xx_HAL_Driver/stm32l4xx_hal_uart.o
LOAD ./Drivers/STM32L4xx_HAL_Driver/stm32l4xx_hal_uart_ex.o
LOAD ../../Middlewares/ST/STM32_MotionFX_Library/Lib\MotionFX_CM4F_wc32_ot_hard.a
START GROUP
LOAD c:/st/stm32cubeide_1.8.0/stm32cubeide/plugins/com.st.stm32cube.ide.mcu.externaltools.gnu-tools-for-stm32.9-2020-q2-update.win32_2.0.0.202105311346/tools/bin/../lib/gcc/arm-none-eabi/9.3.1/../../../../arm-none-eabi/lib/thumb/v7e-m+fp/hard\libc_nano.a
LOAD c:/st/stm32cubeide_1.8.0/stm32cubeide/plugins/com.st.stm32cube.ide.mcu.externaltools.gnu-tools-for-stm32.9-2020-q2-update.win32_2.0.0.202105311346/tools/bin/../lib/gcc/arm-none-eabi/9.3.1/../../../../arm-none-eabi/lib/thumb/v7e-m+fp/hard\libm.a
END GROUP
START GROUP
LOAD c:/st/stm32cubeide_1.8.0/stm32cubeide/plugins/com.st.stm32cube.ide.mcu.externaltools.gnu-tools-for-stm32.9-2020-q2-update.win32_2.0.0.202105311346/tools/bin/../lib/gcc/arm-none-eabi/9.3.1/thumb/v7e-m+fp/hard\libgcc.a
LOAD c:/st/stm32cubeide_1.8.0/stm32cubeide/plugins/com.st.stm32cube.ide.mcu.externaltools.gnu-tools-for-stm32.9-2020-q2-update.win32_2.0.0.202105311346/tools/bin/../lib/gcc/arm-none-eabi/9.3.1/../../../../arm-none-eabi/lib/thumb/v7e-m+fp/hard\libc_nano.a
END GROUP
START GROUP
LOAD c:/st/stm32cubeide_1.8.0/stm32cubeide/plugins/com.st.stm32cube.ide.mcu.externaltools.gnu-tools-for-stm32.9-2020-q2-update.win32_2.0.0.202105311346/tools/bin/../lib/gcc/arm-none-eabi/9.3.1/thumb/v7e-m+fp/hard\libgcc.a
LOAD c:/st/stm32cubeide_1.8.0/stm32cubeide/plugins/com.st.stm32cube.ide.mcu.externaltools.gnu-tools-for-stm32.9-2020-q2-update.win32_2.0.0.202105311346/tools/bin/../lib/gcc/arm-none-eabi/9.3.1/../../../../arm-none-eabi/lib/thumb/v7e-m+fp/hard\libc_nano.a
LOAD c:/st/stm32cubeide_1.8.0/stm32cubeide/plugins/com.st.stm32cube.ide.mcu.externaltools.gnu-tools-for-stm32.9-2020-q2-update.win32_2.0.0.202105311346/tools/bin/../lib/gcc/arm-none-eabi/9.3.1/../../../../arm-none-eabi/lib/thumb/v7e-m+fp/hard\libnosys.a
END GROUP
START GROUP
LOAD c:/st/stm32cubeide_1.8.0/stm32cubeide/plugins/com.st.stm32cube.ide.mcu.externaltools.gnu-tools-for-stm32.9-2020-q2-update.win32_2.0.0.202105311346/tools/bin/../lib/gcc/arm-none-eabi/9.3.1/thumb/v7e-m+fp/hard\libgcc.a
LOAD c:/st/stm32cubeide_1.8.0/stm32cubeide/plugins/com.st.stm32cube.ide.mcu.externaltools.gnu-tools-for-stm32.9-2020-q2-update.win32_2.0.0.202105311346/tools/bin/../lib/gcc/arm-none-eabi/9.3.1/../../../../arm-none-eabi/lib/thumb/v7e-m+fp/hard\libc_nano.a
LOAD c:/st/stm32cubeide_1.8.0/stm32cubeide/plugins/com.st.stm32cube.ide.mcu.externaltools.gnu-tools-for-stm32.9-2020-q2-update.win32_2.0.0.202105311346/tools/bin/../lib/gcc/arm-none-eabi/9.3.1/../../../../arm-none-eabi/lib/thumb/v7e-m+fp/hard\libnosys.a
END GROUP
LOAD c:/st/stm32cubeide_1.8.0/stm32cubeide/plugins/com.st.stm32cube.ide.mcu.externaltools.gnu-tools-for-stm32.9-2020-q2-update.win32_2.0.0.202105311346/tools/bin/../lib/gcc/arm-none-eabi/9.3.1/thumb/v7e-m+fp/hard/crtend.o
LOAD c:/st/stm32cubeide_1.8.0/stm32cubeide/plugins/com.st.stm32cube.ide.mcu.externaltools.gnu-tools-for-stm32.9-2020-q2-update.win32_2.0.0.202105311346/tools/bin/../lib/gcc/arm-none-eabi/9.3.1/thumb/v7e-m+fp/hard/crtn.o
                0x0000000020018000                _estack = (ORIGIN (RAM) + LENGTH (RAM))
                0x0000000000000200                _Min_Heap_Size = 0x200
                0x0000000000008000                _Min_Stack_Size = 0x8000

.isr_vector     0x0000000008000000      0x188
                0x0000000008000000                . = ALIGN (0x4)
 *(.isr_vector)
 .isr_vector    0x0000000008000000      0x188 ./Application/Startup/startup_stm32l476rgtx.o
                0x0000000008000000                g_pfnVectors
                0x0000000008000188                . = ALIGN (0x4)

.text           0x0000000008000190    0x1aa48
                0x0000000008000190                . = ALIGN (0x4)
 *(.text)
 .text          0x0000000008000190       0x40 c:/st/stm32cubeide_1.8.0/stm32cubeide/plugins/com.st.stm32cube.ide.mcu.externaltools.gnu-tools-for-stm32.9-2020-q2-update.win32_2.0.0.202105311346/tools/bin/../lib/gcc/arm-none-eabi/9.3.1/thumb/v7e-m+fp/hard/crtbegin.o
 .text          0x00000000080001d0       0xa0 c:/st/stm32cubeide_1.8.0/stm32cubeide/plugins/com.st.stm32cube.ide.mcu.externaltools.gnu-tools-for-stm32.9-2020-q2-update.win32_2.0.0.202105311346/tools/bin/../lib/gcc/arm-none-eabi/9.3.1/../../../../arm-none-eabi/lib/thumb/v7e-m+fp/hard\libc_nano.a(lib_a-memchr.o)
                0x00000000080001d0                memchr
 .text          0x0000000008000270      0x378 c:/st/stm32cubeide_1.8.0/stm32cubeide/plugins/com.st.stm32cube.ide.mcu.externaltools.gnu-tools-for-stm32.9-2020-q2-update.win32_2.0.0.202105311346/tools/bin/../lib/gcc/arm-none-eabi/9.3.1/thumb/v7e-m+fp/hard\libgcc.a(_arm_addsubdf3.o)
                0x0000000008000270                __aeabi_drsub
                0x0000000008000278                __aeabi_dsub
                0x0000000008000278                __subdf3
                0x000000000800027c                __aeabi_dadd
                0x000000000800027c                __adddf3
                0x00000000080004f4                __floatunsidf
                0x00000000080004f4                __aeabi_ui2d
                0x0000000008000514                __floatsidf
                0x0000000008000514                __aeabi_i2d
                0x0000000008000538                __aeabi_f2d
                0x0000000008000538                __extendsfdf2
                0x000000000800057c                __floatundidf
                0x000000000800057c                __aeabi_ul2d
                0x000000000800058c                __floatdidf
                0x000000000800058c                __aeabi_l2d
 .text          0x00000000080005e8      0x424 c:/st/stm32cubeide_1.8.0/stm32cubeide/plugins/com.st.stm32cube.ide.mcu.externaltools.gnu-tools-for-stm32.9-2020-q2-update.win32_2.0.0.202105311346/tools/bin/../lib/gcc/arm-none-eabi/9.3.1/thumb/v7e-m+fp/hard\libgcc.a(_arm_muldivdf3.o)
                0x00000000080005e8                __aeabi_dmul
                0x00000000080005e8                __muldf3
                0x000000000800083c                __divdf3
                0x000000000800083c                __aeabi_ddiv
 .text          0x0000000008000a0c      0x110 c:/st/stm32cubeide_1.8.0/stm32cubeide/plugins/com.st.stm32cube.ide.mcu.externaltools.gnu-tools-for-stm32.9-2020-q2-update.win32_2.0.0.202105311346/tools/bin/../lib/gcc/arm-none-eabi/9.3.1/thumb/v7e-m+fp/hard\libgcc.a(_arm_cmpdf2.o)
                0x0000000008000a0c                __gtdf2
                0x0000000008000a0c                __gedf2
                0x0000000008000a14                __ltdf2
                0x0000000008000a14                __ledf2
                0x0000000008000a1c                __nedf2
                0x0000000008000a1c                __eqdf2
                0x0000000008000a1c                __cmpdf2
                0x0000000008000a98                __aeabi_cdrcmple
                0x0000000008000aa8                __aeabi_cdcmpeq
                0x0000000008000aa8                __aeabi_cdcmple
                0x0000000008000ab8                __aeabi_dcmpeq
                0x0000000008000acc                __aeabi_dcmplt
                0x0000000008000ae0                __aeabi_dcmple
                0x0000000008000af4                __aeabi_dcmpge
                0x0000000008000b08                __aeabi_dcmpgt
 .text          0x0000000008000b1c       0x2c c:/st/stm32cubeide_1.8.0/stm32cubeide/plugins/com.st.stm32cube.ide.mcu.externaltools.gnu-tools-for-stm32.9-2020-q2-update.win32_2.0.0.202105311346/tools/bin/../lib/gcc/arm-none-eabi/9.3.1/thumb/v7e-m+fp/hard\libgcc.a(_arm_unorddf2.o)
                0x0000000008000b1c                __unorddf2
                0x0000000008000b1c                __aeabi_dcmpun
 .text          0x0000000008000b48       0xa0 c:/st/stm32cubeide_1.8.0/stm32cubeide/plugins/com.st.stm32cube.ide.mcu.externaltools.gnu-tools-for-stm32.9-2020-q2-update.win32_2.0.0.202105311346/tools/bin/../lib/gcc/arm-none-eabi/9.3.1/thumb/v7e-m+fp/hard\libgcc.a(_arm_truncdfsf2.o)
                0x0000000008000b48                __truncdfsf2
                0x0000000008000b48                __aeabi_d2f
 .text          0x0000000008000be8       0x30 c:/st/stm32cubeide_1.8.0/stm32cubeide/plugins/com.st.stm32cube.ide.mcu.externaltools.gnu-tools-for-stm32.9-2020-q2-update.win32_2.0.0.202105311346/tools/bin/../lib/gcc/arm-none-eabi/9.3.1/thumb/v7e-m+fp/hard\libgcc.a(_aeabi_uldivmod.o)
                0x0000000008000be8                __aeabi_uldivmod
 .text          0x0000000008000c18      0x2c4 c:/st/stm32cubeide_1.8.0/stm32cubeide/plugins/com.st.stm32cube.ide.mcu.externaltools.gnu-tools-for-stm32.9-2020-q2-update.win32_2.0.0.202105311346/tools/bin/../lib/gcc/arm-none-eabi/9.3.1/thumb/v7e-m+fp/hard\libgcc.a(_udivmoddi4.o)
                0x0000000008000c18                __udivmoddi4
 .text          0x0000000008000edc        0x4 c:/st/stm32cubeide_1.8.0/stm32cubeide/plugins/com.st.stm32cube.ide.mcu.externaltools.gnu-tools-for-stm32.9-2020-q2-update.win32_2.0.0.202105311346/tools/bin/../lib/gcc/arm-none-eabi/9.3.1/thumb/v7e-m+fp/hard\libgcc.a(_dvmd_tls.o)
                0x0000000008000edc                __aeabi_idiv0
                0x0000000008000edc                __aeabi_ldiv0
 *(.text*)
 .text.Reset_Handler
                0x0000000008000ee0       0x50 ./Application/Startup/startup_stm32l476rgtx.o
                0x0000000008000ee0                Reset_Handler
 .text.Default_Handler
                0x0000000008000f30        0x2 ./Application/Startup/startup_stm32l476rgtx.o
                0x0000000008000f30                RTC_Alarm_IRQHandler
                0x0000000008000f30                EXTI2_IRQHandler
                0x0000000008000f30                TIM8_TRG_COM_IRQHandler
                0x0000000008000f30                TIM8_CC_IRQHandler
                0x0000000008000f30                TIM1_CC_IRQHandler
                0x0000000008000f30                TSC_IRQHandler
                0x0000000008000f30                TAMP_STAMP_IRQHandler
                0x0000000008000f30                EXTI3_IRQHandler
                0x0000000008000f30                LPTIM2_IRQHandler
                0x0000000008000f30                DFSDM1_FLT1_IRQHandler
                0x0000000008000f30                I2C3_ER_IRQHandler
                0x0000000008000f30                DFSDM1_FLT2_IRQHandler
                0x0000000008000f30                EXTI0_IRQHandler
                0x0000000008000f30                I2C2_EV_IRQHandler
                0x0000000008000f30                CAN1_RX0_IRQHandler
                0x0000000008000f30                FPU_IRQHandler
                0x0000000008000f30                TIM1_UP_TIM16_IRQHandler
                0x0000000008000f30                ADC1_2_IRQHandler
                0x0000000008000f30                SPI1_IRQHandler
                0x0000000008000f30                TIM6_DAC_IRQHandler
                0x0000000008000f30                TIM8_UP_IRQHandler
                0x0000000008000f30                DMA2_Channel2_IRQHandler
                0x0000000008000f30                DMA1_Channel4_IRQHandler
                0x0000000008000f30                SAI2_IRQHandler
                0x0000000008000f30                DFSDM1_FLT3_IRQHandler
                0x0000000008000f30                USART3_IRQHandler
                0x0000000008000f30                DMA1_Channel7_IRQHandler
                0x0000000008000f30                CAN1_RX1_IRQHandler
                0x0000000008000f30                LCD_IRQHandler
                0x0000000008000f30                UART5_IRQHandler
                0x0000000008000f30                ADC3_IRQHandler
                0x0000000008000f30                TIM4_IRQHandler
                0x0000000008000f30                DMA2_Channel1_IRQHandler
                0x0000000008000f30                QUADSPI_IRQHandler
                0x0000000008000f30                I2C1_EV_IRQHandler
                0x0000000008000f30                UART4_IRQHandler
                0x0000000008000f30                DMA2_Channel4_IRQHandler
                0x0000000008000f30                RCC_IRQHandler
                0x0000000008000f30                DMA1_Channel1_IRQHandler
                0x0000000008000f30                Default_Handler
                0x0000000008000f30                DMA2_Channel7_IRQHandler
                0x0000000008000f30                TIM7_IRQHandler
                0x0000000008000f30                SDMMC1_IRQHandler
                0x0000000008000f30                TIM5_IRQHandler
                0x0000000008000f30                I2C3_EV_IRQHandler
                0x0000000008000f30                EXTI9_5_IRQHandler
                0x0000000008000f30                RTC_WKUP_IRQHandler
                0x0000000008000f30                PVD_PVM_IRQHandler
                0x0000000008000f30                SPI2_IRQHandler
                0x0000000008000f30                CAN1_TX_IRQHandler
                0x0000000008000f30                DMA2_Channel5_IRQHandler
                0x0000000008000f30                DMA1_Channel5_IRQHandler
                0x0000000008000f30                EXTI4_IRQHandler
                0x0000000008000f30                RNG_IRQHandler
                0x0000000008000f30                TIM1_TRG_COM_TIM17_IRQHandler
                0x0000000008000f30                DMA1_Channel3_IRQHandler
                0x0000000008000f30                COMP_IRQHandler
                0x0000000008000f30                WWDG_IRQHandler
                0x0000000008000f30                LPUART1_IRQHandler
                0x0000000008000f30                DMA2_Channel6_IRQHandler
                0x0000000008000f30                TIM2_IRQHandler
                0x0000000008000f30                EXTI1_IRQHandler
                0x0000000008000f30                USART2_IRQHandler
                0x0000000008000f30                DFSDM1_FLT0_IRQHandler
                0x0000000008000f30                I2C2_ER_IRQHandler
                0x0000000008000f30                DMA1_Channel2_IRQHandler
                0x0000000008000f30                TIM8_BRK_IRQHandler
                0x0000000008000f30                CAN1_SCE_IRQHandler
                0x0000000008000f30                FLASH_IRQHandler
                0x0000000008000f30                USART1_IRQHandler
                0x0000000008000f30                OTG_FS_IRQHandler
                0x0000000008000f30                SPI3_IRQHandler
                0x0000000008000f30                I2C1_ER_IRQHandler
                0x0000000008000f30                FMC_IRQHandler
                0x0000000008000f30                SWPMI1_IRQHandler
                0x0000000008000f30                LPTIM1_IRQHandler
                0x0000000008000f30                SAI1_IRQHandler
                0x0000000008000f30                DMA2_Channel3_IRQHandler
                0x0000000008000f30                TIM1_BRK_TIM15_IRQHandler
 .text.MX_MEMS_Init
                0x0000000008000f32        0xc ./Application/User/app_mems.o
                0x0000000008000f32                MX_MEMS_Init
 .text.MX_MEMS_Process
                0x0000000008000f3e        0xc ./Application/User/app_mems.o
                0x0000000008000f3e                MX_MEMS_Process
 *fill*         0x0000000008000f4a        0x2 
 .text.HAL_TIM_PeriodElapsedCallback
                0x0000000008000f4c       0x30 ./Application/User/app_mems.o
                0x0000000008000f4c                HAL_TIM_PeriodElapsedCallback
 .text.MX_DataLogFusion_Init
                0x0000000008000f7c      0x104 ./Application/User/app_mems.o
 .text.MX_DataLogFusion_Process
                0x0000000008001080      0x130 ./Application/User/app_mems.o
 .text.Init_Sensors
                0x00000000080011b0       0x34 ./Application/User/app_mems.o
 .text.RTC_Handler
                0x00000000080011e4       0xe8 ./Application/User/app_mems.o
 .text.FX_Data_Handler
                0x00000000080012cc      0x1cc ./Application/User/app_mems.o
 .text.BSP_PB_Callback
                0x0000000008001498       0x20 ./Application/User/app_mems.o
                0x0000000008001498                BSP_PB_Callback
 .text.Accelero_Sensor_Handler
                0x00000000080014b8       0xb4 ./Application/User/app_mems.o
 .text.Gyro_Sensor_Handler
                0x000000000800156c       0xb4 ./Application/User/app_mems.o
 .text.Magneto_Sensor_Handler
                0x0000000008001620      0x1d4 ./Application/User/app_mems.o
 .text.Pressure_Sensor_Handler
                0x00000000080017f4       0x60 ./Application/User/app_mems.o
 .text.Temperature_Sensor_Handler
                0x0000000008001854       0x60 ./Application/User/app_mems.o
 .text.Humidity_Sensor_Handler
                0x00000000080018b4       0x60 ./Application/User/app_mems.o
 .text.TIM_Config
                0x0000000008001914       0x68 ./Application/User/app_mems.o
 .text.DWT_Init
                0x000000000800197c       0x30 ./Application/User/app_mems.o
 .text.DWT_Start
                0x00000000080019ac       0x24 ./Application/User/app_mems.o
 .text.DWT_Stop
                0x00000000080019d0       0x50 ./Application/User/app_mems.o
 .text.UART_ReceivedMSG
                0x0000000008001a20      0x16c ./Application/User/com.o
                0x0000000008001a20                UART_ReceivedMSG
 .text.UART_SendMsg
                0x0000000008001b8c       0x38 ./Application/User/com.o
                0x0000000008001b8c                UART_SendMsg
 .text.UART_StartReceiveMsg
                0x0000000008001bc4       0x34 ./Application/User/com.o
                0x0000000008001bc4                UART_StartReceiveMsg
 .text.Get_DMA_Flag_Status
                0x0000000008001bf8      0x1e4 ./Application/User/com.o
 .text.Get_DMA_Counter
                0x0000000008001ddc       0x1a ./Application/User/com.o
 .text.BUILD_REPLY_HEADER
                0x0000000008001df6       0x2e ./Application/User/demo_serial.o
                0x0000000008001df6                BUILD_REPLY_HEADER
 .text.INIT_STREAMING_HEADER
                0x0000000008001e24       0x34 ./Application/User/demo_serial.o
                0x0000000008001e24                INIT_STREAMING_HEADER
 .text.HandleMSG
                0x0000000008001e58      0x70c ./Application/User/demo_serial.o
                0x0000000008001e58                HandleMSG
 .text.RTC_DateRegulate
                0x0000000008002564       0x54 ./Application/User/demo_serial.o
                0x0000000008002564                RTC_DateRegulate
 .text.RTC_TimeRegulate
                0x00000000080025b8       0x54 ./Application/User/demo_serial.o
                0x00000000080025b8                RTC_TimeRegulate
 .text.Get_PresentationString
                0x000000000800260c       0x78 ./Application/User/demo_serial.o
                0x000000000800260c                Get_PresentationString
 .text.BSP_SENSOR_ACC_Init
                0x0000000008002684       0x10 ./Application/User/iks01a2_mems_control.o
                0x0000000008002684                BSP_SENSOR_ACC_Init
 .text.BSP_SENSOR_GYR_Init
                0x0000000008002694       0x10 ./Application/User/iks01a2_mems_control.o
                0x0000000008002694                BSP_SENSOR_GYR_Init
 .text.BSP_SENSOR_MAG_Init
                0x00000000080026a4       0x10 ./Application/User/iks01a2_mems_control.o
                0x00000000080026a4                BSP_SENSOR_MAG_Init
 .text.BSP_SENSOR_PRESS_Init
                0x00000000080026b4       0x10 ./Application/User/iks01a2_mems_control.o
                0x00000000080026b4                BSP_SENSOR_PRESS_Init
 .text.BSP_SENSOR_TEMP_Init
                0x00000000080026c4       0x10 ./Application/User/iks01a2_mems_control.o
                0x00000000080026c4                BSP_SENSOR_TEMP_Init
 .text.BSP_SENSOR_HUM_Init
                0x00000000080026d4       0x10 ./Application/User/iks01a2_mems_control.o
                0x00000000080026d4                BSP_SENSOR_HUM_Init
 .text.BSP_SENSOR_ACC_Enable
                0x00000000080026e4       0x10 ./Application/User/iks01a2_mems_control.o
                0x00000000080026e4                BSP_SENSOR_ACC_Enable
 .text.BSP_SENSOR_GYR_Enable
                0x00000000080026f4       0x10 ./Application/User/iks01a2_mems_control.o
                0x00000000080026f4                BSP_SENSOR_GYR_Enable
 .text.BSP_SENSOR_MAG_Enable
                0x0000000008002704       0x10 ./Application/User/iks01a2_mems_control.o
                0x0000000008002704                BSP_SENSOR_MAG_Enable
 .text.BSP_SENSOR_PRESS_Enable
                0x0000000008002714       0x10 ./Application/User/iks01a2_mems_control.o
                0x0000000008002714                BSP_SENSOR_PRESS_Enable
 .text.BSP_SENSOR_TEMP_Enable
                0x0000000008002724       0x10 ./Application/User/iks01a2_mems_control.o
                0x0000000008002724                BSP_SENSOR_TEMP_Enable
 .text.BSP_SENSOR_HUM_Enable
                0x0000000008002734       0x10 ./Application/User/iks01a2_mems_control.o
                0x0000000008002734                BSP_SENSOR_HUM_Enable
 .text.BSP_SENSOR_ACC_Disable
                0x0000000008002744       0x10 ./Application/User/iks01a2_mems_control.o
                0x0000000008002744                BSP_SENSOR_ACC_Disable
 .text.BSP_SENSOR_GYR_Disable
                0x0000000008002754       0x10 ./Application/User/iks01a2_mems_control.o
                0x0000000008002754                BSP_SENSOR_GYR_Disable
 .text.BSP_SENSOR_MAG_Disable
                0x0000000008002764       0x10 ./Application/User/iks01a2_mems_control.o
                0x0000000008002764                BSP_SENSOR_MAG_Disable
 .text.BSP_SENSOR_PRESS_Disable
                0x0000000008002774       0x10 ./Application/User/iks01a2_mems_control.o
                0x0000000008002774                BSP_SENSOR_PRESS_Disable
 .text.BSP_SENSOR_TEMP_Disable
                0x0000000008002784       0x10 ./Application/User/iks01a2_mems_control.o
                0x0000000008002784                BSP_SENSOR_TEMP_Disable
 .text.BSP_SENSOR_HUM_Disable
                0x0000000008002794       0x10 ./Application/User/iks01a2_mems_control.o
                0x0000000008002794                BSP_SENSOR_HUM_Disable
 .text.BSP_SENSOR_ACC_GetAxes
                0x00000000080027a4       0x1a ./Application/User/iks01a2_mems_control.o
                0x00000000080027a4                BSP_SENSOR_ACC_GetAxes
 .text.BSP_SENSOR_GYR_GetAxes
                0x00000000080027be       0x1a ./Application/User/iks01a2_mems_control.o
                0x00000000080027be                BSP_SENSOR_GYR_GetAxes
 .text.BSP_SENSOR_MAG_GetAxes
                0x00000000080027d8       0x1a ./Application/User/iks01a2_mems_control.o
                0x00000000080027d8                BSP_SENSOR_MAG_GetAxes
 .text.BSP_SENSOR_PRESS_GetValue
                0x00000000080027f2       0x1a ./Application/User/iks01a2_mems_control.o
                0x00000000080027f2                BSP_SENSOR_PRESS_GetValue
 .text.BSP_SENSOR_TEMP_GetValue
                0x000000000800280c       0x1a ./Application/User/iks01a2_mems_control.o
                0x000000000800280c                BSP_SENSOR_TEMP_GetValue
 .text.BSP_SENSOR_HUM_GetValue
                0x0000000008002826       0x1a ./Application/User/iks01a2_mems_control.o
                0x0000000008002826                BSP_SENSOR_HUM_GetValue
 .text.BSP_SENSOR_ACC_SetOutputDataRate
                0x0000000008002840       0x1e ./Application/User/iks01a2_mems_control.o
                0x0000000008002840                BSP_SENSOR_ACC_SetOutputDataRate
 .text.BSP_SENSOR_ACC_SetFullScale
                0x000000000800285e       0x1a ./Application/User/iks01a2_mems_control.o
                0x000000000800285e                BSP_SENSOR_ACC_SetFullScale
 .text.BSP_SENSOR_ACC_GetOrientation
                0x0000000008002878       0x2a ./Application/User/iks01a2_mems_control_ex.o
                0x0000000008002878                BSP_SENSOR_ACC_GetOrientation
 .text.BSP_SENSOR_GYR_GetOrientation
                0x00000000080028a2       0x2a ./Application/User/iks01a2_mems_control_ex.o
                0x00000000080028a2                BSP_SENSOR_GYR_GetOrientation
 .text.BSP_SENSOR_MAG_GetOrientation
                0x00000000080028cc       0x2a ./Application/User/iks01a2_mems_control_ex.o
                0x00000000080028cc                BSP_SENSOR_MAG_GetOrientation
 .text.main     0x00000000080028f6       0x26 ./Application/User/main.o
                0x00000000080028f6                main
 .text.SystemClock_Config
                0x000000000800291c       0xa6 ./Application/User/main.o
                0x000000000800291c                SystemClock_Config
 *fill*         0x00000000080029c2        0x2 
 .text.MX_CRC_Init
                0x00000000080029c4       0x44 ./Application/User/main.o
 .text.MX_RTC_Init
                0x0000000008002a08       0xb8 ./Application/User/main.o
 .text.MX_TIM3_Init
                0x0000000008002ac0       0x9c ./Application/User/main.o
                0x0000000008002ac0                MX_TIM3_Init
 .text.MX_DMA_Init
                0x0000000008002b5c       0x3c ./Application/User/main.o
 .text.MX_GPIO_Init
                0x0000000008002b98       0x84 ./Application/User/main.o
 .text.Error_Handler
                0x0000000008002c1c        0xa ./Application/User/main.o
                0x0000000008002c1c                Error_Handler
 *fill*         0x0000000008002c26        0x2 
 .text.MotionFX_manager_init
                0x0000000008002c28       0xb0 ./Application/User/motion_fx_manager.o
                0x0000000008002c28                MotionFX_manager_init
 .text.MotionFX_manager_run
                0x0000000008002cd8       0x58 ./Application/User/motion_fx_manager.o
                0x0000000008002cd8                MotionFX_manager_run
 .text.MotionFX_manager_start_6X
                0x0000000008002d30       0x14 ./Application/User/motion_fx_manager.o
                0x0000000008002d30                MotionFX_manager_start_6X
 .text.MotionFX_manager_stop_6X
                0x0000000008002d44       0x14 ./Application/User/motion_fx_manager.o
                0x0000000008002d44                MotionFX_manager_stop_6X
 .text.MotionFX_manager_start_9X
                0x0000000008002d58       0x14 ./Application/User/motion_fx_manager.o
                0x0000000008002d58                MotionFX_manager_start_9X
 .text.MotionFX_manager_stop_9X
                0x0000000008002d6c       0x14 ./Application/User/motion_fx_manager.o
                0x0000000008002d6c                MotionFX_manager_stop_9X
 .text.MotionFX_manager_get_version
                0x0000000008002d80       0x20 ./Application/User/motion_fx_manager.o
                0x0000000008002d80                MotionFX_manager_get_version
 .text.MotionFX_manager_MagCal_run
                0x0000000008002da0       0x1e ./Application/User/motion_fx_manager.o
                0x0000000008002da0                MotionFX_manager_MagCal_run
 .text.MotionFX_manager_MagCal_start
                0x0000000008002dbe       0x18 ./Application/User/motion_fx_manager.o
                0x0000000008002dbe                MotionFX_manager_MagCal_start
 .text.MotionFX_manager_MagCal_stop
                0x0000000008002dd6       0x18 ./Application/User/motion_fx_manager.o
                0x0000000008002dd6                MotionFX_manager_MagCal_stop
 .text.ByteStuffCopyByte
                0x0000000008002dee       0x56 ./Application/User/serial_protocol.o
                0x0000000008002dee                ByteStuffCopyByte
 .text.ByteStuffCopy
                0x0000000008002e44       0x5c ./Application/User/serial_protocol.o
                0x0000000008002e44                ByteStuffCopy
 .text.ReverseByteStuffCopyByte2
                0x0000000008002ea0       0x4e ./Application/User/serial_protocol.o
                0x0000000008002ea0                ReverseByteStuffCopyByte2
 .text.CHK_ComputeAndAdd
                0x0000000008002eee       0x54 ./Application/User/serial_protocol.o
                0x0000000008002eee                CHK_ComputeAndAdd
 .text.CHK_CheckAndRemove
                0x0000000008002f42       0x54 ./Application/User/serial_protocol.o
                0x0000000008002f42                CHK_CheckAndRemove
 .text.Deserialize
                0x0000000008002f96       0x4c ./Application/User/serial_protocol.o
                0x0000000008002f96                Deserialize
 .text.Serialize_s32
                0x0000000008002fe2       0x48 ./Application/User/serial_protocol.o
                0x0000000008002fe2                Serialize_s32
 *fill*         0x000000000800302a        0x2 
 .text.HAL_MspInit
                0x000000000800302c       0x48 ./Application/User/stm32l4xx_hal_msp.o
                0x000000000800302c                HAL_MspInit
 .text.HAL_CRC_MspInit
                0x0000000008003074       0x40 ./Application/User/stm32l4xx_hal_msp.o
                0x0000000008003074                HAL_CRC_MspInit
 .text.HAL_RTC_MspInit
                0x00000000080030b4       0x64 ./Application/User/stm32l4xx_hal_msp.o
                0x00000000080030b4                HAL_RTC_MspInit
 .text.HAL_TIM_Base_MspInit
                0x0000000008003118       0x4c ./Application/User/stm32l4xx_hal_msp.o
                0x0000000008003118                HAL_TIM_Base_MspInit
 .text.NMI_Handler
                0x0000000008003164        0x6 ./Application/User/stm32l4xx_it.o
                0x0000000008003164                NMI_Handler
 .text.HardFault_Handler
                0x000000000800316a        0x6 ./Application/User/stm32l4xx_it.o
                0x000000000800316a                HardFault_Handler
 .text.MemManage_Handler
                0x0000000008003170        0x6 ./Application/User/stm32l4xx_it.o
                0x0000000008003170                MemManage_Handler
 .text.BusFault_Handler
                0x0000000008003176        0x6 ./Application/User/stm32l4xx_it.o
                0x0000000008003176                BusFault_Handler
 .text.UsageFault_Handler
                0x000000000800317c        0x6 ./Application/User/stm32l4xx_it.o
                0x000000000800317c                UsageFault_Handler
 .text.SVC_Handler
                0x0000000008003182        0xe ./Application/User/stm32l4xx_it.o
                0x0000000008003182                SVC_Handler
 .text.DebugMon_Handler
                0x0000000008003190        0xe ./Application/User/stm32l4xx_it.o
                0x0000000008003190                DebugMon_Handler
 .text.PendSV_Handler
                0x000000000800319e        0xe ./Application/User/stm32l4xx_it.o
                0x000000000800319e                PendSV_Handler
 .text.SysTick_Handler
                0x00000000080031ac        0xc ./Application/User/stm32l4xx_it.o
                0x00000000080031ac                SysTick_Handler
 .text.DMA1_Channel6_IRQHandler
                0x00000000080031b8       0x14 ./Application/User/stm32l4xx_it.o
                0x00000000080031b8                DMA1_Channel6_IRQHandler
 .text.TIM3_IRQHandler
                0x00000000080031cc       0x14 ./Application/User/stm32l4xx_it.o
                0x00000000080031cc                TIM3_IRQHandler
 .text.EXTI15_10_IRQHandler
                0x00000000080031e0       0x14 ./Application/User/stm32l4xx_it.o
                0x00000000080031e0                EXTI15_10_IRQHandler
 .text.BSP_I2C1_Init
                0x00000000080031f4       0x7c ./Application/User/stm32l4xx_nucleo_bus.o
                0x00000000080031f4                BSP_I2C1_Init
 .text.BSP_I2C1_DeInit
                0x0000000008003270       0x50 ./Application/User/stm32l4xx_nucleo_bus.o
                0x0000000008003270                BSP_I2C1_DeInit
 .text.BSP_I2C1_WriteReg
                0x00000000080032c0       0x64 ./Application/User/stm32l4xx_nucleo_bus.o
                0x00000000080032c0                BSP_I2C1_WriteReg
 .text.BSP_I2C1_ReadReg
                0x0000000008003324       0x64 ./Application/User/stm32l4xx_nucleo_bus.o
                0x0000000008003324                BSP_I2C1_ReadReg
 .text.BSP_GetTick
                0x0000000008003388        0xe ./Application/User/stm32l4xx_nucleo_bus.o
                0x0000000008003388                BSP_GetTick
 *fill*         0x0000000008003396        0x2 
 .text.MX_I2C1_Init
                0x0000000008003398       0x88 ./Application/User/stm32l4xx_nucleo_bus.o
                0x0000000008003398                MX_I2C1_Init
 .text.I2C1_MspInit
                0x0000000008003420       0x8c ./Application/User/stm32l4xx_nucleo_bus.o
 .text.I2C1_MspDeInit
                0x00000000080034ac       0x38 ./Application/User/stm32l4xx_nucleo_bus.o
 .text._sbrk    0x00000000080034e4       0x6c ./Application/User/sysmem.o
                0x00000000080034e4                _sbrk
 .text.HTS221_RegisterBusIO
                0x0000000008003550       0x8c ./Drivers/BSP/Components/hts221.o
                0x0000000008003550                HTS221_RegisterBusIO
 .text.HTS221_Init
                0x00000000080035dc       0x36 ./Drivers/BSP/Components/hts221.o
                0x00000000080035dc                HTS221_Init
 .text.HTS221_DeInit
                0x0000000008003612       0x48 ./Drivers/BSP/Components/hts221.o
                0x0000000008003612                HTS221_DeInit
 .text.HTS221_ReadID
                0x000000000800365a       0x2c ./Drivers/BSP/Components/hts221.o
                0x000000000800365a                HTS221_ReadID
 *fill*         0x0000000008003686        0x2 
 .text.HTS221_GetCapabilities
                0x0000000008003688       0x48 ./Drivers/BSP/Components/hts221.o
                0x0000000008003688                HTS221_GetCapabilities
 .text.HTS221_HUM_Enable
                0x00000000080036d0       0x4a ./Drivers/BSP/Components/hts221.o
                0x00000000080036d0                HTS221_HUM_Enable
 .text.HTS221_HUM_Disable
                0x000000000800371a       0x4a ./Drivers/BSP/Components/hts221.o
                0x000000000800371a                HTS221_HUM_Disable
 .text.HTS221_HUM_GetOutputDataRate
                0x0000000008003764       0x1c ./Drivers/BSP/Components/hts221.o
                0x0000000008003764                HTS221_HUM_GetOutputDataRate
 .text.HTS221_HUM_SetOutputDataRate
                0x0000000008003780       0x20 ./Drivers/BSP/Components/hts221.o
                0x0000000008003780                HTS221_HUM_SetOutputDataRate
 .text.HTS221_HUM_GetHumidity
                0x00000000080037a0      0x110 ./Drivers/BSP/Components/hts221.o
                0x00000000080037a0                HTS221_HUM_GetHumidity
 .text.HTS221_TEMP_Enable
                0x00000000080038b0       0x4a ./Drivers/BSP/Components/hts221.o
                0x00000000080038b0                HTS221_TEMP_Enable
 .text.HTS221_TEMP_Disable
                0x00000000080038fa       0x4a ./Drivers/BSP/Components/hts221.o
                0x00000000080038fa                HTS221_TEMP_Disable
 .text.HTS221_TEMP_GetOutputDataRate
                0x0000000008003944       0x1c ./Drivers/BSP/Components/hts221.o
                0x0000000008003944                HTS221_TEMP_GetOutputDataRate
 .text.HTS221_TEMP_SetOutputDataRate
                0x0000000008003960       0x20 ./Drivers/BSP/Components/hts221.o
                0x0000000008003960                HTS221_TEMP_SetOutputDataRate
 .text.HTS221_TEMP_GetTemperature
                0x0000000008003980       0xd4 ./Drivers/BSP/Components/hts221.o
                0x0000000008003980                HTS221_TEMP_GetTemperature
 .text.HTS221_GetOutputDataRate
                0x0000000008003a54       0x88 ./Drivers/BSP/Components/hts221.o
 .text.HTS221_SetOutputDataRate
                0x0000000008003adc       0x60 ./Drivers/BSP/Components/hts221.o
 .text.HTS221_Initialize
                0x0000000008003b3c       0x58 ./Drivers/BSP/Components/hts221.o
 .text.Linear_Interpolation
                0x0000000008003b94       0x72 ./Drivers/BSP/Components/hts221.o
 .text.ReadRegWrap
                0x0000000008003c06       0x62 ./Drivers/BSP/Components/hts221.o
 .text.WriteRegWrap
                0x0000000008003c68       0x62 ./Drivers/BSP/Components/hts221.o
 .text.hts221_read_reg
                0x0000000008003cca       0x30 ./Drivers/BSP/Components/hts221_reg.o
                0x0000000008003cca                hts221_read_reg
 .text.hts221_write_reg
                0x0000000008003cfa       0x30 ./Drivers/BSP/Components/hts221_reg.o
                0x0000000008003cfa                hts221_write_reg
 .text.hts221_data_rate_set
                0x0000000008003d2a       0x4c ./Drivers/BSP/Components/hts221_reg.o
                0x0000000008003d2a                hts221_data_rate_set
 *fill*         0x0000000008003d76        0x2 
 .text.hts221_data_rate_get
                0x0000000008003d78       0x70 ./Drivers/BSP/Components/hts221_reg.o
                0x0000000008003d78                hts221_data_rate_get
 .text.hts221_block_data_update_set
                0x0000000008003de8       0x4c ./Drivers/BSP/Components/hts221_reg.o
                0x0000000008003de8                hts221_block_data_update_set
 .text.hts221_humidity_raw_get
                0x0000000008003e34       0x46 ./Drivers/BSP/Components/hts221_reg.o
                0x0000000008003e34                hts221_humidity_raw_get
 .text.hts221_temperature_raw_get
                0x0000000008003e7a       0x46 ./Drivers/BSP/Components/hts221_reg.o
                0x0000000008003e7a                hts221_temperature_raw_get
 .text.hts221_device_id_get
                0x0000000008003ec0       0x22 ./Drivers/BSP/Components/hts221_reg.o
                0x0000000008003ec0                hts221_device_id_get
 .text.hts221_power_on_set
                0x0000000008003ee2       0x4c ./Drivers/BSP/Components/hts221_reg.o
                0x0000000008003ee2                hts221_power_on_set
 .text.hts221_hum_rh_point_0_get
                0x0000000008003f2e       0x3c ./Drivers/BSP/Components/hts221_reg.o
                0x0000000008003f2e                hts221_hum_rh_point_0_get
 .text.hts221_hum_rh_point_1_get
                0x0000000008003f6a       0x3c ./Drivers/BSP/Components/hts221_reg.o
                0x0000000008003f6a                hts221_hum_rh_point_1_get
 .text.hts221_temp_deg_point_0_get
                0x0000000008003fa6       0x62 ./Drivers/BSP/Components/hts221_reg.o
                0x0000000008003fa6                hts221_temp_deg_point_0_get
 .text.hts221_temp_deg_point_1_get
                0x0000000008004008       0x62 ./Drivers/BSP/Components/hts221_reg.o
                0x0000000008004008                hts221_temp_deg_point_1_get
 .text.hts221_hum_adc_point_0_get
                0x000000000800406a       0x48 ./Drivers/BSP/Components/hts221_reg.o
                0x000000000800406a                hts221_hum_adc_point_0_get
 .text.hts221_hum_adc_point_1_get
                0x00000000080040b2       0x48 ./Drivers/BSP/Components/hts221_reg.o
                0x00000000080040b2                hts221_hum_adc_point_1_get
 .text.hts221_temp_adc_point_0_get
                0x00000000080040fa       0x48 ./Drivers/BSP/Components/hts221_reg.o
                0x00000000080040fa                hts221_temp_adc_point_0_get
 .text.hts221_temp_adc_point_1_get
                0x0000000008004142       0x48 ./Drivers/BSP/Components/hts221_reg.o
                0x0000000008004142                hts221_temp_adc_point_1_get
 *fill*         0x000000000800418a        0x2 
 .text.LPS22HB_RegisterBusIO
                0x000000000800418c       0xcc ./Drivers/BSP/Components/lps22hb.o
                0x000000000800418c                LPS22HB_RegisterBusIO
 .text.LPS22HB_Init
                0x0000000008004258       0x36 ./Drivers/BSP/Components/lps22hb.o
                0x0000000008004258                LPS22HB_Init
 .text.LPS22HB_DeInit
                0x000000000800428e       0x48 ./Drivers/BSP/Components/lps22hb.o
                0x000000000800428e                LPS22HB_DeInit
 .text.LPS22HB_ReadID
                0x00000000080042d6       0x2c ./Drivers/BSP/Components/lps22hb.o
                0x00000000080042d6                LPS22HB_ReadID
 *fill*         0x0000000008004302        0x2 
 .text.LPS22HB_GetCapabilities
                0x0000000008004304       0x48 ./Drivers/BSP/Components/lps22hb.o
                0x0000000008004304                LPS22HB_GetCapabilities
 .text.LPS22HB_PRESS_Enable
                0x000000000800434c       0x48 ./Drivers/BSP/Components/lps22hb.o
                0x000000000800434c                LPS22HB_PRESS_Enable
 .text.LPS22HB_PRESS_Disable
                0x0000000008004394       0x68 ./Drivers/BSP/Components/lps22hb.o
                0x0000000008004394                LPS22HB_PRESS_Disable
 .text.LPS22HB_PRESS_GetOutputDataRate
                0x00000000080043fc       0x1c ./Drivers/BSP/Components/lps22hb.o
                0x00000000080043fc                LPS22HB_PRESS_GetOutputDataRate
 .text.LPS22HB_PRESS_SetOutputDataRate
                0x0000000008004418       0x38 ./Drivers/BSP/Components/lps22hb.o
                0x0000000008004418                LPS22HB_PRESS_SetOutputDataRate
 .text.LPS22HB_PRESS_GetPressure
                0x0000000008004450       0x50 ./Drivers/BSP/Components/lps22hb.o
                0x0000000008004450                LPS22HB_PRESS_GetPressure
 .text.LPS22HB_TEMP_Enable
                0x00000000080044a0       0x48 ./Drivers/BSP/Components/lps22hb.o
                0x00000000080044a0                LPS22HB_TEMP_Enable
 .text.LPS22HB_TEMP_Disable
                0x00000000080044e8       0x68 ./Drivers/BSP/Components/lps22hb.o
                0x00000000080044e8                LPS22HB_TEMP_Disable
 .text.LPS22HB_TEMP_GetOutputDataRate
                0x0000000008004550       0x1c ./Drivers/BSP/Components/lps22hb.o
                0x0000000008004550                LPS22HB_TEMP_GetOutputDataRate
 .text.LPS22HB_TEMP_SetOutputDataRate
                0x000000000800456c       0x38 ./Drivers/BSP/Components/lps22hb.o
                0x000000000800456c                LPS22HB_TEMP_SetOutputDataRate
 .text.LPS22HB_TEMP_GetTemperature
                0x00000000080045a4       0x52 ./Drivers/BSP/Components/lps22hb.o
                0x00000000080045a4                LPS22HB_TEMP_GetTemperature
 .text.LPS22HB_Write_Reg
                0x00000000080045f6       0x36 ./Drivers/BSP/Components/lps22hb.o
                0x00000000080045f6                LPS22HB_Write_Reg
 .text.LPS22HB_GetOutputDataRate
                0x000000000800462c       0xa8 ./Drivers/BSP/Components/lps22hb.o
 .text.LPS22HB_SetOutputDataRate_When_Enabled
                0x00000000080046d4       0xb0 ./Drivers/BSP/Components/lps22hb.o
 .text.LPS22HB_SetOutputDataRate_When_Disabled
                0x0000000008004784       0x80 ./Drivers/BSP/Components/lps22hb.o
 .text.LPS22HB_Initialize
                0x0000000008004804       0xb2 ./Drivers/BSP/Components/lps22hb.o
 .text.ReadRegWrap
                0x00000000080048b6       0x86 ./Drivers/BSP/Components/lps22hb.o
 .text.WriteRegWrap
                0x000000000800493c       0x86 ./Drivers/BSP/Components/lps22hb.o
 .text.lps22hb_read_reg
                0x00000000080049c2       0x30 ./Drivers/BSP/Components/lps22hb_reg.o
                0x00000000080049c2                lps22hb_read_reg
 .text.lps22hb_write_reg
                0x00000000080049f2       0x30 ./Drivers/BSP/Components/lps22hb_reg.o
                0x00000000080049f2                lps22hb_write_reg
 *fill*         0x0000000008004a22        0x2 
 .text.lps22hb_from_lsb_to_hpa
                0x0000000008004a24       0x30 ./Drivers/BSP/Components/lps22hb_reg.o
                0x0000000008004a24                lps22hb_from_lsb_to_hpa
 .text.lps22hb_from_lsb_to_degc
                0x0000000008004a54       0x34 ./Drivers/BSP/Components/lps22hb_reg.o
                0x0000000008004a54                lps22hb_from_lsb_to_degc
 .text.lps22hb_block_data_update_set
                0x0000000008004a88       0x4c ./Drivers/BSP/Components/lps22hb_reg.o
                0x0000000008004a88                lps22hb_block_data_update_set
 .text.lps22hb_low_pass_filter_mode_set
                0x0000000008004ad4       0x4c ./Drivers/BSP/Components/lps22hb_reg.o
                0x0000000008004ad4                lps22hb_low_pass_filter_mode_set
 .text.lps22hb_data_rate_set
                0x0000000008004b20       0x4c ./Drivers/BSP/Components/lps22hb_reg.o
                0x0000000008004b20                lps22hb_data_rate_set
 .text.lps22hb_data_rate_get
                0x0000000008004b6c       0x88 ./Drivers/BSP/Components/lps22hb_reg.o
                0x0000000008004b6c                lps22hb_data_rate_get
 .text.lps22hb_pressure_raw_get
                0x0000000008004bf4       0x52 ./Drivers/BSP/Components/lps22hb_reg.o
                0x0000000008004bf4                lps22hb_pressure_raw_get
 .text.lps22hb_temperature_raw_get
                0x0000000008004c46       0x46 ./Drivers/BSP/Components/lps22hb_reg.o
                0x0000000008004c46                lps22hb_temperature_raw_get
 .text.lps22hb_device_id_get
                0x0000000008004c8c       0x22 ./Drivers/BSP/Components/lps22hb_reg.o
                0x0000000008004c8c                lps22hb_device_id_get
 .text.lps22hb_low_power_set
                0x0000000008004cae       0x4c ./Drivers/BSP/Components/lps22hb_reg.o
                0x0000000008004cae                lps22hb_low_power_set
 .text.lps22hb_auto_add_inc_set
                0x0000000008004cfa       0x4c ./Drivers/BSP/Components/lps22hb_reg.o
                0x0000000008004cfa                lps22hb_auto_add_inc_set
 *fill*         0x0000000008004d46        0x2 
 .text.LSM303AGR_ACC_RegisterBusIO
                0x0000000008004d48       0xcc ./Drivers/BSP/Components/lsm303agr.o
                0x0000000008004d48                LSM303AGR_ACC_RegisterBusIO
 .text.LSM303AGR_ACC_Init
                0x0000000008004e14       0x82 ./Drivers/BSP/Components/lsm303agr.o
                0x0000000008004e14                LSM303AGR_ACC_Init
 .text.LSM303AGR_ACC_DeInit
                0x0000000008004e96       0x34 ./Drivers/BSP/Components/lsm303agr.o
                0x0000000008004e96                LSM303AGR_ACC_DeInit
 .text.LSM303AGR_ACC_ReadID
                0x0000000008004eca       0x2c ./Drivers/BSP/Components/lsm303agr.o
                0x0000000008004eca                LSM303AGR_ACC_ReadID
 *fill*         0x0000000008004ef6        0x2 
 .text.LSM303AGR_ACC_GetCapabilities
                0x0000000008004ef8       0x5c ./Drivers/BSP/Components/lsm303agr.o
                0x0000000008004ef8                LSM303AGR_ACC_GetCapabilities
 .text.LSM303AGR_ACC_Enable
                0x0000000008004f54       0x48 ./Drivers/BSP/Components/lsm303agr.o
                0x0000000008004f54                LSM303AGR_ACC_Enable
 .text.LSM303AGR_ACC_Disable
                0x0000000008004f9c       0x5e ./Drivers/BSP/Components/lsm303agr.o
                0x0000000008004f9c                LSM303AGR_ACC_Disable
 .text.LSM303AGR_ACC_GetSensitivity
                0x0000000008004ffa       0x96 ./Drivers/BSP/Components/lsm303agr.o
                0x0000000008004ffa                LSM303AGR_ACC_GetSensitivity
 .text.LSM303AGR_ACC_GetOutputDataRate
                0x0000000008005090      0x194 ./Drivers/BSP/Components/lsm303agr.o
                0x0000000008005090                LSM303AGR_ACC_GetOutputDataRate
 .text.LSM303AGR_ACC_SetOutputDataRate
                0x0000000008005224       0x38 ./Drivers/BSP/Components/lsm303agr.o
                0x0000000008005224                LSM303AGR_ACC_SetOutputDataRate
 .text.LSM303AGR_ACC_GetFullScale
                0x000000000800525c       0x7c ./Drivers/BSP/Components/lsm303agr.o
                0x000000000800525c                LSM303AGR_ACC_GetFullScale
 .text.LSM303AGR_ACC_SetFullScale
                0x00000000080052d8       0x50 ./Drivers/BSP/Components/lsm303agr.o
                0x00000000080052d8                LSM303AGR_ACC_SetFullScale
 .text.LSM303AGR_ACC_GetAxesRaw
                0x0000000008005328       0xcc ./Drivers/BSP/Components/lsm303agr.o
                0x0000000008005328                LSM303AGR_ACC_GetAxesRaw
 .text.LSM303AGR_ACC_GetAxes
                0x00000000080053f4       0xaa ./Drivers/BSP/Components/lsm303agr.o
                0x00000000080053f4                LSM303AGR_ACC_GetAxes
 .text.LSM303AGR_ACC_Write_Reg
                0x000000000800549e       0x36 ./Drivers/BSP/Components/lsm303agr.o
                0x000000000800549e                LSM303AGR_ACC_Write_Reg
 .text.LSM303AGR_MAG_RegisterBusIO
                0x00000000080054d4       0xc8 ./Drivers/BSP/Components/lsm303agr.o
                0x00000000080054d4                LSM303AGR_MAG_RegisterBusIO
 .text.LSM303AGR_MAG_Init
                0x000000000800559c       0x7a ./Drivers/BSP/Components/lsm303agr.o
                0x000000000800559c                LSM303AGR_MAG_Init
 .text.LSM303AGR_MAG_DeInit
                0x0000000008005616       0x2c ./Drivers/BSP/Components/lsm303agr.o
                0x0000000008005616                LSM303AGR_MAG_DeInit
 .text.LSM303AGR_MAG_ReadID
                0x0000000008005642       0x2c ./Drivers/BSP/Components/lsm303agr.o
                0x0000000008005642                LSM303AGR_MAG_ReadID
 *fill*         0x000000000800566e        0x2 
 .text.LSM303AGR_MAG_GetCapabilities
                0x0000000008005670       0x5c ./Drivers/BSP/Components/lsm303agr.o
                0x0000000008005670                LSM303AGR_MAG_GetCapabilities
 .text.LSM303AGR_MAG_Enable
                0x00000000080056cc       0x40 ./Drivers/BSP/Components/lsm303agr.o
                0x00000000080056cc                LSM303AGR_MAG_Enable
 .text.LSM303AGR_MAG_Disable
                0x000000000800570c       0x40 ./Drivers/BSP/Components/lsm303agr.o
                0x000000000800570c                LSM303AGR_MAG_Disable
 .text.LSM303AGR_MAG_GetSensitivity
                0x000000000800574c       0x20 ./Drivers/BSP/Components/lsm303agr.o
                0x000000000800574c                LSM303AGR_MAG_GetSensitivity
 .text.LSM303AGR_MAG_GetOutputDataRate
                0x000000000800576c       0x8c ./Drivers/BSP/Components/lsm303agr.o
                0x000000000800576c                LSM303AGR_MAG_GetOutputDataRate
 .text.LSM303AGR_MAG_SetOutputDataRate
                0x00000000080057f8       0x7c ./Drivers/BSP/Components/lsm303agr.o
                0x00000000080057f8                LSM303AGR_MAG_SetOutputDataRate
 .text.LSM303AGR_MAG_GetFullScale
                0x0000000008005874       0x1e ./Drivers/BSP/Components/lsm303agr.o
                0x0000000008005874                LSM303AGR_MAG_GetFullScale
 .text.LSM303AGR_MAG_SetFullScale
                0x0000000008005892       0x18 ./Drivers/BSP/Components/lsm303agr.o
                0x0000000008005892                LSM303AGR_MAG_SetFullScale
 .text.LSM303AGR_MAG_GetAxesRaw
                0x00000000080058aa       0x48 ./Drivers/BSP/Components/lsm303agr.o
                0x00000000080058aa                LSM303AGR_MAG_GetAxesRaw
 .text.LSM303AGR_MAG_GetAxes
                0x00000000080058f2       0x9c ./Drivers/BSP/Components/lsm303agr.o
                0x00000000080058f2                LSM303AGR_MAG_GetAxes
 *fill*         0x000000000800598e        0x2 
 .text.LSM303AGR_ACC_GetSensitivityHR
                0x0000000008005990       0x8c ./Drivers/BSP/Components/lsm303agr.o
 .text.LSM303AGR_ACC_GetSensitivityNM
                0x0000000008005a1c       0x8c ./Drivers/BSP/Components/lsm303agr.o
 .text.LSM303AGR_ACC_GetSensitivityLP
                0x0000000008005aa8       0x8c ./Drivers/BSP/Components/lsm303agr.o
 .text.LSM303AGR_ACC_SetOutputDataRate_When_Enabled
                0x0000000008005b34       0xc4 ./Drivers/BSP/Components/lsm303agr.o
 .text.LSM303AGR_ACC_SetOutputDataRate_When_Disabled
                0x0000000008005bf8       0xb4 ./Drivers/BSP/Components/lsm303agr.o
 .text.ReadAccRegWrap
                0x0000000008005cac       0x62 ./Drivers/BSP/Components/lsm303agr.o
 .text.WriteAccRegWrap
                0x0000000008005d0e       0x62 ./Drivers/BSP/Components/lsm303agr.o
 .text.ReadMagRegWrap
                0x0000000008005d70       0x62 ./Drivers/BSP/Components/lsm303agr.o
 .text.WriteMagRegWrap
                0x0000000008005dd2       0x62 ./Drivers/BSP/Components/lsm303agr.o
 .text.lsm303agr_read_reg
                0x0000000008005e34       0x30 ./Drivers/BSP/Components/lsm303agr_reg.o
                0x0000000008005e34                lsm303agr_read_reg
 .text.lsm303agr_write_reg
                0x0000000008005e64       0x30 ./Drivers/BSP/Components/lsm303agr_reg.o
                0x0000000008005e64                lsm303agr_write_reg
 .text.lsm303agr_xl_operating_mode_get
                0x0000000008005e94       0x68 ./Drivers/BSP/Components/lsm303agr_reg.o
                0x0000000008005e94                lsm303agr_xl_operating_mode_get
 .text.lsm303agr_xl_data_rate_set
                0x0000000008005efc       0x4c ./Drivers/BSP/Components/lsm303agr_reg.o
                0x0000000008005efc                lsm303agr_xl_data_rate_set
 .text.lsm303agr_xl_data_rate_get
                0x0000000008005f48       0xb8 ./Drivers/BSP/Components/lsm303agr_reg.o
                0x0000000008005f48                lsm303agr_xl_data_rate_get
 .text.lsm303agr_xl_full_scale_set
                0x0000000008006000       0x4c ./Drivers/BSP/Components/lsm303agr_reg.o
                0x0000000008006000                lsm303agr_xl_full_scale_set
 .text.lsm303agr_xl_full_scale_get
                0x000000000800604c       0x70 ./Drivers/BSP/Components/lsm303agr_reg.o
                0x000000000800604c                lsm303agr_xl_full_scale_get
 .text.lsm303agr_xl_block_data_update_set
                0x00000000080060bc       0x4c ./Drivers/BSP/Components/lsm303agr_reg.o
                0x00000000080060bc                lsm303agr_xl_block_data_update_set
 .text.lsm303agr_acceleration_raw_get
                0x0000000008006108       0x96 ./Drivers/BSP/Components/lsm303agr_reg.o
                0x0000000008006108                lsm303agr_acceleration_raw_get
 .text.lsm303agr_mag_operating_mode_set
                0x000000000800619e       0x4c ./Drivers/BSP/Components/lsm303agr_reg.o
                0x000000000800619e                lsm303agr_mag_operating_mode_set
 .text.lsm303agr_mag_data_rate_set
                0x00000000080061ea       0x4c ./Drivers/BSP/Components/lsm303agr_reg.o
                0x00000000080061ea                lsm303agr_mag_data_rate_set
 *fill*         0x0000000008006236        0x2 
 .text.lsm303agr_mag_data_rate_get
                0x0000000008006238       0x70 ./Drivers/BSP/Components/lsm303agr_reg.o
                0x0000000008006238                lsm303agr_mag_data_rate_get
 .text.lsm303agr_mag_block_data_update_set
                0x00000000080062a8       0x4c ./Drivers/BSP/Components/lsm303agr_reg.o
                0x00000000080062a8                lsm303agr_mag_block_data_update_set
 .text.lsm303agr_magnetic_raw_get
                0x00000000080062f4       0x96 ./Drivers/BSP/Components/lsm303agr_reg.o
                0x00000000080062f4                lsm303agr_magnetic_raw_get
 .text.lsm303agr_xl_device_id_get
                0x000000000800638a       0x22 ./Drivers/BSP/Components/lsm303agr_reg.o
                0x000000000800638a                lsm303agr_xl_device_id_get
 .text.lsm303agr_mag_device_id_get
                0x00000000080063ac       0x22 ./Drivers/BSP/Components/lsm303agr_reg.o
                0x00000000080063ac                lsm303agr_mag_device_id_get
 .text.lsm303agr_mag_self_test_set
                0x00000000080063ce       0x4c ./Drivers/BSP/Components/lsm303agr_reg.o
                0x00000000080063ce                lsm303agr_mag_self_test_set
 .text.lsm303agr_xl_fifo_mode_set
                0x000000000800641a       0x4c ./Drivers/BSP/Components/lsm303agr_reg.o
                0x000000000800641a                lsm303agr_xl_fifo_mode_set
 .text.lsm303agr_mag_i2c_interface_set
                0x0000000008006466       0x4c ./Drivers/BSP/Components/lsm303agr_reg.o
                0x0000000008006466                lsm303agr_mag_i2c_interface_set
 *fill*         0x00000000080064b2        0x2 
 .text.LSM6DSL_RegisterBusIO
                0x00000000080064b4       0xcc ./Drivers/BSP/Components/lsm6dsl.o
                0x00000000080064b4                LSM6DSL_RegisterBusIO
 .text.LSM6DSL_Init
                0x0000000008006580       0xd2 ./Drivers/BSP/Components/lsm6dsl.o
                0x0000000008006580                LSM6DSL_Init
 .text.LSM6DSL_DeInit
                0x0000000008006652       0x4e ./Drivers/BSP/Components/lsm6dsl.o
                0x0000000008006652                LSM6DSL_DeInit
 .text.LSM6DSL_ReadID
                0x00000000080066a0       0x2c ./Drivers/BSP/Components/lsm6dsl.o
                0x00000000080066a0                LSM6DSL_ReadID
 .text.LSM6DSL_GetCapabilities
                0x00000000080066cc       0x5c ./Drivers/BSP/Components/lsm6dsl.o
                0x00000000080066cc                LSM6DSL_GetCapabilities
 .text.LSM6DSL_ACC_Enable
                0x0000000008006728       0x48 ./Drivers/BSP/Components/lsm6dsl.o
                0x0000000008006728                LSM6DSL_ACC_Enable
 .text.LSM6DSL_ACC_Disable
                0x0000000008006770       0x5e ./Drivers/BSP/Components/lsm6dsl.o
                0x0000000008006770                LSM6DSL_ACC_Disable
 *fill*         0x00000000080067ce        0x2 
 .text.LSM6DSL_ACC_GetSensitivity
                0x00000000080067d0       0x8c ./Drivers/BSP/Components/lsm6dsl.o
                0x00000000080067d0                LSM6DSL_ACC_GetSensitivity
 .text.LSM6DSL_ACC_GetOutputDataRate
                0x000000000800685c      0x108 ./Drivers/BSP/Components/lsm6dsl.o
                0x000000000800685c                LSM6DSL_ACC_GetOutputDataRate
 .text.LSM6DSL_ACC_SetOutputDataRate
                0x0000000008006964       0x38 ./Drivers/BSP/Components/lsm6dsl.o
                0x0000000008006964                LSM6DSL_ACC_SetOutputDataRate
 .text.LSM6DSL_ACC_GetFullScale
                0x000000000800699c       0x7c ./Drivers/BSP/Components/lsm6dsl.o
                0x000000000800699c                LSM6DSL_ACC_GetFullScale
 .text.LSM6DSL_ACC_SetFullScale
                0x0000000008006a18       0x50 ./Drivers/BSP/Components/lsm6dsl.o
                0x0000000008006a18                LSM6DSL_ACC_SetFullScale
 .text.LSM6DSL_ACC_GetAxesRaw
                0x0000000008006a68       0x48 ./Drivers/BSP/Components/lsm6dsl.o
                0x0000000008006a68                LSM6DSL_ACC_GetAxesRaw
 .text.LSM6DSL_ACC_GetAxes
                0x0000000008006ab0       0xae ./Drivers/BSP/Components/lsm6dsl.o
                0x0000000008006ab0                LSM6DSL_ACC_GetAxes
 .text.LSM6DSL_GYRO_Enable
                0x0000000008006b5e       0x48 ./Drivers/BSP/Components/lsm6dsl.o
                0x0000000008006b5e                LSM6DSL_GYRO_Enable
 .text.LSM6DSL_GYRO_Disable
                0x0000000008006ba6       0x5e ./Drivers/BSP/Components/lsm6dsl.o
                0x0000000008006ba6                LSM6DSL_GYRO_Disable
 .text.LSM6DSL_GYRO_GetSensitivity
                0x0000000008006c04       0xa4 ./Drivers/BSP/Components/lsm6dsl.o
                0x0000000008006c04                LSM6DSL_GYRO_GetSensitivity
 .text.LSM6DSL_GYRO_GetOutputDataRate
                0x0000000008006ca8       0xf8 ./Drivers/BSP/Components/lsm6dsl.o
                0x0000000008006ca8                LSM6DSL_GYRO_GetOutputDataRate
 .text.LSM6DSL_GYRO_SetOutputDataRate
                0x0000000008006da0       0x38 ./Drivers/BSP/Components/lsm6dsl.o
                0x0000000008006da0                LSM6DSL_GYRO_SetOutputDataRate
 .text.LSM6DSL_GYRO_GetFullScale
                0x0000000008006dd8       0x94 ./Drivers/BSP/Components/lsm6dsl.o
                0x0000000008006dd8                LSM6DSL_GYRO_GetFullScale
 .text.LSM6DSL_GYRO_SetFullScale
                0x0000000008006e6c       0x5e ./Drivers/BSP/Components/lsm6dsl.o
                0x0000000008006e6c                LSM6DSL_GYRO_SetFullScale
 .text.LSM6DSL_GYRO_GetAxesRaw
                0x0000000008006eca       0x48 ./Drivers/BSP/Components/lsm6dsl.o
                0x0000000008006eca                LSM6DSL_GYRO_GetAxesRaw
 .text.LSM6DSL_GYRO_GetAxes
                0x0000000008006f12       0xa8 ./Drivers/BSP/Components/lsm6dsl.o
                0x0000000008006f12                LSM6DSL_GYRO_GetAxes
 .text.LSM6DSL_Write_Reg
                0x0000000008006fba       0x36 ./Drivers/BSP/Components/lsm6dsl.o
                0x0000000008006fba                LSM6DSL_Write_Reg
 .text.LSM6DSL_ACC_SetOutputDataRate_When_Enabled
                0x0000000008006ff0      0x118 ./Drivers/BSP/Components/lsm6dsl.o
 .text.LSM6DSL_ACC_SetOutputDataRate_When_Disabled
                0x0000000008007108      0x104 ./Drivers/BSP/Components/lsm6dsl.o
 .text.LSM6DSL_GYRO_SetOutputDataRate_When_Enabled
                0x000000000800720c      0x118 ./Drivers/BSP/Components/lsm6dsl.o
 .text.LSM6DSL_GYRO_SetOutputDataRate_When_Disabled
                0x0000000008007324      0x104 ./Drivers/BSP/Components/lsm6dsl.o
 .text.ReadRegWrap
                0x0000000008007428       0x36 ./Drivers/BSP/Components/lsm6dsl.o
 .text.WriteRegWrap
                0x000000000800745e       0x36 ./Drivers/BSP/Components/lsm6dsl.o
 .text.lsm6dsl_read_reg
                0x0000000008007494       0x30 ./Drivers/BSP/Components/lsm6dsl_reg.o
                0x0000000008007494                lsm6dsl_read_reg
 .text.lsm6dsl_write_reg
                0x00000000080074c4       0x30 ./Drivers/BSP/Components/lsm6dsl_reg.o
                0x00000000080074c4                lsm6dsl_write_reg
 .text.lsm6dsl_xl_full_scale_set
                0x00000000080074f4       0x4c ./Drivers/BSP/Components/lsm6dsl_reg.o
                0x00000000080074f4                lsm6dsl_xl_full_scale_set
 .text.lsm6dsl_xl_full_scale_get
                0x0000000008007540       0x70 ./Drivers/BSP/Components/lsm6dsl_reg.o
                0x0000000008007540                lsm6dsl_xl_full_scale_get
 .text.lsm6dsl_xl_data_rate_set
                0x00000000080075b0       0x4c ./Drivers/BSP/Components/lsm6dsl_reg.o
                0x00000000080075b0                lsm6dsl_xl_data_rate_set
 .text.lsm6dsl_xl_data_rate_get
                0x00000000080075fc       0xd0 ./Drivers/BSP/Components/lsm6dsl_reg.o
                0x00000000080075fc                lsm6dsl_xl_data_rate_get
 .text.lsm6dsl_gy_full_scale_set
                0x00000000080076cc       0x4c ./Drivers/BSP/Components/lsm6dsl_reg.o
                0x00000000080076cc                lsm6dsl_gy_full_scale_set
 .text.lsm6dsl_gy_full_scale_get
                0x0000000008007718       0x84 ./Drivers/BSP/Components/lsm6dsl_reg.o
                0x0000000008007718                lsm6dsl_gy_full_scale_get
 .text.lsm6dsl_gy_data_rate_set
                0x000000000800779c       0x4c ./Drivers/BSP/Components/lsm6dsl_reg.o
                0x000000000800779c                lsm6dsl_gy_data_rate_set
 .text.lsm6dsl_gy_data_rate_get
                0x00000000080077e8       0xc4 ./Drivers/BSP/Components/lsm6dsl_reg.o
                0x00000000080077e8                lsm6dsl_gy_data_rate_get
 .text.lsm6dsl_block_data_update_set
                0x00000000080078ac       0x4c ./Drivers/BSP/Components/lsm6dsl_reg.o
                0x00000000080078ac                lsm6dsl_block_data_update_set
 .text.lsm6dsl_angular_rate_raw_get
                0x00000000080078f8       0x96 ./Drivers/BSP/Components/lsm6dsl_reg.o
                0x00000000080078f8                lsm6dsl_angular_rate_raw_get
 .text.lsm6dsl_acceleration_raw_get
                0x000000000800798e       0x96 ./Drivers/BSP/Components/lsm6dsl_reg.o
                0x000000000800798e                lsm6dsl_acceleration_raw_get
 .text.lsm6dsl_device_id_get
                0x0000000008007a24       0x22 ./Drivers/BSP/Components/lsm6dsl_reg.o
                0x0000000008007a24                lsm6dsl_device_id_get
 .text.lsm6dsl_auto_increment_set
                0x0000000008007a46       0x4c ./Drivers/BSP/Components/lsm6dsl_reg.o
                0x0000000008007a46                lsm6dsl_auto_increment_set
 .text.lsm6dsl_fifo_mode_set
                0x0000000008007a92       0x4c ./Drivers/BSP/Components/lsm6dsl_reg.o
                0x0000000008007a92                lsm6dsl_fifo_mode_set
 *fill*         0x0000000008007ade        0x2 
 .text.IKS01A2_ENV_SENSOR_Init
                0x0000000008007ae0      0x180 ./Drivers/BSP/IKS01A2/iks01a2_env_sensors.o
                0x0000000008007ae0                IKS01A2_ENV_SENSOR_Init
 .text.IKS01A2_ENV_SENSOR_Enable
                0x0000000008007c60       0x84 ./Drivers/BSP/IKS01A2/iks01a2_env_sensors.o
                0x0000000008007c60                IKS01A2_ENV_SENSOR_Enable
 .text.IKS01A2_ENV_SENSOR_Disable
                0x0000000008007ce4       0x84 ./Drivers/BSP/IKS01A2/iks01a2_env_sensors.o
                0x0000000008007ce4                IKS01A2_ENV_SENSOR_Disable
 .text.IKS01A2_ENV_SENSOR_GetValue
                0x0000000008007d68       0x88 ./Drivers/BSP/IKS01A2/iks01a2_env_sensors.o
                0x0000000008007d68                IKS01A2_ENV_SENSOR_GetValue
 .text.HTS221_0_Probe
                0x0000000008007df0      0x174 ./Drivers/BSP/IKS01A2/iks01a2_env_sensors.o
 .text.LPS22HB_0_Probe
                0x0000000008007f64      0x178 ./Drivers/BSP/IKS01A2/iks01a2_env_sensors.o
 .text.IKS01A2_MOTION_SENSOR_Init
                0x00000000080080dc      0x1f8 ./Drivers/BSP/IKS01A2/iks01a2_motion_sensors.o
                0x00000000080080dc                IKS01A2_MOTION_SENSOR_Init
 .text.IKS01A2_MOTION_SENSOR_Enable
                0x00000000080082d4       0x84 ./Drivers/BSP/IKS01A2/iks01a2_motion_sensors.o
                0x00000000080082d4                IKS01A2_MOTION_SENSOR_Enable
 .text.IKS01A2_MOTION_SENSOR_Disable
                0x0000000008008358       0x84 ./Drivers/BSP/IKS01A2/iks01a2_motion_sensors.o
                0x0000000008008358                IKS01A2_MOTION_SENSOR_Disable
 .text.IKS01A2_MOTION_SENSOR_GetAxes
                0x00000000080083dc       0x88 ./Drivers/BSP/IKS01A2/iks01a2_motion_sensors.o
                0x00000000080083dc                IKS01A2_MOTION_SENSOR_GetAxes
 .text.IKS01A2_MOTION_SENSOR_SetOutputDataRate
                0x0000000008008464       0x8c ./Drivers/BSP/IKS01A2/iks01a2_motion_sensors.o
                0x0000000008008464                IKS01A2_MOTION_SENSOR_SetOutputDataRate
 .text.IKS01A2_MOTION_SENSOR_SetFullScale
                0x00000000080084f0       0x88 ./Drivers/BSP/IKS01A2/iks01a2_motion_sensors.o
                0x00000000080084f0                IKS01A2_MOTION_SENSOR_SetFullScale
 .text.LSM6DSL_0_Probe
                0x0000000008008578      0x178 ./Drivers/BSP/IKS01A2/iks01a2_motion_sensors.o
 .text.LSM303AGR_ACC_0_Probe
                0x00000000080086f0      0x148 ./Drivers/BSP/IKS01A2/iks01a2_motion_sensors.o
 .text.LSM303AGR_MAG_0_Probe
                0x0000000008008838      0x148 ./Drivers/BSP/IKS01A2/iks01a2_motion_sensors.o
 .text.BSP_LED_Init
                0x0000000008008980       0x24 ./Drivers/BSP/STM32L4xx_Nucleo/stm32l4xx_nucleo.o
                0x0000000008008980                BSP_LED_Init
 .text.BSP_LED_On
                0x00000000080089a4       0x2c ./Drivers/BSP/STM32L4xx_Nucleo/stm32l4xx_nucleo.o
                0x00000000080089a4                BSP_LED_On
 .text.BSP_LED_Off
                0x00000000080089d0       0x2c ./Drivers/BSP/STM32L4xx_Nucleo/stm32l4xx_nucleo.o
                0x00000000080089d0                BSP_LED_Off
 .text.LED_USER_GPIO_Init
                0x00000000080089fc       0x7c ./Drivers/BSP/STM32L4xx_Nucleo/stm32l4xx_nucleo.o
 .text.BSP_PB_Init
                0x0000000008008a78       0xa8 ./Drivers/BSP/STM32L4xx_Nucleo/stm32l4xx_nucleo.o
                0x0000000008008a78                BSP_PB_Init
 .text.BSP_PB_GetState
                0x0000000008008b20       0x38 ./Drivers/BSP/STM32L4xx_Nucleo/stm32l4xx_nucleo.o
                0x0000000008008b20                BSP_PB_GetState
 .text.BUTTON_USER_EXTI_Callback
                0x0000000008008b58        0xe ./Drivers/BSP/STM32L4xx_Nucleo/stm32l4xx_nucleo.o
 *fill*         0x0000000008008b66        0x2 
 .text.BUTTON_USER_GPIO_Init
                0x0000000008008b68       0x74 ./Drivers/BSP/STM32L4xx_Nucleo/stm32l4xx_nucleo.o
 .text.BSP_COM_Init
                0x0000000008008bdc       0x7c ./Drivers/BSP/STM32L4xx_Nucleo/stm32l4xx_nucleo.o
                0x0000000008008bdc                BSP_COM_Init
 .text.MX_USART2_UART_Init
                0x0000000008008c58       0x68 ./Drivers/BSP/STM32L4xx_Nucleo/stm32l4xx_nucleo.o
                0x0000000008008c58                MX_USART2_UART_Init
 .text.USART2_MspInit
                0x0000000008008cc0       0xd8 ./Drivers/BSP/STM32L4xx_Nucleo/stm32l4xx_nucleo.o
 .text.SystemInit
                0x0000000008008d98       0x64 ./Drivers/CMSIS/system_stm32l4xx.o
                0x0000000008008d98                SystemInit
 .text.HAL_Init
                0x0000000008008dfc       0x40 ./Drivers/STM32L4xx_HAL_Driver/stm32l4xx_hal.o
                0x0000000008008dfc                HAL_Init
 .text.HAL_InitTick
                0x0000000008008e3c       0x78 ./Drivers/STM32L4xx_HAL_Driver/stm32l4xx_hal.o
                0x0000000008008e3c                HAL_InitTick
 .text.HAL_IncTick
                0x0000000008008eb4       0x28 ./Drivers/STM32L4xx_HAL_Driver/stm32l4xx_hal.o
                0x0000000008008eb4                HAL_IncTick
 .text.HAL_GetTick
                0x0000000008008edc       0x18 ./Drivers/STM32L4xx_HAL_Driver/stm32l4xx_hal.o
                0x0000000008008edc                HAL_GetTick
 .text.HAL_Delay
                0x0000000008008ef4       0x48 ./Drivers/STM32L4xx_HAL_Driver/stm32l4xx_hal.o
                0x0000000008008ef4                HAL_Delay
 .text.__NVIC_SetPriorityGrouping
                0x0000000008008f3c       0x48 ./Drivers/STM32L4xx_HAL_Driver/stm32l4xx_hal_cortex.o
 .text.__NVIC_GetPriorityGrouping
                0x0000000008008f84       0x1c ./Drivers/STM32L4xx_HAL_Driver/stm32l4xx_hal_cortex.o
 .text.__NVIC_EnableIRQ
                0x0000000008008fa0       0x3c ./Drivers/STM32L4xx_HAL_Driver/stm32l4xx_hal_cortex.o
 .text.__NVIC_SetPriority
                0x0000000008008fdc       0x54 ./Drivers/STM32L4xx_HAL_Driver/stm32l4xx_hal_cortex.o
 .text.NVIC_EncodePriority
                0x0000000008009030       0x66 ./Drivers/STM32L4xx_HAL_Driver/stm32l4xx_hal_cortex.o
 *fill*         0x0000000008009096        0x2 
 .text.SysTick_Config
                0x0000000008009098       0x44 ./Drivers/STM32L4xx_HAL_Driver/stm32l4xx_hal_cortex.o
 .text.HAL_NVIC_SetPriorityGrouping
                0x00000000080090dc       0x16 ./Drivers/STM32L4xx_HAL_Driver/stm32l4xx_hal_cortex.o
                0x00000000080090dc                HAL_NVIC_SetPriorityGrouping
 .text.HAL_NVIC_SetPriority
                0x00000000080090f2       0x38 ./Drivers/STM32L4xx_HAL_Driver/stm32l4xx_hal_cortex.o
                0x00000000080090f2                HAL_NVIC_SetPriority
 .text.HAL_NVIC_EnableIRQ
                0x000000000800912a       0x1c ./Drivers/STM32L4xx_HAL_Driver/stm32l4xx_hal_cortex.o
                0x000000000800912a                HAL_NVIC_EnableIRQ
 .text.HAL_SYSTICK_Config
                0x0000000008009146       0x18 ./Drivers/STM32L4xx_HAL_Driver/stm32l4xx_hal_cortex.o
                0x0000000008009146                HAL_SYSTICK_Config
 *fill*         0x000000000800915e        0x2 
 .text.HAL_CRC_Init
                0x0000000008009160       0xc8 ./Drivers/STM32L4xx_HAL_Driver/stm32l4xx_hal_crc.o
                0x0000000008009160                HAL_CRC_Init
 .text.HAL_CRCEx_Polynomial_Set
                0x0000000008009228      0x10c ./Drivers/STM32L4xx_HAL_Driver/stm32l4xx_hal_crc_ex.o
                0x0000000008009228                HAL_CRCEx_Polynomial_Set
 .text.HAL_DMA_Init
                0x0000000008009334      0x170 ./Drivers/STM32L4xx_HAL_Driver/stm32l4xx_hal_dma.o
                0x0000000008009334                HAL_DMA_Init
 .text.HAL_DMA_Start_IT
                0x00000000080094a4       0xc0 ./Drivers/STM32L4xx_HAL_Driver/stm32l4xx_hal_dma.o
                0x00000000080094a4                HAL_DMA_Start_IT
 .text.HAL_DMA_IRQHandler
                0x0000000008009564      0x15e ./Drivers/STM32L4xx_HAL_Driver/stm32l4xx_hal_dma.o
                0x0000000008009564                HAL_DMA_IRQHandler
 .text.DMA_SetConfig
                0x00000000080096c2       0x60 ./Drivers/STM32L4xx_HAL_Driver/stm32l4xx_hal_dma.o
 .text.HAL_EXTI_RegisterCallback
                0x0000000008009722       0x34 ./Drivers/STM32L4xx_HAL_Driver/stm32l4xx_hal_exti.o
                0x0000000008009722                HAL_EXTI_RegisterCallback
 .text.HAL_EXTI_GetHandle
                0x0000000008009756       0x28 ./Drivers/STM32L4xx_HAL_Driver/stm32l4xx_hal_exti.o
                0x0000000008009756                HAL_EXTI_GetHandle
 *fill*         0x000000000800977e        0x2 
 .text.HAL_EXTI_IRQHandler
                0x0000000008009780       0x60 ./Drivers/STM32L4xx_HAL_Driver/stm32l4xx_hal_exti.o
                0x0000000008009780                HAL_EXTI_IRQHandler
 .text.HAL_GPIO_Init
                0x00000000080097e0      0x354 ./Drivers/STM32L4xx_HAL_Driver/stm32l4xx_hal_gpio.o
                0x00000000080097e0                HAL_GPIO_Init
 .text.HAL_GPIO_DeInit
                0x0000000008009b34      0x1e8 ./Drivers/STM32L4xx_HAL_Driver/stm32l4xx_hal_gpio.o
                0x0000000008009b34                HAL_GPIO_DeInit
 .text.HAL_GPIO_ReadPin
                0x0000000008009d1c       0x30 ./Drivers/STM32L4xx_HAL_Driver/stm32l4xx_hal_gpio.o
                0x0000000008009d1c                HAL_GPIO_ReadPin
 .text.HAL_GPIO_WritePin
                0x0000000008009d4c       0x30 ./Drivers/STM32L4xx_HAL_Driver/stm32l4xx_hal_gpio.o
                0x0000000008009d4c                HAL_GPIO_WritePin
 .text.HAL_I2C_Init
                0x0000000008009d7c      0x11e ./Drivers/STM32L4xx_HAL_Driver/stm32l4xx_hal_i2c.o
                0x0000000008009d7c                HAL_I2C_Init
 .text.HAL_I2C_DeInit
                0x0000000008009e9a       0x5e ./Drivers/STM32L4xx_HAL_Driver/stm32l4xx_hal_i2c.o
                0x0000000008009e9a                HAL_I2C_DeInit
 .text.HAL_I2C_MspInit
                0x0000000008009ef8       0x14 ./Drivers/STM32L4xx_HAL_Driver/stm32l4xx_hal_i2c.o
                0x0000000008009ef8                HAL_I2C_MspInit
 .text.HAL_I2C_MspDeInit
                0x0000000008009f0c       0x14 ./Drivers/STM32L4xx_HAL_Driver/stm32l4xx_hal_i2c.o
                0x0000000008009f0c                HAL_I2C_MspDeInit
 .text.HAL_I2C_Mem_Write
                0x0000000008009f20      0x228 ./Drivers/STM32L4xx_HAL_Driver/stm32l4xx_hal_i2c.o
                0x0000000008009f20                HAL_I2C_Mem_Write
 .text.HAL_I2C_Mem_Read
                0x000000000800a148      0x234 ./Drivers/STM32L4xx_HAL_Driver/stm32l4xx_hal_i2c.o
                0x000000000800a148                HAL_I2C_Mem_Read
 .text.HAL_I2C_GetState
                0x000000000800a37c       0x1c ./Drivers/STM32L4xx_HAL_Driver/stm32l4xx_hal_i2c.o
                0x000000000800a37c                HAL_I2C_GetState
 .text.HAL_I2C_GetError
                0x000000000800a398       0x18 ./Drivers/STM32L4xx_HAL_Driver/stm32l4xx_hal_i2c.o
                0x000000000800a398                HAL_I2C_GetError
 .text.I2C_RequestMemoryWrite
                0x000000000800a3b0       0xa8 ./Drivers/STM32L4xx_HAL_Driver/stm32l4xx_hal_i2c.o
 .text.I2C_RequestMemoryRead
                0x000000000800a458       0xa8 ./Drivers/STM32L4xx_HAL_Driver/stm32l4xx_hal_i2c.o
 .text.I2C_Flush_TXDR
                0x000000000800a500       0x48 ./Drivers/STM32L4xx_HAL_Driver/stm32l4xx_hal_i2c.o
 .text.I2C_WaitOnFlagUntilTimeout
                0x000000000800a548       0x80 ./Drivers/STM32L4xx_HAL_Driver/stm32l4xx_hal_i2c.o
 .text.I2C_WaitOnTXISFlagUntilTimeout
                0x000000000800a5c8       0x80 ./Drivers/STM32L4xx_HAL_Driver/stm32l4xx_hal_i2c.o
 .text.I2C_WaitOnSTOPFlagUntilTimeout
                0x000000000800a648       0x78 ./Drivers/STM32L4xx_HAL_Driver/stm32l4xx_hal_i2c.o
 .text.I2C_IsErrorOccurred
                0x000000000800a6c0      0x1d8 ./Drivers/STM32L4xx_HAL_Driver/stm32l4xx_hal_i2c.o
 .text.I2C_TransferConfig
                0x000000000800a898       0x64 ./Drivers/STM32L4xx_HAL_Driver/stm32l4xx_hal_i2c.o
 .text.HAL_I2CEx_ConfigAnalogFilter
                0x000000000800a8fc       0x96 ./Drivers/STM32L4xx_HAL_Driver/stm32l4xx_hal_i2c_ex.o
                0x000000000800a8fc                HAL_I2CEx_ConfigAnalogFilter
 .text.HAL_I2CEx_ConfigDigitalFilter
                0x000000000800a992       0x98 ./Drivers/STM32L4xx_HAL_Driver/stm32l4xx_hal_i2c_ex.o
                0x000000000800a992                HAL_I2CEx_ConfigDigitalFilter
 *fill*         0x000000000800aa2a        0x2 
 .text.HAL_PWREx_GetVoltageRange
                0x000000000800aa2c       0x1c ./Drivers/STM32L4xx_HAL_Driver/stm32l4xx_hal_pwr_ex.o
                0x000000000800aa2c                HAL_PWREx_GetVoltageRange
 .text.HAL_PWREx_ControlVoltageScaling
                0x000000000800aa48       0xac ./Drivers/STM32L4xx_HAL_Driver/stm32l4xx_hal_pwr_ex.o
                0x000000000800aa48                HAL_PWREx_ControlVoltageScaling
 .text.HAL_RCC_OscConfig
                0x000000000800aaf4      0x7cc ./Drivers/STM32L4xx_HAL_Driver/stm32l4xx_hal_rcc.o
                0x000000000800aaf4                HAL_RCC_OscConfig
 .text.HAL_RCC_ClockConfig
                0x000000000800b2c0      0x1c4 ./Drivers/STM32L4xx_HAL_Driver/stm32l4xx_hal_rcc.o
                0x000000000800b2c0                HAL_RCC_ClockConfig
 .text.HAL_RCC_GetSysClockFreq
                0x000000000800b484      0x118 ./Drivers/STM32L4xx_HAL_Driver/stm32l4xx_hal_rcc.o
                0x000000000800b484                HAL_RCC_GetSysClockFreq
 .text.HAL_RCC_GetHCLKFreq
                0x000000000800b59c       0x18 ./Drivers/STM32L4xx_HAL_Driver/stm32l4xx_hal_rcc.o
                0x000000000800b59c                HAL_RCC_GetHCLKFreq
 .text.HAL_RCC_GetPCLK1Freq
                0x000000000800b5b4       0x2c ./Drivers/STM32L4xx_HAL_Driver/stm32l4xx_hal_rcc.o
                0x000000000800b5b4                HAL_RCC_GetPCLK1Freq
 .text.HAL_RCC_GetPCLK2Freq
                0x000000000800b5e0       0x2c ./Drivers/STM32L4xx_HAL_Driver/stm32l4xx_hal_rcc.o
                0x000000000800b5e0                HAL_RCC_GetPCLK2Freq
 .text.RCC_SetFlashLatencyFromMSIRange
                0x000000000800b60c       0xc0 ./Drivers/STM32L4xx_HAL_Driver/stm32l4xx_hal_rcc.o
 .text.HAL_RCCEx_PeriphCLKConfig
                0x000000000800b6cc      0x5d4 ./Drivers/STM32L4xx_HAL_Driver/stm32l4xx_hal_rcc_ex.o
                0x000000000800b6cc                HAL_RCCEx_PeriphCLKConfig
 .text.RCCEx_PLLSAI1_Config
                0x000000000800bca0      0x1e8 ./Drivers/STM32L4xx_HAL_Driver/stm32l4xx_hal_rcc_ex.o
 .text.RCCEx_PLLSAI2_Config
                0x000000000800be88      0x1bc ./Drivers/STM32L4xx_HAL_Driver/stm32l4xx_hal_rcc_ex.o
 .text.HAL_RTC_Init
                0x000000000800c044       0xf6 ./Drivers/STM32L4xx_HAL_Driver/stm32l4xx_hal_rtc.o
                0x000000000800c044                HAL_RTC_Init
 .text.HAL_RTC_SetTime
                0x000000000800c13a      0x13a ./Drivers/STM32L4xx_HAL_Driver/stm32l4xx_hal_rtc.o
                0x000000000800c13a                HAL_RTC_SetTime
 .text.HAL_RTC_GetTime
                0x000000000800c274       0xb8 ./Drivers/STM32L4xx_HAL_Driver/stm32l4xx_hal_rtc.o
                0x000000000800c274                HAL_RTC_GetTime
 .text.HAL_RTC_SetDate
                0x000000000800c32c      0x10e ./Drivers/STM32L4xx_HAL_Driver/stm32l4xx_hal_rtc.o
                0x000000000800c32c                HAL_RTC_SetDate
 .text.HAL_RTC_GetDate
                0x000000000800c43a       0x9a ./Drivers/STM32L4xx_HAL_Driver/stm32l4xx_hal_rtc.o
                0x000000000800c43a                HAL_RTC_GetDate
 .text.HAL_RTC_WaitForSynchro
                0x000000000800c4d4       0x4c ./Drivers/STM32L4xx_HAL_Driver/stm32l4xx_hal_rtc.o
                0x000000000800c4d4                HAL_RTC_WaitForSynchro
 .text.RTC_EnterInitMode
                0x000000000800c520       0x66 ./Drivers/STM32L4xx_HAL_Driver/stm32l4xx_hal_rtc.o
                0x000000000800c520                RTC_EnterInitMode
 *fill*         0x000000000800c586        0x2 
 .text.RTC_ExitInitMode
                0x000000000800c588       0x7c ./Drivers/STM32L4xx_HAL_Driver/stm32l4xx_hal_rtc.o
                0x000000000800c588                RTC_ExitInitMode
 .text.RTC_ByteToBcd2
                0x000000000800c604       0x40 ./Drivers/STM32L4xx_HAL_Driver/stm32l4xx_hal_rtc.o
                0x000000000800c604                RTC_ByteToBcd2
 .text.RTC_Bcd2ToByte
                0x000000000800c644       0x34 ./Drivers/STM32L4xx_HAL_Driver/stm32l4xx_hal_rtc.o
                0x000000000800c644                RTC_Bcd2ToByte
 .text.HAL_TIM_Base_Init
                0x000000000800c678       0xae ./Drivers/STM32L4xx_HAL_Driver/stm32l4xx_hal_tim.o
                0x000000000800c678                HAL_TIM_Base_Init
 *fill*         0x000000000800c726        0x2 
 .text.HAL_TIM_Base_Start_IT
                0x000000000800c728       0xe0 ./Drivers/STM32L4xx_HAL_Driver/stm32l4xx_hal_tim.o
                0x000000000800c728                HAL_TIM_Base_Start_IT
 .text.HAL_TIM_Base_Stop_IT
                0x000000000800c808       0x5e ./Drivers/STM32L4xx_HAL_Driver/stm32l4xx_hal_tim.o
                0x000000000800c808                HAL_TIM_Base_Stop_IT
 .text.HAL_TIM_IRQHandler
                0x000000000800c866      0x23e ./Drivers/STM32L4xx_HAL_Driver/stm32l4xx_hal_tim.o
                0x000000000800c866                HAL_TIM_IRQHandler
 .text.HAL_TIM_ConfigClockSource
                0x000000000800caa4      0x192 ./Drivers/STM32L4xx_HAL_Driver/stm32l4xx_hal_tim.o
                0x000000000800caa4                HAL_TIM_ConfigClockSource
 .text.HAL_TIM_OC_DelayElapsedCallback
                0x000000000800cc36       0x14 ./Drivers/STM32L4xx_HAL_Driver/stm32l4xx_hal_tim.o
                0x000000000800cc36                HAL_TIM_OC_DelayElapsedCallback
 .text.HAL_TIM_IC_CaptureCallback
                0x000000000800cc4a       0x14 ./Drivers/STM32L4xx_HAL_Driver/stm32l4xx_hal_tim.o
                0x000000000800cc4a                HAL_TIM_IC_CaptureCallback
 .text.HAL_TIM_PWM_PulseFinishedCallback
                0x000000000800cc5e       0x14 ./Drivers/STM32L4xx_HAL_Driver/stm32l4xx_hal_tim.o
                0x000000000800cc5e                HAL_TIM_PWM_PulseFinishedCallback
 .text.HAL_TIM_TriggerCallback
                0x000000000800cc72       0x14 ./Drivers/STM32L4xx_HAL_Driver/stm32l4xx_hal_tim.o
                0x000000000800cc72                HAL_TIM_TriggerCallback
 *fill*         0x000000000800cc86        0x2 
 .text.TIM_Base_SetConfig
                0x000000000800cc88      0x134 ./Drivers/STM32L4xx_HAL_Driver/stm32l4xx_hal_tim.o
                0x000000000800cc88                TIM_Base_SetConfig
 .text.TIM_TI1_ConfigInputStage
                0x000000000800cdbc       0x5e ./Drivers/STM32L4xx_HAL_Driver/stm32l4xx_hal_tim.o
 .text.TIM_TI2_ConfigInputStage
                0x000000000800ce1a       0x60 ./Drivers/STM32L4xx_HAL_Driver/stm32l4xx_hal_tim.o
 .text.TIM_ITRx_SetConfig
                0x000000000800ce7a       0x36 ./Drivers/STM32L4xx_HAL_Driver/stm32l4xx_hal_tim.o
 .text.TIM_ETR_SetConfig
                0x000000000800ceb0       0x40 ./Drivers/STM32L4xx_HAL_Driver/stm32l4xx_hal_tim.o
                0x000000000800ceb0                TIM_ETR_SetConfig
 .text.HAL_TIMEx_MasterConfigSynchronization
                0x000000000800cef0      0x110 ./Drivers/STM32L4xx_HAL_Driver/stm32l4xx_hal_tim_ex.o
                0x000000000800cef0                HAL_TIMEx_MasterConfigSynchronization
 .text.HAL_TIMEx_CommutCallback
                0x000000000800d000       0x14 ./Drivers/STM32L4xx_HAL_Driver/stm32l4xx_hal_tim_ex.o
                0x000000000800d000                HAL_TIMEx_CommutCallback
 .text.HAL_TIMEx_BreakCallback
                0x000000000800d014       0x14 ./Drivers/STM32L4xx_HAL_Driver/stm32l4xx_hal_tim_ex.o
                0x000000000800d014                HAL_TIMEx_BreakCallback
 .text.HAL_TIMEx_Break2Callback
                0x000000000800d028       0x14 ./Drivers/STM32L4xx_HAL_Driver/stm32l4xx_hal_tim_ex.o
                0x000000000800d028                HAL_TIMEx_Break2Callback
 .text.HAL_UART_Init
                0x000000000800d03c       0x9c ./Drivers/STM32L4xx_HAL_Driver/stm32l4xx_hal_uart.o
                0x000000000800d03c                HAL_UART_Init
 .text.HAL_UART_MspInit
                0x000000000800d0d8       0x14 ./Drivers/STM32L4xx_HAL_Driver/stm32l4xx_hal_uart.o
                0x000000000800d0d8                HAL_UART_MspInit
 .text.HAL_UART_Transmit
                0x000000000800d0ec      0x128 ./Drivers/STM32L4xx_HAL_Driver/stm32l4xx_hal_uart.o
                0x000000000800d0ec                HAL_UART_Transmit
 .text.HAL_UART_Receive_DMA
                0x000000000800d214       0xac ./Drivers/STM32L4xx_HAL_Driver/stm32l4xx_hal_uart.o
                0x000000000800d214                HAL_UART_Receive_DMA
 .text.HAL_UART_RxCpltCallback
                0x000000000800d2c0       0x14 ./Drivers/STM32L4xx_HAL_Driver/stm32l4xx_hal_uart.o
                0x000000000800d2c0                HAL_UART_RxCpltCallback
 .text.HAL_UART_RxHalfCpltCallback
                0x000000000800d2d4       0x14 ./Drivers/STM32L4xx_HAL_Driver/stm32l4xx_hal_uart.o
                0x000000000800d2d4                HAL_UART_RxHalfCpltCallback
 .text.HAL_UART_ErrorCallback
                0x000000000800d2e8       0x14 ./Drivers/STM32L4xx_HAL_Driver/stm32l4xx_hal_uart.o
                0x000000000800d2e8                HAL_UART_ErrorCallback
 .text.HAL_UARTEx_RxEventCallback
                0x000000000800d2fc       0x18 ./Drivers/STM32L4xx_HAL_Driver/stm32l4xx_hal_uart.o
                0x000000000800d2fc                HAL_UARTEx_RxEventCallback
 .text.UART_SetConfig
                0x000000000800d314      0x514 ./Drivers/STM32L4xx_HAL_Driver/stm32l4xx_hal_uart.o
                0x000000000800d314                UART_SetConfig
 .text.UART_AdvFeatureConfig
                0x000000000800d828      0x144 ./Drivers/STM32L4xx_HAL_Driver/stm32l4xx_hal_uart.o
                0x000000000800d828                UART_AdvFeatureConfig
 .text.UART_CheckIdleState
                0x000000000800d96c       0x92 ./Drivers/STM32L4xx_HAL_Driver/stm32l4xx_hal_uart.o
                0x000000000800d96c                UART_CheckIdleState
 .text.UART_WaitOnFlagUntilTimeout
                0x000000000800d9fe      0x188 ./Drivers/STM32L4xx_HAL_Driver/stm32l4xx_hal_uart.o
                0x000000000800d9fe                UART_WaitOnFlagUntilTimeout
 *fill*         0x000000000800db86        0x2 
 .text.UART_Start_Receive_DMA
                0x000000000800db88      0x14c ./Drivers/STM32L4xx_HAL_Driver/stm32l4xx_hal_uart.o
                0x000000000800db88                UART_Start_Receive_DMA
 .text.UART_EndTxTransfer
                0x000000000800dcd4       0x4c ./Drivers/STM32L4xx_HAL_Driver/stm32l4xx_hal_uart.o
 .text.UART_EndRxTransfer
                0x000000000800dd20       0xc6 ./Drivers/STM32L4xx_HAL_Driver/stm32l4xx_hal_uart.o
 .text.UART_DMAReceiveCplt
                0x000000000800dde6      0x124 ./Drivers/STM32L4xx_HAL_Driver/stm32l4xx_hal_uart.o
 .text.UART_DMARxHalfCplt
                0x000000000800df0a       0x38 ./Drivers/STM32L4xx_HAL_Driver/stm32l4xx_hal_uart.o
 .text.UART_DMAError
                0x000000000800df42       0x7c ./Drivers/STM32L4xx_HAL_Driver/stm32l4xx_hal_uart.o
 *fill*         0x000000000800dfbe        0x2 
 .text.DataHist_parameters
                0x000000000800dfc0      0x178 ../../Middlewares/ST/STM32_MotionFX_Library/Lib\MotionFX_CM4F_wc32_ot_hard.a(motion_fx.o)
 .text.rotVect  0x000000000800e138       0xc4 ../../Middlewares/ST/STM32_MotionFX_Library/Lib\MotionFX_CM4F_wc32_ot_hard.a(motion_fx.o)
 .text.findAxis
                0x000000000800e1fc       0xdc ../../Middlewares/ST/STM32_MotionFX_Library/Lib\MotionFX_CM4F_wc32_ot_hard.a(motion_fx.o)
 .text.findDirection
                0x000000000800e2d8      0x270 ../../Middlewares/ST/STM32_MotionFX_Library/Lib\MotionFX_CM4F_wc32_ot_hard.a(motion_fx.o)
 .text.updateOrientation
                0x000000000800e548      0x118 ../../Middlewares/ST/STM32_MotionFX_Library/Lib\MotionFX_CM4F_wc32_ot_hard.a(motion_fx.o)
 .text.qmult    0x000000000800e660       0x74 ../../Middlewares/ST/STM32_MotionFX_Library/Lib\MotionFX_CM4F_wc32_ot_hard.a(motion_fx.o)
 .text.MEMS_setMagIndexToOne
                0x000000000800e6d4       0x84 ../../Middlewares/ST/STM32_MotionFX_Library/Lib\MotionFX_CM4F_wc32_ot_hard.a(motion_fx.o)
 .text.getRotationMatrix
                0x000000000800e758      0x140 ../../Middlewares/ST/STM32_MotionFX_Library/Lib\MotionFX_CM4F_wc32_ot_hard.a(motion_fx.o)
 .text.b_dcm2q  0x000000000800e898      0x140 ../../Middlewares/ST/STM32_MotionFX_Library/Lib\MotionFX_CM4F_wc32_ot_hard.a(motion_fx.o)