00:44:58 **** Incremental Build of configuration Debug for project STM32WobbleBoardNucleoFinal ****
make -j8 all 
arm-none-eabi-size   STM32WobbleBoardNucleoFinal.elf 
arm-none-eabi-objdump -h -S  STM32WobbleBoardNucleoFinal.elf  > "STM32WobbleBoardNucleoFinal.list"
arm-none-eabi-objcopy  -O binary  STM32WobbleBoardNucleoFinal.elf  "STM32WobbleBoardNucleoFinal.bin"
   text	   data	    bss	    dec	    hex	filename
  95560	    348	   7928	 103836	  1959c	STM32WobbleBoardNucleoFinal.elf
Finished building: default.size.stdout
 
Finished building: STM32WobbleBoardNucleoFinal.bin
 
Finished building: STM32WobbleBoardNucleoFinal.list
 
01:36:33 **** Incremental Build of configuration Debug for project STM32WobbleBoardNucleoFinal ****
make -j8 all 
arm-none-eabi-g++ "../Core/Src/WobbleBoardApp.cpp" -mcpu=cortex-m4 -std=gnu++14 -g3 -DDEBUG -DUSE_HAL_DRIVER -DSTM32L476xx -c -I../Core/Inc -I../Drivers/STM32L4xx_HAL_Driver/Inc -I../Drivers/STM32L4xx_HAL_Driver/Inc/Legacy -I../Drivers/CMSIS/Device/ST/STM32L4xx/Include -I../Drivers/CMSIS/Include -I../Drivers/BSP/Components/Common/Include -I../Drivers/BSP/Components/hts221/Include -I../Drivers/BSP/Components/lps22hb/Include -I../Drivers/BSP/Components/lsm303agr/Include -I../Drivers/BSP/Components/lsm6dsl/Include -I../Drivers/BSP/IKS01A2/Include -I../Drivers/BSP/STM32L4xx_Nucleo/Include -I../Middlewares/ST/STM32_MotionFX_Library/Inc -O0 -ffunction-sections -fdata-sections -fno-exceptions -fno-rtti -fno-use-cxa-atexit -Wall -fstack-usage -MMD -MP -MF"Core/Src/WobbleBoardApp.d" -MT"Core/Src/WobbleBoardApp.o" --specs=nano.specs -mfpu=fpv4-sp-d16 -mfloat-abi=hard -mthumb -o "Core/Src/WobbleBoardApp.o"
arm-none-eabi-g++ "../Core/Src/main.cpp" -mcpu=cortex-m4 -std=gnu++14 -g3 -DDEBUG -DUSE_HAL_DRIVER -DSTM32L476xx -c -I../Core/Inc -I../Drivers/STM32L4xx_HAL_Driver/Inc -I../Drivers/STM32L4xx_HAL_Driver/Inc/Legacy -I../Drivers/CMSIS/Device/ST/STM32L4xx/Include -I../Drivers/CMSIS/Include -I../Drivers/BSP/Components/Common/Include -I../Drivers/BSP/Components/hts221/Include -I../Drivers/BSP/Components/lps22hb/Include -I../Drivers/BSP/Components/lsm303agr/Include -I../Drivers/BSP/Components/lsm6dsl/Include -I../Drivers/BSP/IKS01A2/Include -I../Drivers/BSP/STM32L4xx_Nucleo/Include -I../Middlewares/ST/STM32_MotionFX_Library/Inc -O0 -ffunction-sections -fdata-sections -fno-exceptions -fno-rtti -fno-use-cxa-atexit -Wall -fstack-usage -MMD -MP -MF"Core/Src/main.d" -MT"Core/Src/main.o" --specs=nano.specs -mfpu=fpv4-sp-d16 -mfloat-abi=hard -mthumb -o "Core/Src/main.o"
../Core/Src/WobbleBoardApp.cpp: In member function 'void WobbleBoardApp::Process()':
../Core/Src/WobbleBoardApp.cpp:153:35: error: no matching function for call to 'WobbleBoardApp::Accelero_Sensor_Handler(TMsg*)'
  153 |   Accelero_Sensor_Handler(&msg_dat);
      |                                   ^
In file included from ../Core/Src/WobbleBoardApp.cpp:8:
../Core/Inc/WobbleBoardApp.h:49:7: note: candidate: 'void WobbleBoardApp::Accelero_Sensor_Handler()'
   49 |  void Accelero_Sensor_Handler();
      |       ^~~~~~~~~~~~~~~~~~~~~~~
../Core/Inc/WobbleBoardApp.h:49:7: note:   candidate expects 0 arguments, 1 provided
../Core/Src/WobbleBoardApp.cpp:154:31: error: no matching function for call to 'WobbleBoardApp::Gyro_Sensor_Handler(TMsg*)'
  154 |   Gyro_Sensor_Handler(&msg_dat);
      |                               ^
In file included from ../Core/Src/WobbleBoardApp.cpp:8:
../Core/Inc/WobbleBoardApp.h:50:7: note: candidate: 'void WobbleBoardApp::Gyro_Sensor_Handler()'
   50 |  void Gyro_Sensor_Handler();
      |       ^~~~~~~~~~~~~~~~~~~
../Core/Inc/WobbleBoardApp.h:50:7: note:   candidate expects 0 arguments, 1 provided
../Core/Src/WobbleBoardApp.cpp:155:34: error: no matching function for call to 'WobbleBoardApp::Magneto_Sensor_Handler(TMsg*)'
  155 |   Magneto_Sensor_Handler(&msg_dat);
      |                                  ^
../Core/Src/main.cpp: In function 'void HAL_GPIO_EXTI_Callback(uint16_t)':
../Core/Src/main.cpp:172:12: warning: variable 'cMessage' set but not used [-Wunused-but-set-variable]
  172 |   uint8_t* cMessage = (uint8_t*)"";
      |            ^~~~~~~~
In file included from ../Core/Src/WobbleBoardApp.cpp:8:
../Core/Inc/WobbleBoardApp.h:51:7: note: candidate: 'void WobbleBoardApp::Magneto_Sensor_Handler()'
   51 |  void Magneto_Sensor_Handler();
      |       ^~~~~~~~~~~~~~~~~~~~~~
../Core/Inc/WobbleBoardApp.h:51:7: note:   candidate expects 0 arguments, 1 provided
../Core/Src/WobbleBoardApp.cpp:158:27: error: no matching function for call to 'WobbleBoardApp::FX_Data_Handler(TMsg*)'
  158 |   FX_Data_Handler(&msg_dat);
      |                           ^
In file included from ../Core/Src/WobbleBoardApp.cpp:8:
../Core/Inc/WobbleBoardApp.h:53:7: note: candidate: 'void WobbleBoardApp::FX_Data_Handler()'
   53 |  void FX_Data_Handler();
      |       ^~~~~~~~~~~~~~~
../Core/Inc/WobbleBoardApp.h:53:7: note:   candidate expects 0 arguments, 1 provided
../Core/Src/WobbleBoardApp.cpp:114:7: warning: unused variable 'msg_cmd' [-Wunused-variable]
  114 |  TMsg msg_cmd;
      |       ^~~~~~~
../Core/Src/WobbleBoardApp.cpp: In member function 'void WobbleBoardApp::Accelero_Sensor_Handler()':
../Core/Src/WobbleBoardApp.cpp:193:2: error: 'snprintf' was not declared in this scope
  193 |  snprintf(dataOut, MAX_BUF_SIZE, "\r\nAccelerometer Axes X: %f, Y: %f, Z: %f\r\n",
      |  ^~~~~~~~
../Core/Src/WobbleBoardApp.cpp:20:1: note: 'snprintf' is defined in header '<cstdio>'; did you forget to '#include <cstdio>'?
   19 | #include "bsp_ip_conf.h"
  +++ |+#include <cstdio>
   20 | 
../Core/Src/WobbleBoardApp.cpp: In member function 'void WobbleBoardApp::Gyro_Sensor_Handler()':
../Core/Src/WobbleBoardApp.cpp:205:2: error: 'snprintf' was not declared in this scope
  205 |  snprintf(dataOut, MAX_BUF_SIZE, "\r\nGyro Axes X: %f, Y: %f, Z: %f\r\n",
      |  ^~~~~~~~
../Core/Src/WobbleBoardApp.cpp:205:2: note: 'snprintf' is defined in header '<cstdio>'; did you forget to '#include <cstdio>'?
../Core/Src/WobbleBoardApp.cpp: In member function 'void WobbleBoardApp::Magneto_Sensor_Handler()':
../Core/Src/WobbleBoardApp.cpp:252:2: error: 'snprintf' was not declared in this scope
  252 |  snprintf(dataOut, MAX_BUF_SIZE, "\r\nMagnetometer Axes X: %f, Y: %f, Z: %f\r\n",
      |  ^~~~~~~~
../Core/Src/WobbleBoardApp.cpp:252:2: note: 'snprintf' is defined in header '<cstdio>'; did you forget to '#include <cstdio>'?
../Core/Src/WobbleBoardApp.cpp: In member function 'void WobbleBoardApp::FX_Data_Handler()':
../Core/Src/WobbleBoardApp.cpp:294:5: error: 'pdata' was not declared in this scope
  294 |  if(pdata != nullptr)
      |     ^~~~~
../Core/Src/WobbleBoardApp.cpp:296:3: error: 'snprintf' was not declared in this scope
  296 |   snprintf(dataOut, MAX_BUF_SIZE, "\r\n MotionFusion Quaternion X: %f, Y: %f, Z: %f\r\n",
      |   ^~~~~~~~
../Core/Src/WobbleBoardApp.cpp:296:3: note: 'snprintf' is defined in header '<cstdio>'; did you forget to '#include <cstdio>'?
make: *** [Core/Src/subdir.mk:80: Core/Src/WobbleBoardApp.o] Error 1
make: *** Waiting for unfinished jobs....
"make -j8 all" terminated with exit code 2. Build might be incomplete.
01:41:51 **** Incremental Build of configuration Debug for project STM32WobbleBoardNucleoFinal ****
make -j8 all 
arm-none-eabi-g++ "../Core/Src/WobbleBoardApp.cpp" -mcpu=cortex-m4 -std=gnu++14 -g3 -DDEBUG -DUSE_HAL_DRIVER -DSTM32L476xx -c -I../Core/Inc -I../Drivers/STM32L4xx_HAL_Driver/Inc -I../Drivers/STM32L4xx_HAL_Driver/Inc/Legacy -I../Drivers/CMSIS/Device/ST/STM32L4xx/Include -I../Drivers/CMSIS/Include -I../Drivers/BSP/Components/Common/Include -I../Drivers/BSP/Components/hts221/Include -I../Drivers/BSP/Components/lps22hb/Include -I../Drivers/BSP/Components/lsm303agr/Include -I../Drivers/BSP/Components/lsm6dsl/Include -I../Drivers/BSP/IKS01A2/Include -I../Drivers/BSP/STM32L4xx_Nucleo/Include -I../Middlewares/ST/STM32_MotionFX_Library/Inc -O0 -ffunction-sections -fdata-sections -fno-exceptions -fno-rtti -fno-use-cxa-atexit -Wall -fstack-usage -MMD -MP -MF"Core/Src/WobbleBoardApp.d" -MT"Core/Src/WobbleBoardApp.o" --specs=nano.specs -mfpu=fpv4-sp-d16 -mfloat-abi=hard -mthumb -o "Core/Src/WobbleBoardApp.o"
../Core/Src/WobbleBoardApp.cpp: In member function 'void WobbleBoardApp::Process()':
../Core/Src/WobbleBoardApp.cpp:155:35: error: no matching function for call to 'WobbleBoardApp::Accelero_Sensor_Handler(TMsg*)'
  155 |   Accelero_Sensor_Handler(&msg_dat);
      |                                   ^
In file included from ../Core/Src/WobbleBoardApp.cpp:8:
../Core/Inc/WobbleBoardApp.h:49:7: note: candidate: 'void WobbleBoardApp::Accelero_Sensor_Handler()'
   49 |  void Accelero_Sensor_Handler();
      |       ^~~~~~~~~~~~~~~~~~~~~~~
../Core/Inc/WobbleBoardApp.h:49:7: note:   candidate expects 0 arguments, 1 provided
../Core/Src/WobbleBoardApp.cpp:156:31: error: no matching function for call to 'WobbleBoardApp::Gyro_Sensor_Handler(TMsg*)'
  156 |   Gyro_Sensor_Handler(&msg_dat);
      |                               ^
In file included from ../Core/Src/WobbleBoardApp.cpp:8:
../Core/Inc/WobbleBoardApp.h:50:7: note: candidate: 'void WobbleBoardApp::Gyro_Sensor_Handler()'
   50 |  void Gyro_Sensor_Handler();
      |       ^~~~~~~~~~~~~~~~~~~
../Core/Inc/WobbleBoardApp.h:50:7: note:   candidate expects 0 arguments, 1 provided
../Core/Src/WobbleBoardApp.cpp:157:34: error: no matching function for call to 'WobbleBoardApp::Magneto_Sensor_Handler(TMsg*)'
  157 |   Magneto_Sensor_Handler(&msg_dat);
      |                                  ^
In file included from ../Core/Src/WobbleBoardApp.cpp:8:
../Core/Inc/WobbleBoardApp.h:51:7: note: candidate: 'void WobbleBoardApp::Magneto_Sensor_Handler()'
   51 |  void Magneto_Sensor_Handler();
      |       ^~~~~~~~~~~~~~~~~~~~~~
../Core/Inc/WobbleBoardApp.h:51:7: note:   candidate expects 0 arguments, 1 provided
../Core/Src/WobbleBoardApp.cpp:160:27: error: no matching function for call to 'WobbleBoardApp::FX_Data_Handler(TMsg*)'
  160 |   FX_Data_Handler(&msg_dat);
      |                           ^
In file included from ../Core/Src/WobbleBoardApp.cpp:8:
../Core/Inc/WobbleBoardApp.h:53:7: note: candidate: 'void WobbleBoardApp::FX_Data_Handler()'
   53 |  void FX_Data_Handler();
      |       ^~~~~~~~~~~~~~~
../Core/Inc/WobbleBoardApp.h:53:7: note:   candidate expects 0 arguments, 1 provided
../Core/Src/WobbleBoardApp.cpp:116:7: warning: unused variable 'msg_cmd' [-Wunused-variable]
  116 |  TMsg msg_cmd;
      |       ^~~~~~~
../Core/Src/WobbleBoardApp.cpp: In member function 'void WobbleBoardApp::Accelero_Sensor_Handler()':
../Core/Src/WobbleBoardApp.cpp:195:62: warning: format '%f' expects argument of type 'double', but argument 4 has type 'int32_t' {aka 'long int'} [-Wformat=]
  195 |  snprintf(dataOut, MAX_BUF_SIZE, "\r\nAccelerometer Axes X: %f, Y: %f, Z: %f\r\n",
      |                                                             ~^
      |                                                              |
      |                                                              double
      |                                                             %ld
  196 |               AccValue.x, AccValue.y, AccValue.z);
      |               ~~~~~~~~~~                                      
      |                        |
      |                        int32_t {aka long int}
../Core/Src/WobbleBoardApp.cpp:195:69: warning: format '%f' expects argument of type 'double', but argument 5 has type 'int32_t' {aka 'long int'} [-Wformat=]
  195 |  snprintf(dataOut, MAX_BUF_SIZE, "\r\nAccelerometer Axes X: %f, Y: %f, Z: %f\r\n",
      |                                                                    ~^
      |                                                                     |
      |                                                                     double
      |                                                                    %ld
  196 |               AccValue.x, AccValue.y, AccValue.z);
      |                           ~~~~~~~~~~                                 
      |                                    |
      |                                    int32_t {aka long int}
../Core/Src/WobbleBoardApp.cpp:195:76: warning: format '%f' expects argument of type 'double', but argument 6 has type 'int32_t' {aka 'long int'} [-Wformat=]
  195 |  snprintf(dataOut, MAX_BUF_SIZE, "\r\nAccelerometer Axes X: %f, Y: %f, Z: %f\r\n",
      |                                                                           ~^
      |                                                                            |
      |                                                                            double
      |                                                                           %ld
  196 |               AccValue.x, AccValue.y, AccValue.z);
      |                                       ~~~~~~~~~~                            
      |                                                |
      |                                                int32_t {aka long int}
../Core/Src/WobbleBoardApp.cpp: In member function 'void WobbleBoardApp::Gyro_Sensor_Handler()':
../Core/Src/WobbleBoardApp.cpp:208:53: warning: format '%f' expects argument of type 'double', but argument 4 has type 'int32_t' {aka 'long int'} [-Wformat=]
  208 |  snprintf(dataOut, MAX_BUF_SIZE, "\r\nGyro Axes X: %f, Y: %f, Z: %f\r\n",
      |                                                    ~^
      |                                                     |
      |                                                     double
      |                                                    %ld
  209 |               GyrValue.x, GyrValue.y, GyrValue.z);
      |               ~~~~~~~~~~                             
      |                        |
      |                        int32_t {aka long int}
../Core/Src/WobbleBoardApp.cpp:208:60: warning: format '%f' expects argument of type 'double', but argument 5 has type 'int32_t' {aka 'long int'} [-Wformat=]
  208 |  snprintf(dataOut, MAX_BUF_SIZE, "\r\nGyro Axes X: %f, Y: %f, Z: %f\r\n",
      |                                                           ~^
      |                                                            |
      |                                                            double
      |                                                           %ld
  209 |               GyrValue.x, GyrValue.y, GyrValue.z);
      |                           ~~~~~~~~~~                        
      |                                    |
      |                                    int32_t {aka long int}
../Core/Src/WobbleBoardApp.cpp:208:67: warning: format '%f' expects argument of type 'double', but argument 6 has type 'int32_t' {aka 'long int'} [-Wformat=]
  208 |  snprintf(dataOut, MAX_BUF_SIZE, "\r\nGyro Axes X: %f, Y: %f, Z: %f\r\n",
      |                                                                  ~^
      |                                                                   |
      |                                                                   double
      |                                                                  %ld
  209 |               GyrValue.x, GyrValue.y, GyrValue.z);
      |                                       ~~~~~~~~~~                   
      |                                                |
      |                                                int32_t {aka long int}
../Core/Src/WobbleBoardApp.cpp: In member function 'void WobbleBoardApp::Magneto_Sensor_Handler()':
../Core/Src/WobbleBoardApp.cpp:256:61: warning: format '%f' expects argument of type 'double', but argument 4 has type 'int32_t' {aka 'long int'} [-Wformat=]
  256 |  snprintf(dataOut, MAX_BUF_SIZE, "\r\nMagnetometer Axes X: %f, Y: %f, Z: %f\r\n",
      |                                                            ~^
      |                                                             |
      |                                                             double
      |                                                            %ld
  257 |               MagValue.x, MagValue.y, MagValue.z);
      |               ~~~~~~~~~~                                     
      |                        |
      |                        int32_t {aka long int}
../Core/Src/WobbleBoardApp.cpp:256:68: warning: format '%f' expects argument of type 'double', but argument 5 has type 'int32_t' {aka 'long int'} [-Wformat=]
  256 |  snprintf(dataOut, MAX_BUF_SIZE, "\r\nMagnetometer Axes X: %f, Y: %f, Z: %f\r\n",
      |                                                                   ~^
      |                                                                    |
      |                                                                    double
      |                                                                   %ld
  257 |               MagValue.x, MagValue.y, MagValue.z);
      |                           ~~~~~~~~~~                                
      |                                    |
      |                                    int32_t {aka long int}
../Core/Src/WobbleBoardApp.cpp:256:75: warning: format '%f' expects argument of type 'double', but argument 6 has type 'int32_t' {aka 'long int'} [-Wformat=]
  256 |  snprintf(dataOut, MAX_BUF_SIZE, "\r\nMagnetometer Axes X: %f, Y: %f, Z: %f\r\n",
      |                                                                          ~^
      |                                                                           |
      |                                                                           double
      |                                                                          %ld
  257 |               MagValue.x, MagValue.y, MagValue.z);
      |                                       ~~~~~~~~~~                           
      |                                                |
      |                                                int32_t {aka long int}
make: *** [Core/Src/subdir.mk:80: Core/Src/WobbleBoardApp.o] Error 1
"make -j8 all" terminated with exit code 2. Build might be incomplete.
01:45:39 **** Incremental Build of configuration Debug for project STM32WobbleBoardNucleoFinal ****
make -j8 all 
arm-none-eabi-g++ "../Core/Src/WobbleBoardApp.cpp" -mcpu=cortex-m4 -std=gnu++14 -g3 -DDEBUG -DUSE_HAL_DRIVER -DSTM32L476xx -c -I../Core/Inc -I../Drivers/STM32L4xx_HAL_Driver/Inc -I../Drivers/STM32L4xx_HAL_Driver/Inc/Legacy -I../Drivers/CMSIS/Device/ST/STM32L4xx/Include -I../Drivers/CMSIS/Include -I../Drivers/BSP/Components/Common/Include -I../Drivers/BSP/Components/hts221/Include -I../Drivers/BSP/Components/lps22hb/Include -I../Drivers/BSP/Components/lsm303agr/Include -I../Drivers/BSP/Components/lsm6dsl/Include -I../Drivers/BSP/IKS01A2/Include -I../Drivers/BSP/STM32L4xx_Nucleo/Include -I../Middlewares/ST/STM32_MotionFX_Library/Inc -O0 -ffunction-sections -fdata-sections -fno-exceptions -fno-rtti -fno-use-cxa-atexit -Wall -fstack-usage -MMD -MP -MF"Core/Src/WobbleBoardApp.d" -MT"Core/Src/WobbleBoardApp.o" --specs=nano.specs -mfpu=fpv4-sp-d16 -mfloat-abi=hard -mthumb -o "Core/Src/WobbleBoardApp.o"
../Core/Src/WobbleBoardApp.cpp: In member function 'void WobbleBoardApp::Process()':
../Core/Src/WobbleBoardApp.cpp:155:35: error: no matching function for call to 'WobbleBoardApp::Accelero_Sensor_Handler(TMsg*)'
  155 |   Accelero_Sensor_Handler(&msg_dat);
      |                                   ^
In file included from ../Core/Src/WobbleBoardApp.cpp:8:
../Core/Inc/WobbleBoardApp.h:49:7: note: candidate: 'void WobbleBoardApp::Accelero_Sensor_Handler()'
   49 |  void Accelero_Sensor_Handler();
      |       ^~~~~~~~~~~~~~~~~~~~~~~
../Core/Inc/WobbleBoardApp.h:49:7: note:   candidate expects 0 arguments, 1 provided
../Core/Src/WobbleBoardApp.cpp:156:31: error: no matching function for call to 'WobbleBoardApp::Gyro_Sensor_Handler(TMsg*)'
  156 |   Gyro_Sensor_Handler(&msg_dat);
      |                               ^
In file included from ../Core/Src/WobbleBoardApp.cpp:8:
../Core/Inc/WobbleBoardApp.h:50:7: note: candidate: 'void WobbleBoardApp::Gyro_Sensor_Handler()'
   50 |  void Gyro_Sensor_Handler();
      |       ^~~~~~~~~~~~~~~~~~~
../Core/Inc/WobbleBoardApp.h:50:7: note:   candidate expects 0 arguments, 1 provided
../Core/Src/WobbleBoardApp.cpp:157:34: error: no matching function for call to 'WobbleBoardApp::Magneto_Sensor_Handler(TMsg*)'
  157 |   Magneto_Sensor_Handler(&msg_dat);
      |                                  ^
In file included from ../Core/Src/WobbleBoardApp.cpp:8:
../Core/Inc/WobbleBoardApp.h:51:7: note: candidate: 'void WobbleBoardApp::Magneto_Sensor_Handler()'
   51 |  void Magneto_Sensor_Handler();
      |       ^~~~~~~~~~~~~~~~~~~~~~
../Core/Inc/WobbleBoardApp.h:51:7: note:   candidate expects 0 arguments, 1 provided
../Core/Src/WobbleBoardApp.cpp:160:27: error: no matching function for call to 'WobbleBoardApp::FX_Data_Handler(TMsg*)'
  160 |   FX_Data_Handler(&msg_dat);
      |                           ^
In file included from ../Core/Src/WobbleBoardApp.cpp:8:
../Core/Inc/WobbleBoardApp.h:53:7: note: candidate: 'void WobbleBoardApp::FX_Data_Handler()'
   53 |  void FX_Data_Handler();
      |       ^~~~~~~~~~~~~~~
../Core/Inc/WobbleBoardApp.h:53:7: note:   candidate expects 0 arguments, 1 provided
../Core/Src/WobbleBoardApp.cpp:116:7: warning: unused variable 'msg_cmd' [-Wunused-variable]
  116 |  TMsg msg_cmd;
      |       ^~~~~~~
../Core/Src/WobbleBoardApp.cpp: In member function 'void WobbleBoardApp::Accelero_Sensor_Handler()':
../Core/Src/WobbleBoardApp.cpp:195:62: warning: format '%f' expects argument of type 'double', but argument 4 has type 'int32_t' {aka 'long int'} [-Wformat=]
  195 |  snprintf(dataOut, MAX_BUF_SIZE, "\r\nAccelerometer Axes X: %f, Y: %f, Z: %f\r\n",
      |                                                             ~^
      |                                                              |
      |                                                              double
      |                                                             %ld
  196 |               AccValue.x, AccValue.y, AccValue.z);
      |               ~~~~~~~~~~                                      
      |                        |
      |                        int32_t {aka long int}
../Core/Src/WobbleBoardApp.cpp:195:69: warning: format '%f' expects argument of type 'double', but argument 5 has type 'int32_t' {aka 'long int'} [-Wformat=]
  195 |  snprintf(dataOut, MAX_BUF_SIZE, "\r\nAccelerometer Axes X: %f, Y: %f, Z: %f\r\n",
      |                                                                    ~^
      |                                                                     |
      |                                                                     double
      |                                                                    %ld
  196 |               AccValue.x, AccValue.y, AccValue.z);
      |                           ~~~~~~~~~~                                 
      |                                    |
      |                                    int32_t {aka long int}
../Core/Src/WobbleBoardApp.cpp:195:76: warning: format '%f' expects argument of type 'double', but argument 6 has type 'int32_t' {aka 'long int'} [-Wformat=]
  195 |  snprintf(dataOut, MAX_BUF_SIZE, "\r\nAccelerometer Axes X: %f, Y: %f, Z: %f\r\n",
      |                                                                           ~^
      |                                                                            |
      |                                                                            double
      |                                                                           %ld
  196 |               AccValue.x, AccValue.y, AccValue.z);
      |                                       ~~~~~~~~~~                            
      |                                                |
      |                                                int32_t {aka long int}
../Core/Src/WobbleBoardApp.cpp: In member function 'void WobbleBoardApp::Gyro_Sensor_Handler()':
../Core/Src/WobbleBoardApp.cpp:208:53: warning: format '%f' expects argument of type 'double', but argument 4 has type 'int32_t' {aka 'long int'} [-Wformat=]
  208 |  snprintf(dataOut, MAX_BUF_SIZE, "\r\nGyro Axes X: %f, Y: %f, Z: %f\r\n",
      |                                                    ~^
      |                                                     |
      |                                                     double
      |                                                    %ld
  209 |               GyrValue.x, GyrValue.y, GyrValue.z);
      |               ~~~~~~~~~~                             
      |                        |
      |                        int32_t {aka long int}
../Core/Src/WobbleBoardApp.cpp:208:60: warning: format '%f' expects argument of type 'double', but argument 5 has type 'int32_t' {aka 'long int'} [-Wformat=]
  208 |  snprintf(dataOut, MAX_BUF_SIZE, "\r\nGyro Axes X: %f, Y: %f, Z: %f\r\n",
      |                                                           ~^
      |                                                            |
      |                                                            double
      |                                                           %ld
  209 |               GyrValue.x, GyrValue.y, GyrValue.z);
      |                           ~~~~~~~~~~                        
      |                                    |
      |                                    int32_t {aka long int}
../Core/Src/WobbleBoardApp.cpp:208:67: warning: format '%f' expects argument of type 'double', but argument 6 has type 'int32_t' {aka 'long int'} [-Wformat=]
  208 |  snprintf(dataOut, MAX_BUF_SIZE, "\r\nGyro Axes X: %f, Y: %f, Z: %f\r\n",
      |                                                                  ~^
      |                                                                   |
      |                                                                   double
      |                                                                  %ld
  209 |               GyrValue.x, GyrValue.y, GyrValue.z);
      |                                       ~~~~~~~~~~                   
      |                                                |
      |                                                int32_t {aka long int}
../Core/Src/WobbleBoardApp.cpp: In member function 'void WobbleBoardApp::Magneto_Sensor_Handler()':
../Core/Src/WobbleBoardApp.cpp:256:61: warning: format '%f' expects argument of type 'double', but argument 4 has type 'int32_t' {aka 'long int'} [-Wformat=]
  256 |  snprintf(dataOut, MAX_BUF_SIZE, "\r\nMagnetometer Axes X: %f, Y: %f, Z: %f\r\n",
      |                                                            ~^
      |                                                             |
      |                                                             double
      |                                                            %ld
  257 |               MagValue.x, MagValue.y, MagValue.z);
      |               ~~~~~~~~~~                                     
      |                        |
      |                        int32_t {aka long int}
../Core/Src/WobbleBoardApp.cpp:256:68: warning: format '%f' expects argument of type 'double', but argument 5 has type 'int32_t' {aka 'long int'} [-Wformat=]
  256 |  snprintf(dataOut, MAX_BUF_SIZE, "\r\nMagnetometer Axes X: %f, Y: %f, Z: %f\r\n",
      |                                                                   ~^
      |                                                                    |
      |                                                                    double
      |                                                                   %ld
  257 |               MagValue.x, MagValue.y, MagValue.z);
      |                           ~~~~~~~~~~                                
      |                                    |
      |                                    int32_t {aka long int}
../Core/Src/WobbleBoardApp.cpp:256:75: warning: format '%f' expects argument of type 'double', but argument 6 has type 'int32_t' {aka 'long int'} [-Wformat=]
  256 |  snprintf(dataOut, MAX_BUF_SIZE, "\r\nMagnetometer Axes X: %f, Y: %f, Z: %f\r\n",
      |                                                                          ~^
      |                                                                           |
      |                                                                           double
      |                                                                          %ld
  257 |               MagValue.x, MagValue.y, MagValue.z);
      |                                       ~~~~~~~~~~                           
      |                                                |
      |                                                int32_t {aka long int}
make: *** [Core/Src/subdir.mk:80: Core/Src/WobbleBoardApp.o] Error 1
"make -j8 all" terminated with exit code 2. Build might be incomplete.
01:55:38 **** Incremental Build of configuration Debug for project STM32WobbleBoardNucleoFinal ****
make -j8 all 
arm-none-eabi-g++ "../Core/Src/WobbleBoardApp.cpp" -mcpu=cortex-m4 -std=gnu++14 -g3 -DDEBUG -DUSE_HAL_DRIVER -DSTM32L476xx -c -I../Core/Inc -I../Drivers/STM32L4xx_HAL_Driver/Inc -I../Drivers/STM32L4xx_HAL_Driver/Inc/Legacy -I../Drivers/CMSIS/Device/ST/STM32L4xx/Include -I../Drivers/CMSIS/Include -I../Drivers/BSP/Components/Common/Include -I../Drivers/BSP/Components/hts221/Include -I../Drivers/BSP/Components/lps22hb/Include -I../Drivers/BSP/Components/lsm303agr/Include -I../Drivers/BSP/Components/lsm6dsl/Include -I../Drivers/BSP/IKS01A2/Include -I../Drivers/BSP/STM32L4xx_Nucleo/Include -I../Middlewares/ST/STM32_MotionFX_Library/Inc -O0 -ffunction-sections -fdata-sections -fno-exceptions -fno-rtti -fno-use-cxa-atexit -Wall -fstack-usage -MMD -MP -MF"Core/Src/WobbleBoardApp.d" -MT"Core/Src/WobbleBoardApp.o" --specs=nano.specs -mfpu=fpv4-sp-d16 -mfloat-abi=hard -mthumb -o "Core/Src/WobbleBoardApp.o"
../Core/Src/WobbleBoardApp.cpp: In member function 'void WobbleBoardApp::Process()':
../Core/Src/WobbleBoardApp.cpp:155:35: error: no matching function for call to 'WobbleBoardApp::Accelero_Sensor_Handler(TMsg*)'
  155 |   Accelero_Sensor_Handler(&msg_dat);
      |                                   ^
In file included from ../Core/Src/WobbleBoardApp.cpp:8:
../Core/Inc/WobbleBoardApp.h:49:7: note: candidate: 'void WobbleBoardApp::Accelero_Sensor_Handler()'
   49 |  void Accelero_Sensor_Handler();
      |       ^~~~~~~~~~~~~~~~~~~~~~~
../Core/Inc/WobbleBoardApp.h:49:7: note:   candidate expects 0 arguments, 1 provided
../Core/Src/WobbleBoardApp.cpp:156:31: error: no matching function for call to 'WobbleBoardApp::Gyro_Sensor_Handler(TMsg*)'
  156 |   Gyro_Sensor_Handler(&msg_dat);
      |                               ^
In file included from ../Core/Src/WobbleBoardApp.cpp:8:
../Core/Inc/WobbleBoardApp.h:50:7: note: candidate: 'void WobbleBoardApp::Gyro_Sensor_Handler()'
   50 |  void Gyro_Sensor_Handler();
      |       ^~~~~~~~~~~~~~~~~~~
../Core/Inc/WobbleBoardApp.h:50:7: note:   candidate expects 0 arguments, 1 provided
../Core/Src/WobbleBoardApp.cpp:157:34: error: no matching function for call to 'WobbleBoardApp::Magneto_Sensor_Handler(TMsg*)'
  157 |   Magneto_Sensor_Handler(&msg_dat);
      |                                  ^
In file included from ../Core/Src/WobbleBoardApp.cpp:8:
../Core/Inc/WobbleBoardApp.h:51:7: note: candidate: 'void WobbleBoardApp::Magneto_Sensor_Handler()'
   51 |  void Magneto_Sensor_Handler();
      |       ^~~~~~~~~~~~~~~~~~~~~~
../Core/Inc/WobbleBoardApp.h:51:7: note:   candidate expects 0 arguments, 1 provided
../Core/Src/WobbleBoardApp.cpp:160:27: error: no matching function for call to 'WobbleBoardApp::FX_Data_Handler(TMsg*)'
  160 |   FX_Data_Handler(&msg_dat);
      |                           ^
In file included from ../Core/Src/WobbleBoardApp.cpp:8:
../Core/Inc/WobbleBoardApp.h:53:7: note: candidate: 'void WobbleBoardApp::FX_Data_Handler()'
   53 |  void FX_Data_Handler();
      |       ^~~~~~~~~~~~~~~
../Core/Inc/WobbleBoardApp.h:53:7: note:   candidate expects 0 arguments, 1 provided
../Core/Src/WobbleBoardApp.cpp:116:7: warning: unused variable 'msg_cmd' [-Wunused-variable]
  116 |  TMsg msg_cmd;
      |       ^~~~~~~
../Core/Src/WobbleBoardApp.cpp: In member function 'void WobbleBoardApp::Accelero_Sensor_Handler()':
../Core/Src/WobbleBoardApp.cpp:195:64: warning: format '%f' expects argument of type 'double', but argument 4 has type 'int32_t' {aka 'long int'} [-Wformat=]
  195 |  snprintf(dataOut, MAX_BUF_SIZE, "\r\nAccelerometer Axes X: %.1f, Y: %.1f, Z: %.1f\r\n",
      |                                                             ~~~^
      |                                                                |
      |                                                                double
      |                                                             %.1ld
  196 |               AccValue.x, AccValue.y, AccValue.z);
      |               ~~~~~~~~~~                                        
      |                        |
      |                        int32_t {aka long int}
../Core/Src/WobbleBoardApp.cpp:195:73: warning: format '%f' expects argument of type 'double', but argument 5 has type 'int32_t' {aka 'long int'} [-Wformat=]
  195 |  snprintf(dataOut, MAX_BUF_SIZE, "\r\nAccelerometer Axes X: %.1f, Y: %.1f, Z: %.1f\r\n",
      |                                                                      ~~~^
      |                                                                         |
      |                                                                         double
      |                                                                      %.1ld
  196 |               AccValue.x, AccValue.y, AccValue.z);
      |                           ~~~~~~~~~~                                     
      |                                    |
      |                                    int32_t {aka long int}
../Core/Src/WobbleBoardApp.cpp:195:82: warning: format '%f' expects argument of type 'double', but argument 6 has type 'int32_t' {aka 'long int'} [-Wformat=]
  195 |  snprintf(dataOut, MAX_BUF_SIZE, "\r\nAccelerometer Axes X: %.1f, Y: %.1f, Z: %.1f\r\n",
      |                                                                               ~~~^
      |                                                                                  |
      |                                                                                  double
      |                                                                               %.1ld
  196 |               AccValue.x, AccValue.y, AccValue.z);
      |                                       ~~~~~~~~~~                                  
      |                                                |
      |                                                int32_t {aka long int}
../Core/Src/WobbleBoardApp.cpp: In member function 'void WobbleBoardApp::Gyro_Sensor_Handler()':
../Core/Src/WobbleBoardApp.cpp:208:55: warning: format '%f' expects argument of type 'double', but argument 4 has type 'int32_t' {aka 'long int'} [-Wformat=]
  208 |  snprintf(dataOut, MAX_BUF_SIZE, "\r\nGyro Axes X: %.1f, Y: %.1f, Z: %.1f\r\n",
      |                                                    ~~~^
      |                                                       |
      |                                                       double
      |                                                    %.1ld
  209 |               GyrValue.x, GyrValue.y, GyrValue.z);
      |               ~~~~~~~~~~                               
      |                        |
      |                        int32_t {aka long int}
../Core/Src/WobbleBoardApp.cpp:208:64: warning: format '%f' expects argument of type 'double', but argument 5 has type 'int32_t' {aka 'long int'} [-Wformat=]
  208 |  snprintf(dataOut, MAX_BUF_SIZE, "\r\nGyro Axes X: %.1f, Y: %.1f, Z: %.1f\r\n",
      |                                                             ~~~^
      |                                                                |
      |                                                                double
      |                                                             %.1ld
  209 |               GyrValue.x, GyrValue.y, GyrValue.z);
      |                           ~~~~~~~~~~                            
      |                                    |
      |                                    int32_t {aka long int}
../Core/Src/WobbleBoardApp.cpp:208:73: warning: format '%f' expects argument of type 'double', but argument 6 has type 'int32_t' {aka 'long int'} [-Wformat=]
  208 |  snprintf(dataOut, MAX_BUF_SIZE, "\r\nGyro Axes X: %.1f, Y: %.1f, Z: %.1f\r\n",
      |                                                                      ~~~^
      |                                                                         |
      |                                                                         double
      |                                                                      %.1ld
  209 |               GyrValue.x, GyrValue.y, GyrValue.z);
      |                                       ~~~~~~~~~~                         
      |                                                |
      |                                                int32_t {aka long int}
../Core/Src/WobbleBoardApp.cpp: In member function 'void WobbleBoardApp::Magneto_Sensor_Handler()':
../Core/Src/WobbleBoardApp.cpp:256:63: warning: format '%f' expects argument of type 'double', but argument 4 has type 'int32_t' {aka 'long int'} [-Wformat=]
  256 |  snprintf(dataOut, MAX_BUF_SIZE, "\r\nMagnetometer Axes X: %.1f, Y: %.1f, Z: %.1f\r\n",
      |                                                            ~~~^
      |                                                               |
      |                                                               double
      |                                                            %.1ld
  257 |               MagValue.x, MagValue.y, MagValue.z);
      |               ~~~~~~~~~~                                       
      |                        |
      |                        int32_t {aka long int}
../Core/Src/WobbleBoardApp.cpp:256:72: warning: format '%f' expects argument of type 'double', but argument 5 has type 'int32_t' {aka 'long int'} [-Wformat=]
  256 |  snprintf(dataOut, MAX_BUF_SIZE, "\r\nMagnetometer Axes X: %.1f, Y: %.1f, Z: %.1f\r\n",
      |                                                                     ~~~^
      |                                                                        |
      |                                                                        double
      |                                                                     %.1ld
  257 |               MagValue.x, MagValue.y, MagValue.z);
      |                           ~~~~~~~~~~                                    
      |                                    |
      |                                    int32_t {aka long int}
../Core/Src/WobbleBoardApp.cpp:256:81: warning: format '%f' expects argument of type 'double', but argument 6 has type 'int32_t' {aka 'long int'} [-Wformat=]
  256 |  snprintf(dataOut, MAX_BUF_SIZE, "\r\nMagnetometer Axes X: %.1f, Y: %.1f, Z: %.1f\r\n",
      |                                                                              ~~~^
      |                                                                                 |
      |                                                                                 double
      |                                                                              %.1ld
  257 |               MagValue.x, MagValue.y, MagValue.z);
      |                                       ~~~~~~~~~~                                 
      |                                                |
      |                                                int32_t {aka long int}
make: *** [Core/Src/subdir.mk:80: Core/Src/WobbleBoardApp.o] Error 1
"make -j8 all" terminated with exit code 2. Build might be incomplete.
01:58:08 **** Incremental Build of configuration Debug for project STM32WobbleBoardNucleoFinal ****
make -j8 all 
arm-none-eabi-g++ "../Core/Src/WobbleBoardApp.cpp" -mcpu=cortex-m4 -std=gnu++14 -g3 -DDEBUG -DUSE_HAL_DRIVER -DSTM32L476xx -c -I../Core/Inc -I../Drivers/STM32L4xx_HAL_Driver/Inc -I../Drivers/STM32L4xx_HAL_Driver/Inc/Legacy -I../Drivers/CMSIS/Device/ST/STM32L4xx/Include -I../Drivers/CMSIS/Include -I../Drivers/BSP/Components/Common/Include -I../Drivers/BSP/Components/hts221/Include -I../Drivers/BSP/Components/lps22hb/Include -I../Drivers/BSP/Components/lsm303agr/Include -I../Drivers/BSP/Components/lsm6dsl/Include -I../Drivers/BSP/IKS01A2/Include -I../Drivers/BSP/STM32L4xx_Nucleo/Include -I../Middlewares/ST/STM32_MotionFX_Library/Inc -O0 -ffunction-sections -fdata-sections -fno-exceptions -fno-rtti -fno-use-cxa-atexit -Wall -fstack-usage -MMD -MP -MF"Core/Src/WobbleBoardApp.d" -MT"Core/Src/WobbleBoardApp.o" --specs=nano.specs -mfpu=fpv4-sp-d16 -mfloat-abi=hard -mthumb -o "Core/Src/WobbleBoardApp.o"
../Core/Src/WobbleBoardApp.cpp: In member function 'void WobbleBoardApp::Process()':
../Core/Src/WobbleBoardApp.cpp:155:35: error: no matching function for call to 'WobbleBoardApp::Accelero_Sensor_Handler(TMsg*)'
  155 |   Accelero_Sensor_Handler(&msg_dat);
      |                                   ^
In file included from ../Core/Src/WobbleBoardApp.cpp:8:
../Core/Inc/WobbleBoardApp.h:49:7: note: candidate: 'void WobbleBoardApp::Accelero_Sensor_Handler()'
   49 |  void Accelero_Sensor_Handler();
      |       ^~~~~~~~~~~~~~~~~~~~~~~
../Core/Inc/WobbleBoardApp.h:49:7: note:   candidate expects 0 arguments, 1 provided
../Core/Src/WobbleBoardApp.cpp:156:31: error: no matching function for call to 'WobbleBoardApp::Gyro_Sensor_Handler(TMsg*)'
  156 |   Gyro_Sensor_Handler(&msg_dat);
      |                               ^
In file included from ../Core/Src/WobbleBoardApp.cpp:8:
../Core/Inc/WobbleBoardApp.h:50:7: note: candidate: 'void WobbleBoardApp::Gyro_Sensor_Handler()'
   50 |  void Gyro_Sensor_Handler();
      |       ^~~~~~~~~~~~~~~~~~~
../Core/Inc/WobbleBoardApp.h:50:7: note:   candidate expects 0 arguments, 1 provided
../Core/Src/WobbleBoardApp.cpp:157:34: error: no matching function for call to 'WobbleBoardApp::Magneto_Sensor_Handler(TMsg*)'
  157 |   Magneto_Sensor_Handler(&msg_dat);
      |                                  ^
In file included from ../Core/Src/WobbleBoardApp.cpp:8:
../Core/Inc/WobbleBoardApp.h:51:7: note: candidate: 'void WobbleBoardApp::Magneto_Sensor_Handler()'
   51 |  void Magneto_Sensor_Handler();
      |       ^~~~~~~~~~~~~~~~~~~~~~
../Core/Inc/WobbleBoardApp.h:51:7: note:   candidate expects 0 arguments, 1 provided
../Core/Src/WobbleBoardApp.cpp:160:27: error: no matching function for call to 'WobbleBoardApp::FX_Data_Handler(TMsg*)'
  160 |   FX_Data_Handler(&msg_dat);
      |                           ^
In file included from ../Core/Src/WobbleBoardApp.cpp:8:
../Core/Inc/WobbleBoardApp.h:53:7: note: candidate: 'void WobbleBoardApp::FX_Data_Handler()'
   53 |  void FX_Data_Handler();
      |       ^~~~~~~~~~~~~~~
../Core/Inc/WobbleBoardApp.h:53:7: note:   candidate expects 0 arguments, 1 provided
../Core/Src/WobbleBoardApp.cpp:116:7: warning: unused variable 'msg_cmd' [-Wunused-variable]
  116 |  TMsg msg_cmd;
      |       ^~~~~~~
make: *** [Core/Src/subdir.mk:80: Core/Src/WobbleBoardApp.o] Error 1
"make -j8 all" terminated with exit code 2. Build might be incomplete.
01:59:09 **** Incremental Build of configuration Debug for project STM32WobbleBoardNucleoFinal ****
make -j8 all 
arm-none-eabi-g++ "../Core/Src/WobbleBoardApp.cpp" -mcpu=cortex-m4 -std=gnu++14 -g3 -DDEBUG -DUSE_HAL_DRIVER -DSTM32L476xx -c -I../Core/Inc -I../Drivers/STM32L4xx_HAL_Driver/Inc -I../Drivers/STM32L4xx_HAL_Driver/Inc/Legacy -I../Drivers/CMSIS/Device/ST/STM32L4xx/Include -I../Drivers/CMSIS/Include -I../Drivers/BSP/Components/Common/Include -I../Drivers/BSP/Components/hts221/Include -I../Drivers/BSP/Components/lps22hb/Include -I../Drivers/BSP/Components/lsm303agr/Include -I../Drivers/BSP/Components/lsm6dsl/Include -I../Drivers/BSP/IKS01A2/Include -I../Drivers/BSP/STM32L4xx_Nucleo/Include -I../Middlewares/ST/STM32_MotionFX_Library/Inc -O0 -ffunction-sections -fdata-sections -fno-exceptions -fno-rtti -fno-use-cxa-atexit -Wall -fstack-usage -MMD -MP -MF"Core/Src/WobbleBoardApp.d" -MT"Core/Src/WobbleBoardApp.o" --specs=nano.specs -mfpu=fpv4-sp-d16 -mfloat-abi=hard -mthumb -o "Core/Src/WobbleBoardApp.o"
../Core/Src/WobbleBoardApp.cpp: In member function 'void WobbleBoardApp::Process()':
../Core/Src/WobbleBoardApp.cpp:116:7: warning: unused variable 'msg_cmd' [-Wunused-variable]
  116 |  TMsg msg_cmd;
      |       ^~~~~~~
../Core/Src/WobbleBoardApp.cpp: In member function 'void WobbleBoardApp::FX_Data_Handler()':
../Core/Src/WobbleBoardApp.cpp:263:11: warning: variable 'elapsed_time_us' set but not used [-Wunused-but-set-variable]
  263 |  uint32_t elapsed_time_us = 0U;
      |           ^~~~~~~~~~~~~~~
arm-none-eabi-g++ -o "STM32WobbleBoardNucleoFinal.elf" @"objects.list"  -l:MotionFX_CM4F_wc32_ot_hard.a -mcpu=cortex-m4 -T"C:\Users\Beca Vessal\Documents\STM32WobbleBoard\STM32WobbleBoardNucleoFinal\STM32L476RGTX_FLASH.ld" --specs=nosys.specs -Wl,-Map="STM32WobbleBoardNucleoFinal.map" -Wl,--gc-sections -static -L../Middlewares/ST/STM32_MotionFX_Library/Lib -u _printf_float --specs=nano.specs -mfpu=fpv4-sp-d16 -mfloat-abi=hard -mthumb -u _printf_float -Wl,--start-group -lc -lm -lstdc++ -lsupc++ -Wl,--end-group
Finished building target: STM32WobbleBoardNucleoFinal.elf
 
arm-none-eabi-size   STM32WobbleBoardNucleoFinal.elf 
arm-none-eabi-objdump -h -S  STM32WobbleBoardNucleoFinal.elf  > "STM32WobbleBoardNucleoFinal.list"
arm-none-eabi-objcopy  -O binary  STM32WobbleBoardNucleoFinal.elf  "STM32WobbleBoardNucleoFinal.bin"
   text	   data	    bss	    dec	    hex	filename
 108584	    712	   7424	 116720	  1c7f0	STM32WobbleBoardNucleoFinal.elf
Finished building: default.size.stdout
 
Finished building: STM32WobbleBoardNucleoFinal.bin
 
Finished building: STM32WobbleBoardNucleoFinal.list
 
03:10:46 **** Incremental Build of configuration Debug for project STM32WobbleBoardNucleoFinal ****
make -j8 all 
arm-none-eabi-gcc "../Drivers/STM32L4xx_HAL_Driver/Src/stm32l4xx_hal.c" -mcpu=cortex-m4 -std=gnu11 -g3 -DDEBUG -DUSE_HAL_DRIVER -DSTM32L476xx -c -I../Core/Inc -I../Drivers/STM32L4xx_HAL_Driver/Inc -I../Drivers/STM32L4xx_HAL_Driver/Inc/Legacy -I../Drivers/CMSIS/Device/ST/STM32L4xx/Include -I../Drivers/CMSIS/Include -I../Drivers/BSP/Components/Common/Include -I../Drivers/BSP/Components/hts221/Include -I../Drivers/BSP/Components/lps22hb/Include -I../Drivers/BSP/Components/lsm303agr/Include -I../Drivers/BSP/Components/lsm6dsl/Include -I../Drivers/BSP/IKS01A2/Include -I../Drivers/BSP/STM32L4xx_Nucleo/Include -I../Middlewares/ST/STM32_MotionFX_Library/Inc -O0 -ffunction-sections -fdata-sections -Wall -fstack-usage -MMD -MP -MF"Drivers/STM32L4xx_HAL_Driver/Src/stm32l4xx_hal.d" -MT"Drivers/STM32L4xx_HAL_Driver/Src/stm32l4xx_hal.o" --specs=nano.specs -mfpu=fpv4-sp-d16 -mfloat-abi=hard -mthumb -o "Drivers/STM32L4xx_HAL_Driver/Src/stm32l4xx_hal.o"
arm-none-eabi-gcc "../Drivers/STM32L4xx_HAL_Driver/Src/stm32l4xx_hal_cortex.c" -mcpu=cortex-m4 -std=gnu11 -g3 -DDEBUG -DUSE_HAL_DRIVER -DSTM32L476xx -c -I../Core/Inc -I../Drivers/STM32L4xx_HAL_Driver/Inc -I../Drivers/STM32L4xx_HAL_Driver/Inc/Legacy -I../Drivers/CMSIS/Device/ST/STM32L4xx/Include -I../Drivers/CMSIS/Include -I../Drivers/BSP/Components/Common/Include -I../Drivers/BSP/Components/hts221/Include -I../Drivers/BSP/Components/lps22hb/Include -I../Drivers/BSP/Components/lsm303agr/Include -I../Drivers/BSP/Components/lsm6dsl/Include -I../Drivers/BSP/IKS01A2/Include -I../Drivers/BSP/STM32L4xx_Nucleo/Include -I../Middlewares/ST/STM32_MotionFX_Library/Inc -O0 -ffunction-sections -fdata-sections -Wall -fstack-usage -MMD -MP -MF"Drivers/STM32L4xx_HAL_Driver/Src/stm32l4xx_hal_cortex.d" -MT"Drivers/STM32L4xx_HAL_Driver/Src/stm32l4xx_hal_cortex.o" --specs=nano.specs -mfpu=fpv4-sp-d16 -mfloat-abi=hard -mthumb -o "Drivers/STM32L4xx_HAL_Driver/Src/stm32l4xx_hal_cortex.o"
arm-none-eabi-gcc "../Drivers/STM32L4xx_HAL_Driver/Src/stm32l4xx_hal_crc.c" -mcpu=cortex-m4 -std=gnu11 -g3 -DDEBUG -DUSE_HAL_DRIVER -DSTM32L476xx -c -I../Core/Inc -I../Drivers/STM32L4xx_HAL_Driver/Inc -I../Drivers/STM32L4xx_HAL_Driver/Inc/Legacy -I../Drivers/CMSIS/Device/ST/STM32L4xx/Include -I../Drivers/CMSIS/Include -I../Drivers/BSP/Components/Common/Include -I../Drivers/BSP/Components/hts221/Include -I../Drivers/BSP/Components/lps22hb/Include -I../Drivers/BSP/Components/lsm303agr/Include -I../Drivers/BSP/Components/lsm6dsl/Include -I../Drivers/BSP/IKS01A2/Include -I../Drivers/BSP/STM32L4xx_Nucleo/Include -I../Middlewares/ST/STM32_MotionFX_Library/Inc -O0 -ffunction-sections -fdata-sections -Wall -fstack-usage -MMD -MP -MF"Drivers/STM32L4xx_HAL_Driver/Src/stm32l4xx_hal_crc.d" -MT"Drivers/STM32L4xx_HAL_Driver/Src/stm32l4xx_hal_crc.o" --specs=nano.specs -mfpu=fpv4-sp-d16 -mfloat-abi=hard -mthumb -o "Drivers/STM32L4xx_HAL_Driver/Src/stm32l4xx_hal_crc.o"
arm-none-eabi-gcc "../Drivers/STM32L4xx_HAL_Driver/Src/stm32l4xx_hal_crc_ex.c" -mcpu=cortex-m4 -std=gnu11 -g3 -DDEBUG -DUSE_HAL_DRIVER -DSTM32L476xx -c -I../Core/Inc -I../Drivers/STM32L4xx_HAL_Driver/Inc -I../Drivers/STM32L4xx_HAL_Driver/Inc/Legacy -I../Drivers/CMSIS/Device/ST/STM32L4xx/Include -I../Drivers/CMSIS/Include -I../Drivers/BSP/Components/Common/Include -I../Drivers/BSP/Components/hts221/Include -I../Drivers/BSP/Components/lps22hb/Include -I../Drivers/BSP/Components/lsm303agr/Include -I../Drivers/BSP/Components/lsm6dsl/Include -I../Drivers/BSP/IKS01A2/Include -I../Drivers/BSP/STM32L4xx_Nucleo/Include -I../Middlewares/ST/STM32_MotionFX_Library/Inc -O0 -ffunction-sections -fdata-sections -Wall -fstack-usage -MMD -MP -MF"Drivers/STM32L4xx_HAL_Driver/Src/stm32l4xx_hal_crc_ex.d" -MT"Drivers/STM32L4xx_HAL_Driver/Src/stm32l4xx_hal_crc_ex.o" --specs=nano.specs -mfpu=fpv4-sp-d16 -mfloat-abi=hard -mthumb -o "Drivers/STM32L4xx_HAL_Driver/Src/stm32l4xx_hal_crc_ex.o"
arm-none-eabi-gcc "../Drivers/STM32L4xx_HAL_Driver/Src/stm32l4xx_hal_dma.c" -mcpu=cortex-m4 -std=gnu11 -g3 -DDEBUG -DUSE_HAL_DRIVER -DSTM32L476xx -c -I../Core/Inc -I../Drivers/STM32L4xx_HAL_Driver/Inc -I../Drivers/STM32L4xx_HAL_Driver/Inc/Legacy -I../Drivers/CMSIS/Device/ST/STM32L4xx/Include -I../Drivers/CMSIS/Include -I../Drivers/BSP/Components/Common/Include -I../Drivers/BSP/Components/hts221/Include -I../Drivers/BSP/Components/lps22hb/Include -I../Drivers/BSP/Components/lsm303agr/Include -I../Drivers/BSP/Components/lsm6dsl/Include -I../Drivers/BSP/IKS01A2/Include -I../Drivers/BSP/STM32L4xx_Nucleo/Include -I../Middlewares/ST/STM32_MotionFX_Library/Inc -O0 -ffunction-sections -fdata-sections -Wall -fstack-usage -MMD -MP -MF"Drivers/STM32L4xx_HAL_Driver/Src/stm32l4xx_hal_dma.d" -MT"Drivers/STM32L4xx_HAL_Driver/Src/stm32l4xx_hal_dma.o" --specs=nano.specs -mfpu=fpv4-sp-d16 -mfloat-abi=hard -mthumb -o "Drivers/STM32L4xx_HAL_Driver/Src/stm32l4xx_hal_dma.o"
arm-none-eabi-gcc "../Drivers/STM32L4xx_HAL_Driver/Src/stm32l4xx_hal_dma_ex.c" -mcpu=cortex-m4 -std=gnu11 -g3 -DDEBUG -DUSE_HAL_DRIVER -DSTM32L476xx -c -I../Core/Inc -I../Drivers/STM32L4xx_HAL_Driver/Inc -I../Drivers/STM32L4xx_HAL_Driver/Inc/Legacy -I../Drivers/CMSIS/Device/ST/STM32L4xx/Include -I../Drivers/CMSIS/Include -I../Drivers/BSP/Components/Common/Include -I../Drivers/BSP/Components/hts221/Include -I../Drivers/BSP/Components/lps22hb/Include -I../Drivers/BSP/Components/lsm303agr/Include -I../Drivers/BSP/Components/lsm6dsl/Include -I../Drivers/BSP/IKS01A2/Include -I../Drivers/BSP/STM32L4xx_Nucleo/Include -I../Middlewares/ST/STM32_MotionFX_Library/Inc -O0 -ffunction-sections -fdata-sections -Wall -fstack-usage -MMD -MP -MF"Drivers/STM32L4xx_HAL_Driver/Src/stm32l4xx_hal_dma_ex.d" -MT"Drivers/STM32L4xx_HAL_Driver/Src/stm32l4xx_hal_dma_ex.o" --specs=nano.specs -mfpu=fpv4-sp-d16 -mfloat-abi=hard -mthumb -o "Drivers/STM32L4xx_HAL_Driver/Src/stm32l4xx_hal_dma_ex.o"
arm-none-eabi-gcc "../Drivers/STM32L4xx_HAL_Driver/Src/stm32l4xx_hal_exti.c" -mcpu=cortex-m4 -std=gnu11 -g3 -DDEBUG -DUSE_HAL_DRIVER -DSTM32L476xx -c -I../Core/Inc -I../Drivers/STM32L4xx_HAL_Driver/Inc -I../Drivers/STM32L4xx_HAL_Driver/Inc/Legacy -I../Drivers/CMSIS/Device/ST/STM32L4xx/Include -I../Drivers/CMSIS/Include -I../Drivers/BSP/Components/Common/Include -I../Drivers/BSP/Components/hts221/Include -I../Drivers/BSP/Components/lps22hb/Include -I../Drivers/BSP/Components/lsm303agr/Include -I../Drivers/BSP/Components/lsm6dsl/Include -I../Drivers/BSP/IKS01A2/Include -I../Drivers/BSP/STM32L4xx_Nucleo/Include -I../Middlewares/ST/STM32_MotionFX_Library/Inc -O0 -ffunction-sections -fdata-sections -Wall -fstack-usage -MMD -MP -MF"Drivers/STM32L4xx_HAL_Driver/Src/stm32l4xx_hal_exti.d" -MT"Drivers/STM32L4xx_HAL_Driver/Src/stm32l4xx_hal_exti.o" --specs=nano.specs -mfpu=fpv4-sp-d16 -mfloat-abi=hard -mthumb -o "Drivers/STM32L4xx_HAL_Driver/Src/stm32l4xx_hal_exti.o"
arm-none-eabi-gcc "../Drivers/STM32L4xx_HAL_Driver/Src/stm32l4xx_hal_flash.c" -mcpu=cortex-m4 -std=gnu11 -g3 -DDEBUG -DUSE_HAL_DRIVER -DSTM32L476xx -c -I../Core/Inc -I../Drivers/STM32L4xx_HAL_Driver/Inc -I../Drivers/STM32L4xx_HAL_Driver/Inc/Legacy -I../Drivers/CMSIS/Device/ST/STM32L4xx/Include -I../Drivers/CMSIS/Include -I../Drivers/BSP/Components/Common/Include -I../Drivers/BSP/Components/hts221/Include -I../Drivers/BSP/Components/lps22hb/Include -I../Drivers/BSP/Components/lsm303agr/Include -I../Drivers/BSP/Components/lsm6dsl/Include -I../Drivers/BSP/IKS01A2/Include -I../Drivers/BSP/STM32L4xx_Nucleo/Include -I../Middlewares/ST/STM32_MotionFX_Library/Inc -O0 -ffunction-sections -fdata-sections -Wall -fstack-usage -MMD -MP -MF"Drivers/STM32L4xx_HAL_Driver/Src/stm32l4xx_hal_flash.d" -MT"Drivers/STM32L4xx_HAL_Driver/Src/stm32l4xx_hal_flash.o" --specs=nano.specs -mfpu=fpv4-sp-d16 -mfloat-abi=hard -mthumb -o "Drivers/STM32L4xx_HAL_Driver/Src/stm32l4xx_hal_flash.o"
arm-none-eabi-gcc "../Drivers/STM32L4xx_HAL_Driver/Src/stm32l4xx_hal_flash_ex.c" -mcpu=cortex-m4 -std=gnu11 -g3 -DDEBUG -DUSE_HAL_DRIVER -DSTM32L476xx -c -I../Core/Inc -I../Drivers/STM32L4xx_HAL_Driver/Inc -I../Drivers/STM32L4xx_HAL_Driver/Inc/Legacy -I../Drivers/CMSIS/Device/ST/STM32L4xx/Include -I../Drivers/CMSIS/Include -I../Drivers/BSP/Components/Common/Include -I../Drivers/BSP/Components/hts221/Include -I../Drivers/BSP/Components/lps22hb/Include -I../Drivers/BSP/Components/lsm303agr/Include -I../Drivers/BSP/Components/lsm6dsl/Include -I../Drivers/BSP/IKS01A2/Include -I../Drivers/BSP/STM32L4xx_Nucleo/Include -I../Middlewares/ST/STM32_MotionFX_Library/Inc -O0 -ffunction-sections -fdata-sections -Wall -fstack-usage -MMD -MP -MF"Drivers/STM32L4xx_HAL_Driver/Src/stm32l4xx_hal_flash_ex.d" -MT"Drivers/STM32L4xx_HAL_Driver/Src/stm32l4xx_hal_flash_ex.o" --specs=nano.specs -mfpu=fpv4-sp-d16 -mfloat-abi=hard -mthumb -o "Drivers/STM32L4xx_HAL_Driver/Src/stm32l4xx_hal_flash_ex.o"
arm-none-eabi-gcc "../Drivers/STM32L4xx_HAL_Driver/Src/stm32l4xx_hal_flash_ramfunc.c" -mcpu=cortex-m4 -std=gnu11 -g3 -DDEBUG -DUSE_HAL_DRIVER -DSTM32L476xx -c -I../Core/Inc -I../Drivers/STM32L4xx_HAL_Driver/Inc -I../Drivers/STM32L4xx_HAL_Driver/Inc/Legacy -I../Drivers/CMSIS/Device/ST/STM32L4xx/Include -I../Drivers/CMSIS/Include -I../Drivers/BSP/Components/Common/Include -I../Drivers/BSP/Components/hts221/Include -I../Drivers/BSP/Components/lps22hb/Include -I../Drivers/BSP/Components/lsm303agr/Include -I../Drivers/BSP/Components/lsm6dsl/Include -I../Drivers/BSP/IKS01A2/Include -I../Drivers/BSP/STM32L4xx_Nucleo/Include -I../Middlewares/ST/STM32_MotionFX_Library/Inc -O0 -ffunction-sections -fdata-sections -Wall -fstack-usage -MMD -MP -MF"Drivers/STM32L4xx_HAL_Driver/Src/stm32l4xx_hal_flash_ramfunc.d" -MT"Drivers/STM32L4xx_HAL_Driver/Src/stm32l4xx_hal_flash_ramfunc.o" --specs=nano.specs -mfpu=fpv4-sp-d16 -mfloat-abi=hard -mthumb -o "Drivers/STM32L4xx_HAL_Driver/Src/stm32l4xx_hal_flash_ramfunc.o"
arm-none-eabi-gcc "../Drivers/STM32L4xx_HAL_Driver/Src/stm32l4xx_hal_gpio.c" -mcpu=cortex-m4 -std=gnu11 -g3 -DDEBUG -DUSE_HAL_DRIVER -DSTM32L476xx -c -I../Core/Inc -I../Drivers/STM32L4xx_HAL_Driver/Inc -I../Drivers/STM32L4xx_HAL_Driver/Inc/Legacy -I../Drivers/CMSIS/Device/ST/STM32L4xx/Include -I../Drivers/CMSIS/Include -I../Drivers/BSP/Components/Common/Include -I../Drivers/BSP/Components/hts221/Include -I../Drivers/BSP/Components/lps22hb/Include -I../Drivers/BSP/Components/lsm303agr/Include -I../Drivers/BSP/Components/lsm6dsl/Include -I../Drivers/BSP/IKS01A2/Include -I../Drivers/BSP/STM32L4xx_Nucleo/Include -I../Middlewares/ST/STM32_MotionFX_Library/Inc -O0 -ffunction-sections -fdata-sections -Wall -fstack-usage -MMD -MP -MF"Drivers/STM32L4xx_HAL_Driver/Src/stm32l4xx_hal_gpio.d" -MT"Drivers/STM32L4xx_HAL_Driver/Src/stm32l4xx_hal_gpio.o" --specs=nano.specs -mfpu=fpv4-sp-d16 -mfloat-abi=hard -mthumb -o "Drivers/STM32L4xx_HAL_Driver/Src/stm32l4xx_hal_gpio.o"
arm-none-eabi-gcc "../Drivers/STM32L4xx_HAL_Driver/Src/stm32l4xx_hal_i2c.c" -mcpu=cortex-m4 -std=gnu11 -g3 -DDEBUG -DUSE_HAL_DRIVER -DSTM32L476xx -c -I../Core/Inc -I../Drivers/STM32L4xx_HAL_Driver/Inc -I../Drivers/STM32L4xx_HAL_Driver/Inc/Legacy -I../Drivers/CMSIS/Device/ST/STM32L4xx/Include -I../Drivers/CMSIS/Include -I../Drivers/BSP/Components/Common/Include -I../Drivers/BSP/Components/hts221/Include -I../Drivers/BSP/Components/lps22hb/Include -I../Drivers/BSP/Components/lsm303agr/Include -I../Drivers/BSP/Components/lsm6dsl/Include -I../Drivers/BSP/IKS01A2/Include -I../Drivers/BSP/STM32L4xx_Nucleo/Include -I../Middlewares/ST/STM32_MotionFX_Library/Inc -O0 -ffunction-sections -fdata-sections -Wall -fstack-usage -MMD -MP -MF"Drivers/STM32L4xx_HAL_Driver/Src/stm32l4xx_hal_i2c.d" -MT"Drivers/STM32L4xx_HAL_Driver/Src/stm32l4xx_hal_i2c.o" --specs=nano.specs -mfpu=fpv4-sp-d16 -mfloat-abi=hard -mthumb -o "Drivers/STM32L4xx_HAL_Driver/Src/stm32l4xx_hal_i2c.o"
arm-none-eabi-gcc "../Drivers/STM32L4xx_HAL_Driver/Src/stm32l4xx_hal_i2c_ex.c" -mcpu=cortex-m4 -std=gnu11 -g3 -DDEBUG -DUSE_HAL_DRIVER -DSTM32L476xx -c -I../Core/Inc -I../Drivers/STM32L4xx_HAL_Driver/Inc -I../Drivers/STM32L4xx_HAL_Driver/Inc/Legacy -I../Drivers/CMSIS/Device/ST/STM32L4xx/Include -I../Drivers/CMSIS/Include -I../Drivers/BSP/Components/Common/Include -I../Drivers/BSP/Components/hts221/Include -I../Drivers/BSP/Components/lps22hb/Include -I../Drivers/BSP/Components/lsm303agr/Include -I../Drivers/BSP/Components/lsm6dsl/Include -I../Drivers/BSP/IKS01A2/Include -I../Drivers/BSP/STM32L4xx_Nucleo/Include -I../Middlewares/ST/STM32_MotionFX_Library/Inc -O0 -ffunction-sections -fdata-sections -Wall -fstack-usage -MMD -MP -MF"Drivers/STM32L4xx_HAL_Driver/Src/stm32l4xx_hal_i2c_ex.d" -MT"Drivers/STM32L4xx_HAL_Driver/Src/stm32l4xx_hal_i2c_ex.o" --specs=nano.specs -mfpu=fpv4-sp-d16 -mfloat-abi=hard -mthumb -o "Drivers/STM32L4xx_HAL_Driver/Src/stm32l4xx_hal_i2c_ex.o"
arm-none-eabi-gcc "../Drivers/STM32L4xx_HAL_Driver/Src/stm32l4xx_hal_pwr.c" -mcpu=cortex-m4 -std=gnu11 -g3 -DDEBUG -DUSE_HAL_DRIVER -DSTM32L476xx -c -I../Core/Inc -I../Drivers/STM32L4xx_HAL_Driver/Inc -I../Drivers/STM32L4xx_HAL_Driver/Inc/Legacy -I../Drivers/CMSIS/Device/ST/STM32L4xx/Include -I../Drivers/CMSIS/Include -I../Drivers/BSP/Components/Common/Include -I../Drivers/BSP/Components/hts221/Include -I../Drivers/BSP/Components/lps22hb/Include -I../Drivers/BSP/Components/lsm303agr/Include -I../Drivers/BSP/Components/lsm6dsl/Include -I../Drivers/BSP/IKS01A2/Include -I../Drivers/BSP/STM32L4xx_Nucleo/Include -I../Middlewares/ST/STM32_MotionFX_Library/Inc -O0 -ffunction-sections -fdata-sections -Wall -fstack-usage -MMD -MP -MF"Drivers/STM32L4xx_HAL_Driver/Src/stm32l4xx_hal_pwr.d" -MT"Drivers/STM32L4xx_HAL_Driver/Src/stm32l4xx_hal_pwr.o" --specs=nano.specs -mfpu=fpv4-sp-d16 -mfloat-abi=hard -mthumb -o "Drivers/STM32L4xx_HAL_Driver/Src/stm32l4xx_hal_pwr.o"
arm-none-eabi-gcc "../Drivers/STM32L4xx_HAL_Driver/Src/stm32l4xx_hal_pwr_ex.c" -mcpu=cortex-m4 -std=gnu11 -g3 -DDEBUG -DUSE_HAL_DRIVER -DSTM32L476xx -c -I../Core/Inc -I../Drivers/STM32L4xx_HAL_Driver/Inc -I../Drivers/STM32L4xx_HAL_Driver/Inc/Legacy -I../Drivers/CMSIS/Device/ST/STM32L4xx/Include -I../Drivers/CMSIS/Include -I../Drivers/BSP/Components/Common/Include -I../Drivers/BSP/Components/hts221/Include -I../Drivers/BSP/Components/lps22hb/Include -I../Drivers/BSP/Components/lsm303agr/Include -I../Drivers/BSP/Components/lsm6dsl/Include -I../Drivers/BSP/IKS01A2/Include -I../Drivers/BSP/STM32L4xx_Nucleo/Include -I../Middlewares/ST/STM32_MotionFX_Library/Inc -O0 -ffunction-sections -fdata-sections -Wall -fstack-usage -MMD -MP -MF"Drivers/STM32L4xx_HAL_Driver/Src/stm32l4xx_hal_pwr_ex.d" -MT"Drivers/STM32L4xx_HAL_Driver/Src/stm32l4xx_hal_pwr_ex.o" --specs=nano.specs -mfpu=fpv4-sp-d16 -mfloat-abi=hard -mthumb -o "Drivers/STM32L4xx_HAL_Driver/Src/stm32l4xx_hal_pwr_ex.o"
arm-none-eabi-gcc "../Drivers/STM32L4xx_HAL_Driver/Src/stm32l4xx_hal_rcc.c" -mcpu=cortex-m4 -std=gnu11 -g3 -DDEBUG -DUSE_HAL_DRIVER -DSTM32L476xx -c -I../Core/Inc -I../Drivers/STM32L4xx_HAL_Driver/Inc -I../Drivers/STM32L4xx_HAL_Driver/Inc/Legacy -I../Drivers/CMSIS/Device/ST/STM32L4xx/Include -I../Drivers/CMSIS/Include -I../Drivers/BSP/Components/Common/Include -I../Drivers/BSP/Components/hts221/Include -I../Drivers/BSP/Components/lps22hb/Include -I../Drivers/BSP/Components/lsm303agr/Include -I../Drivers/BSP/Components/lsm6dsl/Include -I../Drivers/BSP/IKS01A2/Include -I../Drivers/BSP/STM32L4xx_Nucleo/Include -I../Middlewares/ST/STM32_MotionFX_Library/Inc -O0 -ffunction-sections -fdata-sections -Wall -fstack-usage -MMD -MP -MF"Drivers/STM32L4xx_HAL_Driver/Src/stm32l4xx_hal_rcc.d" -MT"Drivers/STM32L4xx_HAL_Driver/Src/stm32l4xx_hal_rcc.o" --specs=nano.specs -mfpu=fpv4-sp-d16 -mfloat-abi=hard -mthumb -o "Drivers/STM32L4xx_HAL_Driver/Src/stm32l4xx_hal_rcc.o"
arm-none-eabi-gcc "../Drivers/STM32L4xx_HAL_Driver/Src/stm32l4xx_hal_rcc_ex.c" -mcpu=cortex-m4 -std=gnu11 -g3 -DDEBUG -DUSE_HAL_DRIVER -DSTM32L476xx -c -I../Core/Inc -I../Drivers/STM32L4xx_HAL_Driver/Inc -I../Drivers/STM32L4xx_HAL_Driver/Inc/Legacy -I../Drivers/CMSIS/Device/ST/STM32L4xx/Include -I../Drivers/CMSIS/Include -I../Drivers/BSP/Components/Common/Include -I../Drivers/BSP/Components/hts221/Include -I../Drivers/BSP/Components/lps22hb/Include -I../Drivers/BSP/Components/lsm303agr/Include -I../Drivers/BSP/Components/lsm6dsl/Include -I../Drivers/BSP/IKS01A2/Include -I../Drivers/BSP/STM32L4xx_Nucleo/Include -I../Middlewares/ST/STM32_MotionFX_Library/Inc -O0 -ffunction-sections -fdata-sections -Wall -fstack-usage -MMD -MP -MF"Drivers/STM32L4xx_HAL_Driver/Src/stm32l4xx_hal_rcc_ex.d" -MT"Drivers/STM32L4xx_HAL_Driver/Src/stm32l4xx_hal_rcc_ex.o" --specs=nano.specs -mfpu=fpv4-sp-d16 -mfloat-abi=hard -mthumb -o "Drivers/STM32L4xx_HAL_Driver/Src/stm32l4xx_hal_rcc_ex.o"
arm-none-eabi-gcc "../Drivers/STM32L4xx_HAL_Driver/Src/stm32l4xx_hal_rtc.c" -mcpu=cortex-m4 -std=gnu11 -g3 -DDEBUG -DUSE_HAL_DRIVER -DSTM32L476xx -c -I../Core/Inc -I../Drivers/STM32L4xx_HAL_Driver/Inc -I../Drivers/STM32L4xx_HAL_Driver/Inc/Legacy -I../Drivers/CMSIS/Device/ST/STM32L4xx/Include -I../Drivers/CMSIS/Include -I../Drivers/BSP/Components/Common/Include -I../Drivers/BSP/Components/hts221/Include -I../Drivers/BSP/Components/lps22hb/Include -I../Drivers/BSP/Components/lsm303agr/Include -I../Drivers/BSP/Components/lsm6dsl/Include -I../Drivers/BSP/IKS01A2/Include -I../Drivers/BSP/STM32L4xx_Nucleo/Include -I../Middlewares/ST/STM32_MotionFX_Library/Inc -O0 -ffunction-sections -fdata-sections -Wall -fstack-usage -MMD -MP -MF"Drivers/STM32L4xx_HAL_Driver/Src/stm32l4xx_hal_rtc.d" -MT"Drivers/STM32L4xx_HAL_Driver/Src/stm32l4xx_hal_rtc.o" --specs=nano.specs -mfpu=fpv4-sp-d16 -mfloat-abi=hard -mthumb -o "Drivers/STM32L4xx_HAL_Driver/Src/stm32l4xx_hal_rtc.o"
arm-none-eabi-gcc "../Drivers/STM32L4xx_HAL_Driver/Src/stm32l4xx_hal_rtc_ex.c" -mcpu=cortex-m4 -std=gnu11 -g3 -DDEBUG -DUSE_HAL_DRIVER -DSTM32L476xx -c -I../Core/Inc -I../Drivers/STM32L4xx_HAL_Driver/Inc -I../Drivers/STM32L4xx_HAL_Driver/Inc/Legacy -I../Drivers/CMSIS/Device/ST/STM32L4xx/Include -I../Drivers/CMSIS/Include -I../Drivers/BSP/Components/Common/Include -I../Drivers/BSP/Components/hts221/Include -I../Drivers/BSP/Components/lps22hb/Include -I../Drivers/BSP/Components/lsm303agr/Include -I../Drivers/BSP/Components/lsm6dsl/Include -I../Drivers/BSP/IKS01A2/Include -I../Drivers/BSP/STM32L4xx_Nucleo/Include -I../Middlewares/ST/STM32_MotionFX_Library/Inc -O0 -ffunction-sections -fdata-sections -Wall -fstack-usage -MMD -MP -MF"Drivers/STM32L4xx_HAL_Driver/Src/stm32l4xx_hal_rtc_ex.d" -MT"Drivers/STM32L4xx_HAL_Driver/Src/stm32l4xx_hal_rtc_ex.o" --specs=nano.specs -mfpu=fpv4-sp-d16 -mfloat-abi=hard -mthumb -o "Drivers/STM32L4xx_HAL_Driver/Src/stm32l4xx_hal_rtc_ex.o"
arm-none-eabi-gcc "../Drivers/STM32L4xx_HAL_Driver/Src/stm32l4xx_hal_tim.c" -mcpu=cortex-m4 -std=gnu11 -g3 -DDEBUG -DUSE_HAL_DRIVER -DSTM32L476xx -c -I../Core/Inc -I../Drivers/STM32L4xx_HAL_Driver/Inc -I../Drivers/STM32L4xx_HAL_Driver/Inc/Legacy -I../Drivers/CMSIS/Device/ST/STM32L4xx/Include -I../Drivers/CMSIS/Include -I../Drivers/BSP/Components/Common/Include -I../Drivers/BSP/Components/hts221/Include -I../Drivers/BSP/Components/lps22hb/Include -I../Drivers/BSP/Components/lsm303agr/Include -I../Drivers/BSP/Components/lsm6dsl/Include -I../Drivers/BSP/IKS01A2/Include -I../Drivers/BSP/STM32L4xx_Nucleo/Include -I../Middlewares/ST/STM32_MotionFX_Library/Inc -O0 -ffunction-sections -fdata-sections -Wall -fstack-usage -MMD -MP -MF"Drivers/STM32L4xx_HAL_Driver/Src/stm32l4xx_hal_tim.d" -MT"Drivers/STM32L4xx_HAL_Driver/Src/stm32l4xx_hal_tim.o" --specs=nano.specs -mfpu=fpv4-sp-d16 -mfloat-abi=hard -mthumb -o "Drivers/STM32L4xx_HAL_Driver/Src/stm32l4xx_hal_tim.o"
arm-none-eabi-gcc "../Drivers/STM32L4xx_HAL_Driver/Src/stm32l4xx_hal_tim_ex.c" -mcpu=cortex-m4 -std=gnu11 -g3 -DDEBUG -DUSE_HAL_DRIVER -DSTM32L476xx -c -I../Core/Inc -I../Drivers/STM32L4xx_HAL_Driver/Inc -I../Drivers/STM32L4xx_HAL_Driver/Inc/Legacy -I../Drivers/CMSIS/Device/ST/STM32L4xx/Include -I../Drivers/CMSIS/Include -I../Drivers/BSP/Components/Common/Include -I../Drivers/BSP/Components/hts221/Include -I../Drivers/BSP/Components/lps22hb/Include -I../Drivers/BSP/Components/lsm303agr/Include -I../Drivers/BSP/Components/lsm6dsl/Include -I../Drivers/BSP/IKS01A2/Include -I../Drivers/BSP/STM32L4xx_Nucleo/Include -I../Middlewares/ST/STM32_MotionFX_Library/Inc -O0 -ffunction-sections -fdata-sections -Wall -fstack-usage -MMD -MP -MF"Drivers/STM32L4xx_HAL_Driver/Src/stm32l4xx_hal_tim_ex.d" -MT"Drivers/STM32L4xx_HAL_Driver/Src/stm32l4xx_hal_tim_ex.o" --specs=nano.specs -mfpu=fpv4-sp-d16 -mfloat-abi=hard -mthumb -o "Drivers/STM32L4xx_HAL_Driver/Src/stm32l4xx_hal_tim_ex.o"
arm-none-eabi-gcc "../Drivers/STM32L4xx_HAL_Driver/Src/stm32l4xx_hal_uart.c" -mcpu=cortex-m4 -std=gnu11 -g3 -DDEBUG -DUSE_HAL_DRIVER -DSTM32L476xx -c -I../Core/Inc -I../Drivers/STM32L4xx_HAL_Driver/Inc -I../Drivers/STM32L4xx_HAL_Driver/Inc/Legacy -I../Drivers/CMSIS/Device/ST/STM32L4xx/Include -I../Drivers/CMSIS/Include -I../Drivers/BSP/Components/Common/Include -I../Drivers/BSP/Components/hts221/Include -I../Drivers/BSP/Components/lps22hb/Include -I../Drivers/BSP/Components/lsm303agr/Include -I../Drivers/BSP/Components/lsm6dsl/Include -I../Drivers/BSP/IKS01A2/Include -I../Drivers/BSP/STM32L4xx_Nucleo/Include -I../Middlewares/ST/STM32_MotionFX_Library/Inc -O0 -ffunction-sections -fdata-sections -Wall -fstack-usage -MMD -MP -MF"Drivers/STM32L4xx_HAL_Driver/Src/stm32l4xx_hal_uart.d" -MT"Drivers/STM32L4xx_HAL_Driver/Src/stm32l4xx_hal_uart.o" --specs=nano.specs -mfpu=fpv4-sp-d16 -mfloat-abi=hard -mthumb -o "Drivers/STM32L4xx_HAL_Driver/Src/stm32l4xx_hal_uart.o"
arm-none-eabi-gcc "../Drivers/STM32L4xx_HAL_Driver/Src/stm32l4xx_hal_uart_ex.c" -mcpu=cortex-m4 -std=gnu11 -g3 -DDEBUG -DUSE_HAL_DRIVER -DSTM32L476xx -c -I../Core/Inc -I../Drivers/STM32L4xx_HAL_Driver/Inc -I../Drivers/STM32L4xx_HAL_Driver/Inc/Legacy -I../Drivers/CMSIS/Device/ST/STM32L4xx/Include -I../Drivers/CMSIS/Include -I../Drivers/BSP/Components/Common/Include -I../Drivers/BSP/Components/hts221/Include -I../Drivers/BSP/Components/lps22hb/Include -I../Drivers/BSP/Components/lsm303agr/Include -I../Drivers/BSP/Components/lsm6dsl/Include -I../Drivers/BSP/IKS01A2/Include -I../Drivers/BSP/STM32L4xx_Nucleo/Include -I../Middlewares/ST/STM32_MotionFX_Library/Inc -O0 -ffunction-sections -fdata-sections -Wall -fstack-usage -MMD -MP -MF"Drivers/STM32L4xx_HAL_Driver/Src/stm32l4xx_hal_uart_ex.d" -MT"Drivers/STM32L4xx_HAL_Driver/Src/stm32l4xx_hal_uart_ex.o" --specs=nano.specs -mfpu=fpv4-sp-d16 -mfloat-abi=hard -mthumb -o "Drivers/STM32L4xx_HAL_Driver/Src/stm32l4xx_hal_uart_ex.o"
arm-none-eabi-gcc "../Drivers/BSP/STM32L4xx_Nucleo/Source/stm32l4xx_nucleo.c" -mcpu=cortex-m4 -std=gnu11 -g3 -DDEBUG -DUSE_HAL_DRIVER -DSTM32L476xx -c -I../Core/Inc -I../Drivers/STM32L4xx_HAL_Driver/Inc -I../Drivers/STM32L4xx_HAL_Driver/Inc/Legacy -I../Drivers/CMSIS/Device/ST/STM32L4xx/Include -I../Drivers/CMSIS/Include -I../Drivers/BSP/Components/Common/Include -I../Drivers/BSP/Components/hts221/Include -I../Drivers/BSP/Components/lps22hb/Include -I../Drivers/BSP/Components/lsm303agr/Include -I../Drivers/BSP/Components/lsm6dsl/Include -I../Drivers/BSP/IKS01A2/Include -I../Drivers/BSP/STM32L4xx_Nucleo/Include -I../Middlewares/ST/STM32_MotionFX_Library/Inc -O0 -ffunction-sections -fdata-sections -Wall -fstack-usage -MMD -MP -MF"Drivers/BSP/STM32L4xx_Nucleo/Source/stm32l4xx_nucleo.d" -MT"Drivers/BSP/STM32L4xx_Nucleo/Source/stm32l4xx_nucleo.o" --specs=nano.specs -mfpu=fpv4-sp-d16 -mfloat-abi=hard -mthumb -o "Drivers/BSP/STM32L4xx_Nucleo/Source/stm32l4xx_nucleo.o"
arm-none-eabi-gcc "../Drivers/BSP/IKS01A2/Source/iks01a2_env_sensors.c" -mcpu=cortex-m4 -std=gnu11 -g3 -DDEBUG -DUSE_HAL_DRIVER -DSTM32L476xx -c -I../Core/Inc -I../Drivers/STM32L4xx_HAL_Driver/Inc -I../Drivers/STM32L4xx_HAL_Driver/Inc/Legacy -I../Drivers/CMSIS/Device/ST/STM32L4xx/Include -I../Drivers/CMSIS/Include -I../Drivers/BSP/Components/Common/Include -I../Drivers/BSP/Components/hts221/Include -I../Drivers/BSP/Components/lps22hb/Include -I../Drivers/BSP/Components/lsm303agr/Include -I../Drivers/BSP/Components/lsm6dsl/Include -I../Drivers/BSP/IKS01A2/Include -I../Drivers/BSP/STM32L4xx_Nucleo/Include -I../Middlewares/ST/STM32_MotionFX_Library/Inc -O0 -ffunction-sections -fdata-sections -Wall -fstack-usage -MMD -MP -MF"Drivers/BSP/IKS01A2/Source/iks01a2_env_sensors.d" -MT"Drivers/BSP/IKS01A2/Source/iks01a2_env_sensors.o" --specs=nano.specs -mfpu=fpv4-sp-d16 -mfloat-abi=hard -mthumb -o "Drivers/BSP/IKS01A2/Source/iks01a2_env_sensors.o"
arm-none-eabi-gcc "../Drivers/BSP/IKS01A2/Source/iks01a2_env_sensors_ex.c" -mcpu=cortex-m4 -std=gnu11 -g3 -DDEBUG -DUSE_HAL_DRIVER -DSTM32L476xx -c -I../Core/Inc -I../Drivers/STM32L4xx_HAL_Driver/Inc -I../Drivers/STM32L4xx_HAL_Driver/Inc/Legacy -I../Drivers/CMSIS/Device/ST/STM32L4xx/Include -I../Drivers/CMSIS/Include -I../Drivers/BSP/Components/Common/Include -I../Drivers/BSP/Components/hts221/Include -I../Drivers/BSP/Components/lps22hb/Include -I../Drivers/BSP/Components/lsm303agr/Include -I../Drivers/BSP/Components/lsm6dsl/Include -I../Drivers/BSP/IKS01A2/Include -I../Drivers/BSP/STM32L4xx_Nucleo/Include -I../Middlewares/ST/STM32_MotionFX_Library/Inc -O0 -ffunction-sections -fdata-sections -Wall -fstack-usage -MMD -MP -MF"Drivers/BSP/IKS01A2/Source/iks01a2_env_sensors_ex.d" -MT"Drivers/BSP/IKS01A2/Source/iks01a2_env_sensors_ex.o" --specs=nano.specs -mfpu=fpv4-sp-d16 -mfloat-abi=hard -mthumb -o "Drivers/BSP/IKS01A2/Source/iks01a2_env_sensors_ex.o"
arm-none-eabi-gcc "../Drivers/BSP/IKS01A2/Source/iks01a2_motion_sensors.c" -mcpu=cortex-m4 -std=gnu11 -g3 -DDEBUG -DUSE_HAL_DRIVER -DSTM32L476xx -c -I../Core/Inc -I../Drivers/STM32L4xx_HAL_Driver/Inc -I../Drivers/STM32L4xx_HAL_Driver/Inc/Legacy -I../Drivers/CMSIS/Device/ST/STM32L4xx/Include -I../Drivers/CMSIS/Include -I../Drivers/BSP/Components/Common/Include -I../Drivers/BSP/Components/hts221/Include -I../Drivers/BSP/Components/lps22hb/Include -I../Drivers/BSP/Components/lsm303agr/Include -I../Drivers/BSP/Components/lsm6dsl/Include -I../Drivers/BSP/IKS01A2/Include -I../Drivers/BSP/STM32L4xx_Nucleo/Include -I../Middlewares/ST/STM32_MotionFX_Library/Inc -O0 -ffunction-sections -fdata-sections -Wall -fstack-usage -MMD -MP -MF"Drivers/BSP/IKS01A2/Source/iks01a2_motion_sensors.d" -MT"Drivers/BSP/IKS01A2/Source/iks01a2_motion_sensors.o" --specs=nano.specs -mfpu=fpv4-sp-d16 -mfloat-abi=hard -mthumb -o "Drivers/BSP/IKS01A2/Source/iks01a2_motion_sensors.o"
arm-none-eabi-gcc "../Drivers/BSP/IKS01A2/Source/iks01a2_motion_sensors_ex.c" -mcpu=cortex-m4 -std=gnu11 -g3 -DDEBUG -DUSE_HAL_DRIVER -DSTM32L476xx -c -I../Core/Inc -I../Drivers/STM32L4xx_HAL_Driver/Inc -I../Drivers/STM32L4xx_HAL_Driver/Inc/Legacy -I../Drivers/CMSIS/Device/ST/STM32L4xx/Include -I../Drivers/CMSIS/Include -I../Drivers/BSP/Components/Common/Include -I../Drivers/BSP/Components/hts221/Include -I../Drivers/BSP/Components/lps22hb/Include -I../Drivers/BSP/Components/lsm303agr/Include -I../Drivers/BSP/Components/lsm6dsl/Include -I../Drivers/BSP/IKS01A2/Include -I../Drivers/BSP/STM32L4xx_Nucleo/Include -I../Middlewares/ST/STM32_MotionFX_Library/Inc -O0 -ffunction-sections -fdata-sections -Wall -fstack-usage -MMD -MP -MF"Drivers/BSP/IKS01A2/Source/iks01a2_motion_sensors_ex.d" -MT"Drivers/BSP/IKS01A2/Source/iks01a2_motion_sensors_ex.o" --specs=nano.specs -mfpu=fpv4-sp-d16 -mfloat-abi=hard -mthumb -o "Drivers/BSP/IKS01A2/Source/iks01a2_motion_sensors_ex.o"
arm-none-eabi-g++ "../Core/Src/WobbleBoardApp.cpp" -mcpu=cortex-m4 -std=gnu++14 -g3 -DDEBUG -DUSE_HAL_DRIVER -DSTM32L476xx -c -I../Core/Inc -I../Drivers/STM32L4xx_HAL_Driver/Inc -I../Drivers/STM32L4xx_HAL_Driver/Inc/Legacy -I../Drivers/CMSIS/Device/ST/STM32L4xx/Include -I../Drivers/CMSIS/Include -I../Drivers/BSP/Components/Common/Include -I../Drivers/BSP/Components/hts221/Include -I../Drivers/BSP/Components/lps22hb/Include -I../Drivers/BSP/Components/lsm303agr/Include -I../Drivers/BSP/Components/lsm6dsl/Include -I../Drivers/BSP/IKS01A2/Include -I../Drivers/BSP/STM32L4xx_Nucleo/Include -I../Middlewares/ST/STM32_MotionFX_Library/Inc -O0 -ffunction-sections -fdata-sections -fno-exceptions -fno-rtti -fno-use-cxa-atexit -Wall -fstack-usage -MMD -MP -MF"Core/Src/WobbleBoardApp.d" -MT"Core/Src/WobbleBoardApp.o" --specs=nano.specs -mfpu=fpv4-sp-d16 -mfloat-abi=hard -mthumb -o "Core/Src/WobbleBoardApp.o"
arm-none-eabi-gcc "../Core/Src/com.c" -mcpu=cortex-m4 -std=gnu11 -g3 -DDEBUG -DUSE_HAL_DRIVER -DSTM32L476xx -c -I../Core/Inc -I../Drivers/STM32L4xx_HAL_Driver/Inc -I../Drivers/STM32L4xx_HAL_Driver/Inc/Legacy -I../Drivers/CMSIS/Device/ST/STM32L4xx/Include -I../Drivers/CMSIS/Include -I../Drivers/BSP/Components/Common/Include -I../Drivers/BSP/Components/hts221/Include -I../Drivers/BSP/Components/lps22hb/Include -I../Drivers/BSP/Components/lsm303agr/Include -I../Drivers/BSP/Components/lsm6dsl/Include -I../Drivers/BSP/IKS01A2/Include -I../Drivers/BSP/STM32L4xx_Nucleo/Include -I../Middlewares/ST/STM32_MotionFX_Library/Inc -O0 -ffunction-sections -fdata-sections -Wall -fstack-usage -MMD -MP -MF"Core/Src/com.d" -MT"Core/Src/com.o" --specs=nano.specs -mfpu=fpv4-sp-d16 -mfloat-abi=hard -mthumb -o "Core/Src/com.o"
arm-none-eabi-gcc "../Core/Src/crc.c" -mcpu=cortex-m4 -std=gnu11 -g3 -DDEBUG -DUSE_HAL_DRIVER -DSTM32L476xx -c -I../Core/Inc -I../Drivers/STM32L4xx_HAL_Driver/Inc -I../Drivers/STM32L4xx_HAL_Driver/Inc/Legacy -I../Drivers/CMSIS/Device/ST/STM32L4xx/Include -I../Drivers/CMSIS/Include -I../Drivers/BSP/Components/Common/Include -I../Drivers/BSP/Components/hts221/Include -I../Drivers/BSP/Components/lps22hb/Include -I../Drivers/BSP/Components/lsm303agr/Include -I../Drivers/BSP/Components/lsm6dsl/Include -I../Drivers/BSP/IKS01A2/Include -I../Drivers/BSP/STM32L4xx_Nucleo/Include -I../Middlewares/ST/STM32_MotionFX_Library/Inc -O0 -ffunction-sections -fdata-sections -Wall -fstack-usage -MMD -MP -MF"Core/Src/crc.d" -MT"Core/Src/crc.o" --specs=nano.specs -mfpu=fpv4-sp-d16 -mfloat-abi=hard -mthumb -o "Core/Src/crc.o"
arm-none-eabi-gcc "../Core/Src/demo_serial.c" -mcpu=cortex-m4 -std=gnu11 -g3 -DDEBUG -DUSE_HAL_DRIVER -DSTM32L476xx -c -I../Core/Inc -I../Drivers/STM32L4xx_HAL_Driver/Inc -I../Drivers/STM32L4xx_HAL_Driver/Inc/Legacy -I../Drivers/CMSIS/Device/ST/STM32L4xx/Include -I../Drivers/CMSIS/Include -I../Drivers/BSP/Components/Common/Include -I../Drivers/BSP/Components/hts221/Include -I../Drivers/BSP/Components/lps22hb/Include -I../Drivers/BSP/Components/lsm303agr/Include -I../Drivers/BSP/Components/lsm6dsl/Include -I../Drivers/BSP/IKS01A2/Include -I../Drivers/BSP/STM32L4xx_Nucleo/Include -I../Middlewares/ST/STM32_MotionFX_Library/Inc -O0 -ffunction-sections -fdata-sections -Wall -fstack-usage -MMD -MP -MF"Core/Src/demo_serial.d" -MT"Core/Src/demo_serial.o" --specs=nano.specs -mfpu=fpv4-sp-d16 -mfloat-abi=hard -mthumb -o "Core/Src/demo_serial.o"
../Core/Src/WobbleBoardApp.cpp: In member function 'void WobbleBoardApp::Process()':
../Core/Src/WobbleBoardApp.cpp:116:7: warning: unused variable 'msg_cmd' [-Wunused-variable]
  116 |  TMsg msg_cmd;
      |       ^~~~~~~
../Core/Src/WobbleBoardApp.cpp: In member function 'void WobbleBoardApp::FX_Data_Handler()':
../Core/Src/WobbleBoardApp.cpp:268:11: warning: variable 'elapsed_time_us' set but not used [-Wunused-but-set-variable]
  268 |  uint32_t elapsed_time_us = 0U;
      |           ^~~~~~~~~~~~~~~
arm-none-eabi-gcc "../Core/Src/dma.c" -mcpu=cortex-m4 -std=gnu11 -g3 -DDEBUG -DUSE_HAL_DRIVER -DSTM32L476xx -c -I../Core/Inc -I../Drivers/STM32L4xx_HAL_Driver/Inc -I../Drivers/STM32L4xx_HAL_Driver/Inc/Legacy -I../Drivers/CMSIS/Device/ST/STM32L4xx/Include -I../Drivers/CMSIS/Include -I../Drivers/BSP/Components/Common/Include -I../Drivers/BSP/Components/hts221/Include -I../Drivers/BSP/Components/lps22hb/Include -I../Drivers/BSP/Components/lsm303agr/Include -I../Drivers/BSP/Components/lsm6dsl/Include -I../Drivers/BSP/IKS01A2/Include -I../Drivers/BSP/STM32L4xx_Nucleo/Include -I../Middlewares/ST/STM32_MotionFX_Library/Inc -O0 -ffunction-sections -fdata-sections -Wall -fstack-usage -MMD -MP -MF"Core/Src/dma.d" -MT"Core/Src/dma.o" --specs=nano.specs -mfpu=fpv4-sp-d16 -mfloat-abi=hard -mthumb -o "Core/Src/dma.o"
arm-none-eabi-gcc "../Core/Src/gpio.c" -mcpu=cortex-m4 -std=gnu11 -g3 -DDEBUG -DUSE_HAL_DRIVER -DSTM32L476xx -c -I../Core/Inc -I../Drivers/STM32L4xx_HAL_Driver/Inc -I../Drivers/STM32L4xx_HAL_Driver/Inc/Legacy -I../Drivers/CMSIS/Device/ST/STM32L4xx/Include -I../Drivers/CMSIS/Include -I../Drivers/BSP/Components/Common/Include -I../Drivers/BSP/Components/hts221/Include -I../Drivers/BSP/Components/lps22hb/Include -I../Drivers/BSP/Components/lsm303agr/Include -I../Drivers/BSP/Components/lsm6dsl/Include -I../Drivers/BSP/IKS01A2/Include -I../Drivers/BSP/STM32L4xx_Nucleo/Include -I../Middlewares/ST/STM32_MotionFX_Library/Inc -O0 -ffunction-sections -fdata-sections -Wall -fstack-usage -MMD -MP -MF"Core/Src/gpio.d" -MT"Core/Src/gpio.o" --specs=nano.specs -mfpu=fpv4-sp-d16 -mfloat-abi=hard -mthumb -o "Core/Src/gpio.o"
arm-none-eabi-gcc "../Core/Src/i2c.c" -mcpu=cortex-m4 -std=gnu11 -g3 -DDEBUG -DUSE_HAL_DRIVER -DSTM32L476xx -c -I../Core/Inc -I../Drivers/STM32L4xx_HAL_Driver/Inc -I../Drivers/STM32L4xx_HAL_Driver/Inc/Legacy -I../Drivers/CMSIS/Device/ST/STM32L4xx/Include -I../Drivers/CMSIS/Include -I../Drivers/BSP/Components/Common/Include -I../Drivers/BSP/Components/hts221/Include -I../Drivers/BSP/Components/lps22hb/Include -I../Drivers/BSP/Components/lsm303agr/Include -I../Drivers/BSP/Components/lsm6dsl/Include -I../Drivers/BSP/IKS01A2/Include -I../Drivers/BSP/STM32L4xx_Nucleo/Include -I../Middlewares/ST/STM32_MotionFX_Library/Inc -O0 -ffunction-sections -fdata-sections -Wall -fstack-usage -MMD -MP -MF"Core/Src/i2c.d" -MT"Core/Src/i2c.o" --specs=nano.specs -mfpu=fpv4-sp-d16 -mfloat-abi=hard -mthumb -o "Core/Src/i2c.o"
[...]
arm-none-eabi-gcc "../Core/Src/crc.c" -mcpu=cortex-m4 -std=gnu11 -g3 -DDEBUG -DUSE_HAL_DRIVER -DSTM32L476xx -c -I../Core/Inc -I../Drivers/STM32L4xx_HAL_Driver/Inc -I../Drivers/STM32L4xx_HAL_Driver/Inc/Legacy -I../Drivers/CMSIS/Device/ST/STM32L4xx/Include -I../Drivers/CMSIS/Include -I../Drivers/BSP/Components/Common/Include -I../Drivers/BSP/Components/hts221/Include -I../Drivers/BSP/Components/lps22hb/Include -I../Drivers/BSP/Components/lsm303agr/Include -I../Drivers/BSP/Components/lsm6dsl/Include -I../Drivers/BSP/IKS01A2/Include -I../Drivers/BSP/STM32L4xx_Nucleo/Include -I../Middlewares/ST/STM32_MotionFX_Library/Inc -O0 -ffunction-sections -fdata-sections -Wall -fstack-usage -MMD -MP -MF"Core/Src/crc.d" -MT"Core/Src/crc.o" --specs=nano.specs -mfpu=fpv4-sp-d16 -mfloat-abi=hard -mthumb -o "Core/Src/crc.o"
arm-none-eabi-gcc "../Core/Src/demo_serial.c" -mcpu=cortex-m4 -std=gnu11 -g3 -DDEBUG -DUSE_HAL_DRIVER -DSTM32L476xx -c -I../Core/Inc -I../Drivers/STM32L4xx_HAL_Driver/Inc -I../Drivers/STM32L4xx_HAL_Driver/Inc/Legacy -I../Drivers/CMSIS/Device/ST/STM32L4xx/Include -I../Drivers/CMSIS/Include -I../Drivers/BSP/Components/Common/Include -I../Drivers/BSP/Components/hts221/Include -I../Drivers/BSP/Components/lps22hb/Include -I../Drivers/BSP/Components/lsm303agr/Include -I../Drivers/BSP/Components/lsm6dsl/Include -I../Drivers/BSP/IKS01A2/Include -I../Drivers/BSP/STM32L4xx_Nucleo/Include -I../Middlewares/ST/STM32_MotionFX_Library/Inc -O0 -ffunction-sections -fdata-sections -Wall -fstack-usage -MMD -MP -MF"Core/Src/demo_serial.d" -MT"Core/Src/demo_serial.o" --specs=nano.specs -mfpu=fpv4-sp-d16 -mfloat-abi=hard -mthumb -o "Core/Src/demo_serial.o"
../Core/Src/WobbleBoardApp.cpp: In member function 'void WobbleBoardApp::Process()':
../Core/Src/WobbleBoardApp.cpp:116:7: warning: unused variable 'msg_cmd' [-Wunused-variable]
  116 |  TMsg msg_cmd;
      |       ^~~~~~~
../Core/Src/WobbleBoardApp.cpp: In member function 'void WobbleBoardApp::FX_Data_Handler()':
../Core/Src/WobbleBoardApp.cpp:280:11: warning: variable 'elapsed_time_us' set but not used [-Wunused-but-set-variable]
  280 |  uint32_t elapsed_time_us = 0U;
      |           ^~~~~~~~~~~~~~~
arm-none-eabi-gcc "../Core/Src/dma.c" -mcpu=cortex-m4 -std=gnu11 -g3 -DDEBUG -DUSE_HAL_DRIVER -DSTM32L476xx -c -I../Core/Inc -I../Drivers/STM32L4xx_HAL_Driver/Inc -I../Drivers/STM32L4xx_HAL_Driver/Inc/Legacy -I../Drivers/CMSIS/Device/ST/STM32L4xx/Include -I../Drivers/CMSIS/Include -I../Drivers/BSP/Components/Common/Include -I../Drivers/BSP/Components/hts221/Include -I../Drivers/BSP/Components/lps22hb/Include -I../Drivers/BSP/Components/lsm303agr/Include -I../Drivers/BSP/Components/lsm6dsl/Include -I../Drivers/BSP/IKS01A2/Include -I../Drivers/BSP/STM32L4xx_Nucleo/Include -I../Middlewares/ST/STM32_MotionFX_Library/Inc -O0 -ffunction-sections -fdata-sections -Wall -fstack-usage -MMD -MP -MF"Core/Src/dma.d" -MT"Core/Src/dma.o" --specs=nano.specs -mfpu=fpv4-sp-d16 -mfloat-abi=hard -mthumb -o "Core/Src/dma.o"
arm-none-eabi-gcc "../Core/Src/gpio.c" -mcpu=cortex-m4 -std=gnu11 -g3 -DDEBUG -DUSE_HAL_DRIVER -DSTM32L476xx -c -I../Core/Inc -I../Drivers/STM32L4xx_HAL_Driver/Inc -I../Drivers/STM32L4xx_HAL_Driver/Inc/Legacy -I../Drivers/CMSIS/Device/ST/STM32L4xx/Include -I../Drivers/CMSIS/Include -I../Drivers/BSP/Components/Common/Include -I../Drivers/BSP/Components/hts221/Include -I../Drivers/BSP/Components/lps22hb/Include -I../Drivers/BSP/Components/lsm303agr/Include -I../Drivers/BSP/Components/lsm6dsl/Include -I../Drivers/BSP/IKS01A2/Include -I../Drivers/BSP/STM32L4xx_Nucleo/Include -I../Middlewares/ST/STM32_MotionFX_Library/Inc -O0 -ffunction-sections -fdata-sections -Wall -fstack-usage -MMD -MP -MF"Core/Src/gpio.d" -MT"Core/Src/gpio.o" --specs=nano.specs -mfpu=fpv4-sp-d16 -mfloat-abi=hard -mthumb -o "Core/Src/gpio.o"
arm-none-eabi-gcc "../Core/Src/i2c.c" -mcpu=cortex-m4 -std=gnu11 -g3 -DDEBUG -DUSE_HAL_DRIVER -DSTM32L476xx -c -I../Core/Inc -I../Drivers/STM32L4xx_HAL_Driver/Inc -I../Drivers/STM32L4xx_HAL_Driver/Inc/Legacy -I../Drivers/CMSIS/Device/ST/STM32L4xx/Include -I../Drivers/CMSIS/Include -I../Drivers/BSP/Components/Common/Include -I../Drivers/BSP/Components/hts221/Include -I../Drivers/BSP/Components/lps22hb/Include -I../Drivers/BSP/Components/lsm303agr/Include -I../Drivers/BSP/Components/lsm6dsl/Include -I../Drivers/BSP/IKS01A2/Include -I../Drivers/BSP/STM32L4xx_Nucleo/Include -I../Middlewares/ST/STM32_MotionFX_Library/Inc -O0 -ffunction-sections -fdata-sections -Wall -fstack-usage -MMD -MP -MF"Core/Src/i2c.d" -MT"Core/Src/i2c.o" --specs=nano.specs -mfpu=fpv4-sp-d16 -mfloat-abi=hard -mthumb -o "Core/Src/i2c.o"
arm-none-eabi-gcc "../Core/Src/iks01a2_mems_control.c" -mcpu=cortex-m4 -std=gnu11 -g3 -DDEBUG -DUSE_HAL_DRIVER -DSTM32L476xx -c -I../Core/Inc -I../Drivers/STM32L4xx_HAL_Driver/Inc -I../Drivers/STM32L4xx_HAL_Driver/Inc/Legacy -I../Drivers/CMSIS/Device/ST/STM32L4xx/Include -I../Drivers/CMSIS/Include -I../Drivers/BSP/Components/Common/Include -I../Drivers/BSP/Components/hts221/Include -I../Drivers/BSP/Components/lps22hb/Include -I../Drivers/BSP/Components/lsm303agr/Include -I../Drivers/BSP/Components/lsm6dsl/Include -I../Drivers/BSP/IKS01A2/Include -I../Drivers/BSP/STM32L4xx_Nucleo/Include -I../Middlewares/ST/STM32_MotionFX_Library/Inc -O0 -ffunction-sections -fdata-sections -Wall -fstack-usage -MMD -MP -MF"Core/Src/iks01a2_mems_control.d" -MT"Core/Src/iks01a2_mems_control.o" --specs=nano.specs -mfpu=fpv4-sp-d16 -mfloat-abi=hard -mthumb -o "Core/Src/iks01a2_mems_control.o"
arm-none-eabi-gcc "../Core/Src/iks01a2_mems_control_ex.c" -mcpu=cortex-m4 -std=gnu11 -g3 -DDEBUG -DUSE_HAL_DRIVER -DSTM32L476xx -c -I../Core/Inc -I../Drivers/STM32L4xx_HAL_Driver/Inc -I../Drivers/STM32L4xx_HAL_Driver/Inc/Legacy -I../Drivers/CMSIS/Device/ST/STM32L4xx/Include -I../Drivers/CMSIS/Include -I../Drivers/BSP/Components/Common/Include -I../Drivers/BSP/Components/hts221/Include -I../Drivers/BSP/Components/lps22hb/Include -I../Drivers/BSP/Components/lsm303agr/Include -I../Drivers/BSP/Components/lsm6dsl/Include -I../Drivers/BSP/IKS01A2/Include -I../Drivers/BSP/STM32L4xx_Nucleo/Include -I../Middlewares/ST/STM32_MotionFX_Library/Inc -O0 -ffunction-sections -fdata-sections -Wall -fstack-usage -MMD -MP -MF"Core/Src/iks01a2_mems_control_ex.d" -MT"Core/Src/iks01a2_mems_control_ex.o" --specs=nano.specs -mfpu=fpv4-sp-d16 -mfloat-abi=hard -mthumb -o "Core/Src/iks01a2_mems_control_ex.o"
arm-none-eabi-g++ "../Core/Src/main.cpp" -mcpu=cortex-m4 -std=gnu++14 -g3 -DDEBUG -DUSE_HAL_DRIVER -DSTM32L476xx -c -I../Core/Inc -I../Drivers/STM32L4xx_HAL_Driver/Inc -I../Drivers/STM32L4xx_HAL_Driver/Inc/Legacy -I../Drivers/CMSIS/Device/ST/STM32L4xx/Include -I../Drivers/CMSIS/Include -I../Drivers/BSP/Components/Common/Include -I../Drivers/BSP/Components/hts221/Include -I../Drivers/BSP/Components/lps22hb/Include -I../Drivers/BSP/Components/lsm303agr/Include -I../Drivers/BSP/Components/lsm6dsl/Include -I../Drivers/BSP/IKS01A2/Include -I../Drivers/BSP/STM32L4xx_Nucleo/Include -I../Middlewares/ST/STM32_MotionFX_Library/Inc -O0 -ffunction-sections -fdata-sections -fno-exceptions -fno-rtti -fno-use-cxa-atexit -Wall -fstack-usage -MMD -MP -MF"Core/Src/main.d" -MT"Core/Src/main.o" --specs=nano.specs -mfpu=fpv4-sp-d16 -mfloat-abi=hard -mthumb -o "Core/Src/main.o"
arm-none-eabi-gcc "../Core/Src/motion_fx_manager.c" -mcpu=cortex-m4 -std=gnu11 -g3 -DDEBUG -DUSE_HAL_DRIVER -DSTM32L476xx -c -I../Core/Inc -I../Drivers/STM32L4xx_HAL_Driver/Inc -I../Drivers/STM32L4xx_HAL_Driver/Inc/Legacy -I../Drivers/CMSIS/Device/ST/STM32L4xx/Include -I../Drivers/CMSIS/Include -I../Drivers/BSP/Components/Common/Include -I../Drivers/BSP/Components/hts221/Include -I../Drivers/BSP/Components/lps22hb/Include -I../Drivers/BSP/Components/lsm303agr/Include -I../Drivers/BSP/Components/lsm6dsl/Include -I../Drivers/BSP/IKS01A2/Include -I../Drivers/BSP/STM32L4xx_Nucleo/Include -I../Middlewares/ST/STM32_MotionFX_Library/Inc -O0 -ffunction-sections -fdata-sections -Wall -fstack-usage -MMD -MP -MF"Core/Src/motion_fx_manager.d" -MT"Core/Src/motion_fx_manager.o" --specs=nano.specs -mfpu=fpv4-sp-d16 -mfloat-abi=hard -mthumb -o "Core/Src/motion_fx_manager.o"
arm-none-eabi-gcc "../Core/Src/rtc.c" -mcpu=cortex-m4 -std=gnu11 -g3 -DDEBUG -DUSE_HAL_DRIVER -DSTM32L476xx -c -I../Core/Inc -I../Drivers/STM32L4xx_HAL_Driver/Inc -I../Drivers/STM32L4xx_HAL_Driver/Inc/Legacy -I../Drivers/CMSIS/Device/ST/STM32L4xx/Include -I../Drivers/CMSIS/Include -I../Drivers/BSP/Components/Common/Include -I../Drivers/BSP/Components/hts221/Include -I../Drivers/BSP/Components/lps22hb/Include -I../Drivers/BSP/Components/lsm303agr/Include -I../Drivers/BSP/Components/lsm6dsl/Include -I../Drivers/BSP/IKS01A2/Include -I../Drivers/BSP/STM32L4xx_Nucleo/Include -I../Middlewares/ST/STM32_MotionFX_Library/Inc -O0 -ffunction-sections -fdata-sections -Wall -fstack-usage -MMD -MP -MF"Core/Src/rtc.d" -MT"Core/Src/rtc.o" --specs=nano.specs -mfpu=fpv4-sp-d16 -mfloat-abi=hard -mthumb -o "Core/Src/rtc.o"
arm-none-eabi-gcc "../Core/Src/serial_protocol.c" -mcpu=cortex-m4 -std=gnu11 -g3 -DDEBUG -DUSE_HAL_DRIVER -DSTM32L476xx -c -I../Core/Inc -I../Drivers/STM32L4xx_HAL_Driver/Inc -I../Drivers/STM32L4xx_HAL_Driver/Inc/Legacy -I../Drivers/CMSIS/Device/ST/STM32L4xx/Include -I../Drivers/CMSIS/Include -I../Drivers/BSP/Components/Common/Include -I../Drivers/BSP/Components/hts221/Include -I../Drivers/BSP/Components/lps22hb/Include -I../Drivers/BSP/Components/lsm303agr/Include -I../Drivers/BSP/Components/lsm6dsl/Include -I../Drivers/BSP/IKS01A2/Include -I../Drivers/BSP/STM32L4xx_Nucleo/Include -I../Middlewares/ST/STM32_MotionFX_Library/Inc -O0 -ffunction-sections -fdata-sections -Wall -fstack-usage -MMD -MP -MF"Core/Src/serial_protocol.d" -MT"Core/Src/serial_protocol.o" --specs=nano.specs -mfpu=fpv4-sp-d16 -mfloat-abi=hard -mthumb -o "Core/Src/serial_protocol.o"
arm-none-eabi-gcc "../Core/Src/stm32l4xx_hal_msp.c" -mcpu=cortex-m4 -std=gnu11 -g3 -DDEBUG -DUSE_HAL_DRIVER -DSTM32L476xx -c -I../Core/Inc -I../Drivers/STM32L4xx_HAL_Driver/Inc -I../Drivers/STM32L4xx_HAL_Driver/Inc/Legacy -I../Drivers/CMSIS/Device/ST/STM32L4xx/Include -I../Drivers/CMSIS/Include -I../Drivers/BSP/Components/Common/Include -I../Drivers/BSP/Components/hts221/Include -I../Drivers/BSP/Components/lps22hb/Include -I../Drivers/BSP/Components/lsm303agr/Include -I../Drivers/BSP/Components/lsm6dsl/Include -I../Drivers/BSP/IKS01A2/Include -I../Drivers/BSP/STM32L4xx_Nucleo/Include -I../Middlewares/ST/STM32_MotionFX_Library/Inc -O0 -ffunction-sections -fdata-sections -Wall -fstack-usage -MMD -MP -MF"Core/Src/stm32l4xx_hal_msp.d" -MT"Core/Src/stm32l4xx_hal_msp.o" --specs=nano.specs -mfpu=fpv4-sp-d16 -mfloat-abi=hard -mthumb -o "Core/Src/stm32l4xx_hal_msp.o"
arm-none-eabi-gcc "../Core/Src/stm32l4xx_it.c" -mcpu=cortex-m4 -std=gnu11 -g3 -DDEBUG -DUSE_HAL_DRIVER -DSTM32L476xx -c -I../Core/Inc -I../Drivers/STM32L4xx_HAL_Driver/Inc -I../Drivers/STM32L4xx_HAL_Driver/Inc/Legacy -I../Drivers/CMSIS/Device/ST/STM32L4xx/Include -I../Drivers/CMSIS/Include -I../Drivers/BSP/Components/Common/Include -I../Drivers/BSP/Components/hts221/Include -I../Drivers/BSP/Components/lps22hb/Include -I../Drivers/BSP/Components/lsm303agr/Include -I../Drivers/BSP/Components/lsm6dsl/Include -I../Drivers/BSP/IKS01A2/Include -I../Drivers/BSP/STM32L4xx_Nucleo/Include -I../Middlewares/ST/STM32_MotionFX_Library/Inc -O0 -ffunction-sections -fdata-sections -Wall -fstack-usage -MMD -MP -MF"Core/Src/stm32l4xx_it.d" -MT"Core/Src/stm32l4xx_it.o" --specs=nano.specs -mfpu=fpv4-sp-d16 -mfloat-abi=hard -mthumb -o "Core/Src/stm32l4xx_it.o"
arm-none-eabi-gcc "../Core/Src/stm32l4xx_nucleo_bus.c" -mcpu=cortex-m4 -std=gnu11 -g3 -DDEBUG -DUSE_HAL_DRIVER -DSTM32L476xx -c -I../Core/Inc -I../Drivers/STM32L4xx_HAL_Driver/Inc -I../Drivers/STM32L4xx_HAL_Driver/Inc/Legacy -I../Drivers/CMSIS/Device/ST/STM32L4xx/Include -I../Drivers/CMSIS/Include -I../Drivers/BSP/Components/Common/Include -I../Drivers/BSP/Components/hts221/Include -I../Drivers/BSP/Components/lps22hb/Include -I../Drivers/BSP/Components/lsm303agr/Include -I../Drivers/BSP/Components/lsm6dsl/Include -I../Drivers/BSP/IKS01A2/Include -I../Drivers/BSP/STM32L4xx_Nucleo/Include -I../Middlewares/ST/STM32_MotionFX_Library/Inc -O0 -ffunction-sections -fdata-sections -Wall -fstack-usage -MMD -MP -MF"Core/Src/stm32l4xx_nucleo_bus.d" -MT"Core/Src/stm32l4xx_nucleo_bus.o" --specs=nano.specs -mfpu=fpv4-sp-d16 -mfloat-abi=hard -mthumb -o "Core/Src/stm32l4xx_nucleo_bus.o"
arm-none-eabi-gcc "../Core/Src/syscalls.c" -mcpu=cortex-m4 -std=gnu11 -g3 -DDEBUG -DUSE_HAL_DRIVER -DSTM32L476xx -c -I../Core/Inc -I../Drivers/STM32L4xx_HAL_Driver/Inc -I../Drivers/STM32L4xx_HAL_Driver/Inc/Legacy -I../Drivers/CMSIS/Device/ST/STM32L4xx/Include -I../Drivers/CMSIS/Include -I../Drivers/BSP/Components/Common/Include -I../Drivers/BSP/Components/hts221/Include -I../Drivers/BSP/Components/lps22hb/Include -I../Drivers/BSP/Components/lsm303agr/Include -I../Drivers/BSP/Components/lsm6dsl/Include -I../Drivers/BSP/IKS01A2/Include -I../Drivers/BSP/STM32L4xx_Nucleo/Include -I../Middlewares/ST/STM32_MotionFX_Library/Inc -O0 -ffunction-sections -fdata-sections -Wall -fstack-usage -MMD -MP -MF"Core/Src/syscalls.d" -MT"Core/Src/syscalls.o" --specs=nano.specs -mfpu=fpv4-sp-d16 -mfloat-abi=hard -mthumb -o "Core/Src/syscalls.o"
arm-none-eabi-gcc "../Core/Src/sysmem.c" -mcpu=cortex-m4 -std=gnu11 -g3 -DDEBUG -DUSE_HAL_DRIVER -DSTM32L476xx -c -I../Core/Inc -I../Drivers/STM32L4xx_HAL_Driver/Inc -I../Drivers/STM32L4xx_HAL_Driver/Inc/Legacy -I../Drivers/CMSIS/Device/ST/STM32L4xx/Include -I../Drivers/CMSIS/Include -I../Drivers/BSP/Components/Common/Include -I../Drivers/BSP/Components/hts221/Include -I../Drivers/BSP/Components/lps22hb/Include -I../Drivers/BSP/Components/lsm303agr/Include -I../Drivers/BSP/Components/lsm6dsl/Include -I../Drivers/BSP/IKS01A2/Include -I../Drivers/BSP/STM32L4xx_Nucleo/Include -I../Middlewares/ST/STM32_MotionFX_Library/Inc -O0 -ffunction-sections -fdata-sections -Wall -fstack-usage -MMD -MP -MF"Core/Src/sysmem.d" -MT"Core/Src/sysmem.o" --specs=nano.specs -mfpu=fpv4-sp-d16 -mfloat-abi=hard -mthumb -o "Core/Src/sysmem.o"
arm-none-eabi-gcc "../Core/Src/system_stm32l4xx.c" -mcpu=cortex-m4 -std=gnu11 -g3 -DDEBUG -DUSE_HAL_DRIVER -DSTM32L476xx -c -I../Core/Inc -I../Drivers/STM32L4xx_HAL_Driver/Inc -I../Drivers/STM32L4xx_HAL_Driver/Inc/Legacy -I../Drivers/CMSIS/Device/ST/STM32L4xx/Include -I../Drivers/CMSIS/Include -I../Drivers/BSP/Components/Common/Include -I../Drivers/BSP/Components/hts221/Include -I../Drivers/BSP/Components/lps22hb/Include -I../Drivers/BSP/Components/lsm303agr/Include -I../Drivers/BSP/Components/lsm6dsl/Include -I../Drivers/BSP/IKS01A2/Include -I../Drivers/BSP/STM32L4xx_Nucleo/Include -I../Middlewares/ST/STM32_MotionFX_Library/Inc -O0 -ffunction-sections -fdata-sections -Wall -fstack-usage -MMD -MP -MF"Core/Src/system_stm32l4xx.d" -MT"Core/Src/system_stm32l4xx.o" --specs=nano.specs -mfpu=fpv4-sp-d16 -mfloat-abi=hard -mthumb -o "Core/Src/system_stm32l4xx.o"
arm-none-eabi-gcc "../Core/Src/tim.c" -mcpu=cortex-m4 -std=gnu11 -g3 -DDEBUG -DUSE_HAL_DRIVER -DSTM32L476xx -c -I../Core/Inc -I../Drivers/STM32L4xx_HAL_Driver/Inc -I../Drivers/STM32L4xx_HAL_Driver/Inc/Legacy -I../Drivers/CMSIS/Device/ST/STM32L4xx/Include -I../Drivers/CMSIS/Include -I../Drivers/BSP/Components/Common/Include -I../Drivers/BSP/Components/hts221/Include -I../Drivers/BSP/Components/lps22hb/Include -I../Drivers/BSP/Components/lsm303agr/Include -I../Drivers/BSP/Components/lsm6dsl/Include -I../Drivers/BSP/IKS01A2/Include -I../Drivers/BSP/STM32L4xx_Nucleo/Include -I../Middlewares/ST/STM32_MotionFX_Library/Inc -O0 -ffunction-sections -fdata-sections -Wall -fstack-usage -MMD -MP -MF"Core/Src/tim.d" -MT"Core/Src/tim.o" --specs=nano.specs -mfpu=fpv4-sp-d16 -mfloat-abi=hard -mthumb -o "Core/Src/tim.o"
arm-none-eabi-g++ -o "STM32WobbleBoardNucleoFinal.elf" @"objects.list"  -l:MotionFX_CM4F_wc32_ot_hard.a -mcpu=cortex-m4 -T"C:\Users\Beca Vessal\Documents\STM32WobbleBoard\STM32WobbleBoardNucleoFinal\STM32L476RGTX_FLASH.ld" --specs=nosys.specs -Wl,-Map="STM32WobbleBoardNucleoFinal.map" -Wl,--gc-sections -static -L../Middlewares/ST/STM32_MotionFX_Library/Lib -u _printf_float --specs=nano.specs -mfpu=fpv4-sp-d16 -mfloat-abi=hard -mthumb -u _printf_float -Wl,--start-group -lc -lm -lstdc++ -lsupc++ -Wl,--end-group
Finished building target: STM32WobbleBoardNucleoFinal.elf
 
arm-none-eabi-size   STM32WobbleBoardNucleoFinal.elf 
arm-none-eabi-objdump -h -S  STM32WobbleBoardNucleoFinal.elf  > "STM32WobbleBoardNucleoFinal.list"
arm-none-eabi-objcopy  -O binary  STM32WobbleBoardNucleoFinal.elf  "STM32WobbleBoardNucleoFinal.bin"
   text	   data	    bss	    dec	    hex	filename
 109600	    712	   7496	 117808	  1cc30	STM32WobbleBoardNucleoFinal.elf
Finished building: default.size.stdout
 
Finished building: STM32WobbleBoardNucleoFinal.bin
 
Finished building: STM32WobbleBoardNucleoFinal.list
 
04:05:38 **** Incremental Build of configuration Debug for project STM32WobbleBoardNucleoFinal ****
make -j8 all 
arm-none-eabi-g++ "../Core/Src/WobbleBoardApp.cpp" -mcpu=cortex-m4 -std=gnu++14 -g3 -DDEBUG -DUSE_HAL_DRIVER -DSTM32L476xx -c -I../Core/Inc -I../Drivers/STM32L4xx_HAL_Driver/Inc -I../Drivers/STM32L4xx_HAL_Driver/Inc/Legacy -I../Drivers/CMSIS/Device/ST/STM32L4xx/Include -I../Drivers/CMSIS/Include -I../Drivers/BSP/Components/Common/Include -I../Drivers/BSP/Components/hts221/Include -I../Drivers/BSP/Components/lps22hb/Include -I../Drivers/BSP/Components/lsm303agr/Include -I../Drivers/BSP/Components/lsm6dsl/Include -I../Drivers/BSP/IKS01A2/Include -I../Drivers/BSP/STM32L4xx_Nucleo/Include -I../Middlewares/ST/STM32_MotionFX_Library/Inc -O0 -ffunction-sections -fdata-sections -fno-exceptions -fno-rtti -fno-use-cxa-atexit -Wall -fstack-usage -MMD -MP -MF"Core/Src/WobbleBoardApp.d" -MT"Core/Src/WobbleBoardApp.o" --specs=nano.specs -mfpu=fpv4-sp-d16 -mfloat-abi=hard -mthumb -o "Core/Src/WobbleBoardApp.o"
../Core/Src/WobbleBoardApp.cpp: In member function 'void WobbleBoardApp::Process()':
../Core/Src/WobbleBoardApp.cpp:116:7: warning: unused variable 'msg_cmd' [-Wunused-variable]
  116 |  TMsg msg_cmd;
      |       ^~~~~~~
../Core/Src/WobbleBoardApp.cpp: In member function 'void WobbleBoardApp::FX_Data_Handler()':
../Core/Src/WobbleBoardApp.cpp:281:11: warning: variable 'elapsed_time_us' set but not used [-Wunused-but-set-variable]
  281 |  uint32_t elapsed_time_us = 0U;
      |           ^~~~~~~~~~~~~~~
arm-none-eabi-g++ -o "STM32WobbleBoardNucleoFinal.elf" @"objects.list"  -l:MotionFX_CM4F_wc32_ot_hard.a -mcpu=cortex-m4 -T"C:\Users\Beca Vessal\Documents\STM32WobbleBoard\STM32WobbleBoardNucleoFinal\STM32L476RGTX_FLASH.ld" --specs=nosys.specs -Wl,-Map="STM32WobbleBoardNucleoFinal.map" -Wl,--gc-sections -static -L../Middlewares/ST/STM32_MotionFX_Library/Lib -u _printf_float --specs=nano.specs -mfpu=fpv4-sp-d16 -mfloat-abi=hard -mthumb -u _printf_float -Wl,--start-group -lc -lm -lstdc++ -lsupc++ -Wl,--end-group
Finished building target: STM32WobbleBoardNucleoFinal.elf
 
arm-none-eabi-size   STM32WobbleBoardNucleoFinal.elf 
arm-none-eabi-objdump -h -S  STM32WobbleBoardNucleoFinal.elf  > "STM32WobbleBoardNucleoFinal.list"
arm-none-eabi-objcopy  -O binary  STM32WobbleBoardNucleoFinal.elf  "STM32WobbleBoardNucleoFinal.bin"
   text	   data	    bss	    dec	    hex	filename
 109608	    712	   7496	 117816	  1cc38	STM32WobbleBoardNucleoFinal.elf
Finished building: default.size.stdout
 
Finished building: STM32WobbleBoardNucleoFinal.bin
 
Finished building: STM32WobbleBoardNucleoFinal.list
 
