11:57:30 **** Incremental Build of configuration Debug for project STM32WobbleBoardNucleoFinal ****
make -j8 all 
arm-none-eabi-g++ "../Core/Src/WobbleBoardApp.cpp" -mcpu=cortex-m4 -std=gnu++14 -g3 -DDEBUG -DUSE_HAL_DRIVER -DSTM32L476xx -c -I../Core/Inc -I../Drivers/STM32L4xx_HAL_Driver/Inc -I../Drivers/STM32L4xx_HAL_Driver/Inc/Legacy -I../Drivers/CMSIS/Device/ST/STM32L4xx/Include -I../Drivers/CMSIS/Include -I../Drivers/BSP/Components/Common/Include -I../Drivers/BSP/Components/hts221/Include -I../Drivers/BSP/Components/lps22hb/Include -I../Drivers/BSP/Components/lsm303agr/Include -I../Drivers/BSP/Components/lsm6dsl/Include -I../Drivers/BSP/IKS01A2/Include -I../Drivers/BSP/STM32L4xx_Nucleo/Include -I../Middlewares/ST/STM32_MotionFX_Library/Inc -O0 -ffunction-sections -fdata-sections -fno-exceptions -fno-rtti -fno-use-cxa-atexit -Wall -fstack-usage -MMD -MP -MF"Core/Src/WobbleBoardApp.d" -MT"Core/Src/WobbleBoardApp.o" --specs=nano.specs -mfpu=fpv4-sp-d16 -mfloat-abi=hard -mthumb -o "Core/Src/WobbleBoardApp.o"
../Core/Src/WobbleBoardApp.cpp: In member function 'void WobbleBoardApp::Process()':
../Core/Src/WobbleBoardApp.cpp:116:7: warning: unused variable 'msg_cmd' [-Wunused-variable]
  116 |  TMsg msg_cmd;
      |       ^~~~~~~
../Core/Src/WobbleBoardApp.cpp: In member function 'void WobbleBoardApp::MotionFXDataHandler()':
../Core/Src/WobbleBoardApp.cpp:281:11: warning: variable 'elapsed_time_us' set but not used [-Wunused-but-set-variable]
  281 |  uint32_t elapsed_time_us = 0U;
      |           ^~~~~~~~~~~~~~~
arm-none-eabi-g++ -o "STM32WobbleBoardNucleoFinal.elf" @"objects.list"  -l:MotionFX_CM4F_wc32_ot_hard.a -mcpu=cortex-m4 -T"C:\Users\Beca Vessal\Documents\STM32WobbleBoard\STM32WobbleBoardNucleoFinal\STM32L476RGTX_FLASH.ld" --specs=nosys.specs -Wl,-Map="STM32WobbleBoardNucleoFinal.map" -Wl,--gc-sections -static -L../Middlewares/ST/STM32_MotionFX_Library/Lib -u _printf_float --specs=nano.specs -mfpu=fpv4-sp-d16 -mfloat-abi=hard -mthumb -u _printf_float -Wl,--start-group -lc -lm -lstdc++ -lsupc++ -Wl,--end-group
Finished building target: STM32WobbleBoardNucleoFinal.elf
 
arm-none-eabi-size   STM32WobbleBoardNucleoFinal.elf 
arm-none-eabi-objdump -h -S  STM32WobbleBoardNucleoFinal.elf  > "STM32WobbleBoardNucleoFinal.list"
arm-none-eabi-objcopy  -O binary  STM32WobbleBoardNucleoFinal.elf  "STM32WobbleBoardNucleoFinal.bin"
   text	   data	    bss	    dec	    hex	filename
 109536	    712	   7496	 117744	  1cbf0	STM32WobbleBoardNucleoFinal.elf
Finished building: default.size.stdout
 
Finished building: STM32WobbleBoardNucleoFinal.bin
 
Finished building: STM32WobbleBoardNucleoFinal.list
 
11:57:39 **** Incremental Build of configuration Debug for project STM32WobbleBoardNucleoFinal ****
make -j8 all 
arm-none-eabi-size   STM32WobbleBoardNucleoFinal.elf 
   text	   data	    bss	    dec	    hex	filename
 109536	    712	   7496	 117744	  1cbf0	STM32WobbleBoardNucleoFinal.elf
Finished building: default.size.stdout
 
12:12:27 **** Incremental Build of configuration Debug for project STM32WobbleBoardNucleoFinal ****
make -j8 all 
arm-none-eabi-g++ "../Core/Src/WobbleBoardApp.cpp" -mcpu=cortex-m4 -std=gnu++14 -g3 -DDEBUG -DUSE_HAL_DRIVER -DSTM32L476xx -c -I../Core/Inc -I../Drivers/STM32L4xx_HAL_Driver/Inc -I../Drivers/STM32L4xx_HAL_Driver/Inc/Legacy -I../Drivers/CMSIS/Device/ST/STM32L4xx/Include -I../Drivers/CMSIS/Include -I../Drivers/BSP/Components/Common/Include -I../Drivers/BSP/Components/hts221/Include -I../Drivers/BSP/Components/lps22hb/Include -I../Drivers/BSP/Components/lsm303agr/Include -I../Drivers/BSP/Components/lsm6dsl/Include -I../Drivers/BSP/IKS01A2/Include -I../Drivers/BSP/STM32L4xx_Nucleo/Include -I../Middlewares/ST/STM32_MotionFX_Library/Inc -O0 -ffunction-sections -fdata-sections -fno-exceptions -fno-rtti -fno-use-cxa-atexit -Wall -fstack-usage -MMD -MP -MF"Core/Src/WobbleBoardApp.d" -MT"Core/Src/WobbleBoardApp.o" --specs=nano.specs -mfpu=fpv4-sp-d16 -mfloat-abi=hard -mthumb -o "Core/Src/WobbleBoardApp.o"
arm-none-eabi-g++ "../Core/Src/main.cpp" -mcpu=cortex-m4 -std=gnu++14 -g3 -DDEBUG -DUSE_HAL_DRIVER -DSTM32L476xx -c -I../Core/Inc -I../Drivers/STM32L4xx_HAL_Driver/Inc -I../Drivers/STM32L4xx_HAL_Driver/Inc/Legacy -I../Drivers/CMSIS/Device/ST/STM32L4xx/Include -I../Drivers/CMSIS/Include -I../Drivers/BSP/Components/Common/Include -I../Drivers/BSP/Components/hts221/Include -I../Drivers/BSP/Components/lps22hb/Include -I../Drivers/BSP/Components/lsm303agr/Include -I../Drivers/BSP/Components/lsm6dsl/Include -I../Drivers/BSP/IKS01A2/Include -I../Drivers/BSP/STM32L4xx_Nucleo/Include -I../Middlewares/ST/STM32_MotionFX_Library/Inc -O0 -ffunction-sections -fdata-sections -fno-exceptions -fno-rtti -fno-use-cxa-atexit -Wall -fstack-usage -MMD -MP -MF"Core/Src/main.d" -MT"Core/Src/main.o" --specs=nano.specs -mfpu=fpv4-sp-d16 -mfloat-abi=hard -mthumb -o "Core/Src/main.o"
../Core/Src/WobbleBoardApp.cpp: In member function 'void WobbleBoardApp::Process()':
../Core/Src/WobbleBoardApp.cpp:116:7: warning: unused variable 'msg_cmd' [-Wunused-variable]
  116 |  TMsg msg_cmd;
      |       ^~~~~~~
../Core/Src/WobbleBoardApp.cpp: In member function 'void WobbleBoardApp::MotionFXDataHandler()':
../Core/Src/WobbleBoardApp.cpp:291:11: warning: variable 'elapsed_time_us' set but not used [-Wunused-but-set-variable]
  291 |  uint32_t elapsed_time_us = 0U;
      |           ^~~~~~~~~~~~~~~
arm-none-eabi-g++ -o "STM32WobbleBoardNucleoFinal.elf" @"objects.list"  -l:MotionFX_CM4F_wc32_ot_hard.a -mcpu=cortex-m4 -T"C:\Users\Beca Vessal\Documents\STM32WobbleBoard\STM32WobbleBoardNucleoFinal\STM32L476RGTX_FLASH.ld" --specs=nosys.specs -Wl,-Map="STM32WobbleBoardNucleoFinal.map" -Wl,--gc-sections -static -L../Middlewares/ST/STM32_MotionFX_Library/Lib -u _printf_float --specs=nano.specs -mfpu=fpv4-sp-d16 -mfloat-abi=hard -mthumb -u _printf_float -Wl,--start-group -lc -lm -lstdc++ -lsupc++ -Wl,--end-group
Finished building target: STM32WobbleBoardNucleoFinal.elf
 
arm-none-eabi-size   STM32WobbleBoardNucleoFinal.elf 
arm-none-eabi-objdump -h -S  STM32WobbleBoardNucleoFinal.elf  > "STM32WobbleBoardNucleoFinal.list"
arm-none-eabi-objcopy  -O binary  STM32WobbleBoardNucleoFinal.elf  "STM32WobbleBoardNucleoFinal.bin"
   text	   data	    bss	    dec	    hex	filename
 109592	    712	   7496	 117800	  1cc28	STM32WobbleBoardNucleoFinal.elf
Finished building: default.size.stdout
 
Finished building: STM32WobbleBoardNucleoFinal.bin
 
Finished building: STM32WobbleBoardNucleoFinal.list
 
12:13:26 **** Incremental Build of configuration Debug for project STM32WobbleBoardNucleoFinal ****
make -j8 all 
arm-none-eabi-g++ "../Core/Src/WobbleBoardApp.cpp" -mcpu=cortex-m4 -std=gnu++14 -g3 -DDEBUG -DUSE_HAL_DRIVER -DSTM32L476xx -c -I../Core/Inc -I../Drivers/STM32L4xx_HAL_Driver/Inc -I../Drivers/STM32L4xx_HAL_Driver/Inc/Legacy -I../Drivers/CMSIS/Device/ST/STM32L4xx/Include -I../Drivers/CMSIS/Include -I../Drivers/BSP/Components/Common/Include -I../Drivers/BSP/Components/hts221/Include -I../Drivers/BSP/Components/lps22hb/Include -I../Drivers/BSP/Components/lsm303agr/Include -I../Drivers/BSP/Components/lsm6dsl/Include -I../Drivers/BSP/IKS01A2/Include -I../Drivers/BSP/STM32L4xx_Nucleo/Include -I../Middlewares/ST/STM32_MotionFX_Library/Inc -O0 -ffunction-sections -fdata-sections -fno-exceptions -fno-rtti -fno-use-cxa-atexit -Wall -fstack-usage -MMD -MP -MF"Core/Src/WobbleBoardApp.d" -MT"Core/Src/WobbleBoardApp.o" --specs=nano.specs -mfpu=fpv4-sp-d16 -mfloat-abi=hard -mthumb -o "Core/Src/WobbleBoardApp.o"
arm-none-eabi-g++ "../Core/Src/main.cpp" -mcpu=cortex-m4 -std=gnu++14 -g3 -DDEBUG -DUSE_HAL_DRIVER -DSTM32L476xx -c -I../Core/Inc -I../Drivers/STM32L4xx_HAL_Driver/Inc -I../Drivers/STM32L4xx_HAL_Driver/Inc/Legacy -I../Drivers/CMSIS/Device/ST/STM32L4xx/Include -I../Drivers/CMSIS/Include -I../Drivers/BSP/Components/Common/Include -I../Drivers/BSP/Components/hts221/Include -I../Drivers/BSP/Components/lps22hb/Include -I../Drivers/BSP/Components/lsm303agr/Include -I../Drivers/BSP/Components/lsm6dsl/Include -I../Drivers/BSP/IKS01A2/Include -I../Drivers/BSP/STM32L4xx_Nucleo/Include -I../Middlewares/ST/STM32_MotionFX_Library/Inc -O0 -ffunction-sections -fdata-sections -fno-exceptions -fno-rtti -fno-use-cxa-atexit -Wall -fstack-usage -MMD -MP -MF"Core/Src/main.d" -MT"Core/Src/main.o" --specs=nano.specs -mfpu=fpv4-sp-d16 -mfloat-abi=hard -mthumb -o "Core/Src/main.o"
../Core/Src/WobbleBoardApp.cpp: In member function 'void WobbleBoardApp::Process()':
../Core/Src/WobbleBoardApp.cpp:116:7: warning: unused variable 'msg_cmd' [-Wunused-variable]
  116 |  TMsg msg_cmd;
      |       ^~~~~~~
../Core/Src/WobbleBoardApp.cpp: In member function 'void WobbleBoardApp::MotionFXDataHandler()':
../Core/Src/WobbleBoardApp.cpp:291:11: warning: variable 'elapsed_time_us' set but not used [-Wunused-but-set-variable]
  291 |  uint32_t elapsed_time_us = 0U;
      |           ^~~~~~~~~~~~~~~
arm-none-eabi-g++ -o "STM32WobbleBoardNucleoFinal.elf" @"objects.list"  -l:MotionFX_CM4F_wc32_ot_hard.a -mcpu=cortex-m4 -T"C:\Users\Beca Vessal\Documents\STM32WobbleBoard\STM32WobbleBoardNucleoFinal\STM32L476RGTX_FLASH.ld" --specs=nosys.specs -Wl,-Map="STM32WobbleBoardNucleoFinal.map" -Wl,--gc-sections -static -L../Middlewares/ST/STM32_MotionFX_Library/Lib -u _printf_float --specs=nano.specs -mfpu=fpv4-sp-d16 -mfloat-abi=hard -mthumb -u _printf_float -Wl,--start-group -lc -lm -lstdc++ -lsupc++ -Wl,--end-group
Finished building target: STM32WobbleBoardNucleoFinal.elf
 
arm-none-eabi-size   STM32WobbleBoardNucleoFinal.elf 
arm-none-eabi-objdump -h -S  STM32WobbleBoardNucleoFinal.elf  > "STM32WobbleBoardNucleoFinal.list"
arm-none-eabi-objcopy  -O binary  STM32WobbleBoardNucleoFinal.elf  "STM32WobbleBoardNucleoFinal.bin"
   text	   data	    bss	    dec	    hex	filename
 109592	    712	   7496	 117800	  1cc28	STM32WobbleBoardNucleoFinal.elf
Finished building: default.size.stdout
 
Finished building: STM32WobbleBoardNucleoFinal.bin
 
Finished building: STM32WobbleBoardNucleoFinal.list
 
12:19:31 **** Incremental Build of configuration Debug for project STM32WobbleBoardNucleoFinal ****
make -j8 all 
arm-none-eabi-g++ "../Core/Src/WobbleBoardApp.cpp" -mcpu=cortex-m4 -std=gnu++14 -g3 -DDEBUG -DUSE_HAL_DRIVER -DSTM32L476xx -c -I../Core/Inc -I../Drivers/STM32L4xx_HAL_Driver/Inc -I../Drivers/STM32L4xx_HAL_Driver/Inc/Legacy -I../Drivers/CMSIS/Device/ST/STM32L4xx/Include -I../Drivers/CMSIS/Include -I../Drivers/BSP/Components/Common/Include -I../Drivers/BSP/Components/hts221/Include -I../Drivers/BSP/Components/lps22hb/Include -I../Drivers/BSP/Components/lsm303agr/Include -I../Drivers/BSP/Components/lsm6dsl/Include -I../Drivers/BSP/IKS01A2/Include -I../Drivers/BSP/STM32L4xx_Nucleo/Include -I../Middlewares/ST/STM32_MotionFX_Library/Inc -O0 -ffunction-sections -fdata-sections -fno-exceptions -fno-rtti -fno-use-cxa-atexit -Wall -fstack-usage -MMD -MP -MF"Core/Src/WobbleBoardApp.d" -MT"Core/Src/WobbleBoardApp.o" --specs=nano.specs -mfpu=fpv4-sp-d16 -mfloat-abi=hard -mthumb -o "Core/Src/WobbleBoardApp.o"
arm-none-eabi-g++ "../Core/Src/main.cpp" -mcpu=cortex-m4 -std=gnu++14 -g3 -DDEBUG -DUSE_HAL_DRIVER -DSTM32L476xx -c -I../Core/Inc -I../Drivers/STM32L4xx_HAL_Driver/Inc -I../Drivers/STM32L4xx_HAL_Driver/Inc/Legacy -I../Drivers/CMSIS/Device/ST/STM32L4xx/Include -I../Drivers/CMSIS/Include -I../Drivers/BSP/Components/Common/Include -I../Drivers/BSP/Components/hts221/Include -I../Drivers/BSP/Components/lps22hb/Include -I../Drivers/BSP/Components/lsm303agr/Include -I../Drivers/BSP/Components/lsm6dsl/Include -I../Drivers/BSP/IKS01A2/Include -I../Drivers/BSP/STM32L4xx_Nucleo/Include -I../Middlewares/ST/STM32_MotionFX_Library/Inc -O0 -ffunction-sections -fdata-sections -fno-exceptions -fno-rtti -fno-use-cxa-atexit -Wall -fstack-usage -MMD -MP -MF"Core/Src/main.d" -MT"Core/Src/main.o" --specs=nano.specs -mfpu=fpv4-sp-d16 -mfloat-abi=hard -mthumb -o "Core/Src/main.o"
../Core/Src/WobbleBoardApp.cpp: In member function 'void WobbleBoardApp::Process()':
../Core/Src/WobbleBoardApp.cpp:123:7: warning: unused variable 'msg_cmd' [-Wunused-variable]
  123 |  TMsg msg_cmd;
      |       ^~~~~~~
../Core/Src/WobbleBoardApp.cpp: In member function 'void WobbleBoardApp::MotionFXDataHandler()':
../Core/Src/WobbleBoardApp.cpp:298:11: warning: variable 'elapsed_time_us' set but not used [-Wunused-but-set-variable]
  298 |  uint32_t elapsed_time_us = 0U;
      |           ^~~~~~~~~~~~~~~
arm-none-eabi-g++ -o "STM32WobbleBoardNucleoFinal.elf" @"objects.list"  -l:MotionFX_CM4F_wc32_ot_hard.a -mcpu=cortex-m4 -T"C:\Users\Beca Vessal\Documents\STM32WobbleBoard\STM32WobbleBoardNucleoFinal\STM32L476RGTX_FLASH.ld" --specs=nosys.specs -Wl,-Map="STM32WobbleBoardNucleoFinal.map" -Wl,--gc-sections -static -L../Middlewares/ST/STM32_MotionFX_Library/Lib -u _printf_float --specs=nano.specs -mfpu=fpv4-sp-d16 -mfloat-abi=hard -mthumb -u _printf_float -Wl,--start-group -lc -lm -lstdc++ -lsupc++ -Wl,--end-group
Finished building target: STM32WobbleBoardNucleoFinal.elf
 
arm-none-eabi-size   STM32WobbleBoardNucleoFinal.elf 
arm-none-eabi-objdump -h -S  STM32WobbleBoardNucleoFinal.elf  > "STM32WobbleBoardNucleoFinal.list"
arm-none-eabi-objcopy  -O binary  STM32WobbleBoardNucleoFinal.elf  "STM32WobbleBoardNucleoFinal.bin"
   text	   data	    bss	    dec	    hex	filename
 109672	    712	   7496	 117880	  1cc78	STM32WobbleBoardNucleoFinal.elf
Finished building: default.size.stdout
 
Finished building: STM32WobbleBoardNucleoFinal.bin
 
Finished building: STM32WobbleBoardNucleoFinal.list
 
12:26:11 **** Incremental Build of configuration Debug for project STM32WobbleBoardNucleoFinal ****
make -j8 all 
arm-none-eabi-g++ "../Core/Src/WobbleBoardApp.cpp" -mcpu=cortex-m4 -std=gnu++14 -g3 -DDEBUG -DUSE_HAL_DRIVER -DSTM32L476xx -c -I../Core/Inc -I../Drivers/STM32L4xx_HAL_Driver/Inc -I../Drivers/STM32L4xx_HAL_Driver/Inc/Legacy -I../Drivers/CMSIS/Device/ST/STM32L4xx/Include -I../Drivers/CMSIS/Include -I../Drivers/BSP/Components/Common/Include -I../Drivers/BSP/Components/hts221/Include -I../Drivers/BSP/Components/lps22hb/Include -I../Drivers/BSP/Components/lsm303agr/Include -I../Drivers/BSP/Components/lsm6dsl/Include -I../Drivers/BSP/IKS01A2/Include -I../Drivers/BSP/STM32L4xx_Nucleo/Include -I../Middlewares/ST/STM32_MotionFX_Library/Inc -O0 -ffunction-sections -fdata-sections -fno-exceptions -fno-rtti -fno-use-cxa-atexit -Wall -fstack-usage -MMD -MP -MF"Core/Src/WobbleBoardApp.d" -MT"Core/Src/WobbleBoardApp.o" --specs=nano.specs -mfpu=fpv4-sp-d16 -mfloat-abi=hard -mthumb -o "Core/Src/WobbleBoardApp.o"
arm-none-eabi-g++ "../Core/Src/main.cpp" -mcpu=cortex-m4 -std=gnu++14 -g3 -DDEBUG -DUSE_HAL_DRIVER -DSTM32L476xx -c -I../Core/Inc -I../Drivers/STM32L4xx_HAL_Driver/Inc -I../Drivers/STM32L4xx_HAL_Driver/Inc/Legacy -I../Drivers/CMSIS/Device/ST/STM32L4xx/Include -I../Drivers/CMSIS/Include -I../Drivers/BSP/Components/Common/Include -I../Drivers/BSP/Components/hts221/Include -I../Drivers/BSP/Components/lps22hb/Include -I../Drivers/BSP/Components/lsm303agr/Include -I../Drivers/BSP/Components/lsm6dsl/Include -I../Drivers/BSP/IKS01A2/Include -I../Drivers/BSP/STM32L4xx_Nucleo/Include -I../Middlewares/ST/STM32_MotionFX_Library/Inc -O0 -ffunction-sections -fdata-sections -fno-exceptions -fno-rtti -fno-use-cxa-atexit -Wall -fstack-usage -MMD -MP -MF"Core/Src/main.d" -MT"Core/Src/main.o" --specs=nano.specs -mfpu=fpv4-sp-d16 -mfloat-abi=hard -mthumb -o "Core/Src/main.o"
../Core/Src/WobbleBoardApp.cpp: In member function 'void WobbleBoardApp::Process()':
../Core/Src/WobbleBoardApp.cpp:164:4: error: 'sensorDataTimerCount' was not declared in this scope
  164 |    sensorDataTimerCount);
      |    ^~~~~~~~~~~~~~~~~~~~
../Core/Src/WobbleBoardApp.cpp:123:7: warning: unused variable 'msg_cmd' [-Wunused-variable]
  123 |  TMsg msg_cmd;
      |       ^~~~~~~
../Core/Src/WobbleBoardApp.cpp:162:6: warning: unused variable 'userCalbirationModeTimerCount' [-Wunused-variable]
  162 |  int userCalbirationModeTimerCount = __HAL_TIM_GET_COUNTER(&htim15);
      |      ^~~~~~~~~~~~~~~~~~~~~~~~~~~~~
make: *** [Core/Src/subdir.mk:80: Core/Src/WobbleBoardApp.o] Error 1
make: *** Waiting for unfinished jobs....
"make -j8 all" terminated with exit code 2. Build might be incomplete.
12:26:56 **** Incremental Build of configuration Debug for project STM32WobbleBoardNucleoFinal ****
make -j8 all 
arm-none-eabi-g++ "../Core/Src/WobbleBoardApp.cpp" -mcpu=cortex-m4 -std=gnu++14 -g3 -DDEBUG -DUSE_HAL_DRIVER -DSTM32L476xx -c -I../Core/Inc -I../Drivers/STM32L4xx_HAL_Driver/Inc -I../Drivers/STM32L4xx_HAL_Driver/Inc/Legacy -I../Drivers/CMSIS/Device/ST/STM32L4xx/Include -I../Drivers/CMSIS/Include -I../Drivers/BSP/Components/Common/Include -I../Drivers/BSP/Components/hts221/Include -I../Drivers/BSP/Components/lps22hb/Include -I../Drivers/BSP/Components/lsm303agr/Include -I../Drivers/BSP/Components/lsm6dsl/Include -I../Drivers/BSP/IKS01A2/Include -I../Drivers/BSP/STM32L4xx_Nucleo/Include -I../Middlewares/ST/STM32_MotionFX_Library/Inc -O0 -ffunction-sections -fdata-sections -fno-exceptions -fno-rtti -fno-use-cxa-atexit -Wall -fstack-usage -MMD -MP -MF"Core/Src/WobbleBoardApp.d" -MT"Core/Src/WobbleBoardApp.o" --specs=nano.specs -mfpu=fpv4-sp-d16 -mfloat-abi=hard -mthumb -o "Core/Src/WobbleBoardApp.o"
../Core/Src/WobbleBoardApp.cpp: In member function 'void WobbleBoardApp::Process()':
../Core/Src/WobbleBoardApp.cpp:123:7: warning: unused variable 'msg_cmd' [-Wunused-variable]
  123 |  TMsg msg_cmd;
      |       ^~~~~~~
../Core/Src/WobbleBoardApp.cpp: In member function 'void WobbleBoardApp::MotionFXDataHandler()':
../Core/Src/WobbleBoardApp.cpp:302:11: warning: variable 'elapsed_time_us' set but not used [-Wunused-but-set-variable]
  302 |  uint32_t elapsed_time_us = 0U;
      |           ^~~~~~~~~~~~~~~
arm-none-eabi-g++ -o "STM32WobbleBoardNucleoFinal.elf" @"objects.list"  -l:MotionFX_CM4F_wc32_ot_hard.a -mcpu=cortex-m4 -T"C:\Users\Beca Vessal\Documents\STM32WobbleBoard\STM32WobbleBoardNucleoFinal\STM32L476RGTX_FLASH.ld" --specs=nosys.specs -Wl,-Map="STM32WobbleBoardNucleoFinal.map" -Wl,--gc-sections -static -L../Middlewares/ST/STM32_MotionFX_Library/Lib -u _printf_float --specs=nano.specs -mfpu=fpv4-sp-d16 -mfloat-abi=hard -mthumb -u _printf_float -Wl,--start-group -lc -lm -lstdc++ -lsupc++ -Wl,--end-group
Finished building target: STM32WobbleBoardNucleoFinal.elf
 
arm-none-eabi-size   STM32WobbleBoardNucleoFinal.elf 
arm-none-eabi-objdump -h -S  STM32WobbleBoardNucleoFinal.elf  > "STM32WobbleBoardNucleoFinal.list"
arm-none-eabi-objcopy  -O binary  STM32WobbleBoardNucleoFinal.elf  "STM32WobbleBoardNucleoFinal.bin"
   text	   data	    bss	    dec	    hex	filename
 109776	    712	   7496	 117984	  1cce0	STM32WobbleBoardNucleoFinal.elf
Finished building: default.size.stdout
 
Finished building: STM32WobbleBoardNucleoFinal.bin
 
Finished building: STM32WobbleBoardNucleoFinal.list
 
13:31:48 **** Incremental Build of configuration Debug for project STM32WobbleBoardNucleoFinal ****
make -j8 all 
arm-none-eabi-g++ "../Core/Src/WobbleBoardApp.cpp" -mcpu=cortex-m4 -std=gnu++14 -g3 -DDEBUG -DUSE_HAL_DRIVER -DSTM32L476xx -c -I../Core/Inc -I../Drivers/STM32L4xx_HAL_Driver/Inc -I../Drivers/STM32L4xx_HAL_Driver/Inc/Legacy -I../Drivers/CMSIS/Device/ST/STM32L4xx/Include -I../Drivers/CMSIS/Include -I../Drivers/BSP/Components/Common/Include -I../Drivers/BSP/Components/hts221/Include -I../Drivers/BSP/Components/lps22hb/Include -I../Drivers/BSP/Components/lsm303agr/Include -I../Drivers/BSP/Components/lsm6dsl/Include -I../Drivers/BSP/IKS01A2/Include -I../Drivers/BSP/STM32L4xx_Nucleo/Include -I../Middlewares/ST/STM32_MotionFX_Library/Inc -O0 -ffunction-sections -fdata-sections -fno-exceptions -fno-rtti -fno-use-cxa-atexit -Wall -fstack-usage -MMD -MP -MF"Core/Src/WobbleBoardApp.d" -MT"Core/Src/WobbleBoardApp.o" --specs=nano.specs -mfpu=fpv4-sp-d16 -mfloat-abi=hard -mthumb -o "Core/Src/WobbleBoardApp.o"
arm-none-eabi-g++ "../Core/Src/main.cpp" -mcpu=cortex-m4 -std=gnu++14 -g3 -DDEBUG -DUSE_HAL_DRIVER -DSTM32L476xx -c -I../Core/Inc -I../Drivers/STM32L4xx_HAL_Driver/Inc -I../Drivers/STM32L4xx_HAL_Driver/Inc/Legacy -I../Drivers/CMSIS/Device/ST/STM32L4xx/Include -I../Drivers/CMSIS/Include -I../Drivers/BSP/Components/Common/Include -I../Drivers/BSP/Components/hts221/Include -I../Drivers/BSP/Components/lps22hb/Include -I../Drivers/BSP/Components/lsm303agr/Include -I../Drivers/BSP/Components/lsm6dsl/Include -I../Drivers/BSP/IKS01A2/Include -I../Drivers/BSP/STM32L4xx_Nucleo/Include -I../Middlewares/ST/STM32_MotionFX_Library/Inc -O0 -ffunction-sections -fdata-sections -fno-exceptions -fno-rtti -fno-use-cxa-atexit -Wall -fstack-usage -MMD -MP -MF"Core/Src/main.d" -MT"Core/Src/main.o" --specs=nano.specs -mfpu=fpv4-sp-d16 -mfloat-abi=hard -mthumb -o "Core/Src/main.o"
../Core/Src/WobbleBoardApp.cpp: In member function 'void WobbleBoardApp::Process()':
../Core/Src/WobbleBoardApp.cpp:123:7: warning: unused variable 'msg_cmd' [-Wunused-variable]
  123 |  TMsg msg_cmd;
      |       ^~~~~~~
../Core/Src/WobbleBoardApp.cpp: In member function 'void WobbleBoardApp::MotionFXDataHandler()':
../Core/Src/WobbleBoardApp.cpp:302:11: warning: variable 'elapsed_time_us' set but not used [-Wunused-but-set-variable]
  302 |  uint32_t elapsed_time_us = 0U;
      |           ^~~~~~~~~~~~~~~
arm-none-eabi-g++ -o "STM32WobbleBoardNucleoFinal.elf" @"objects.list"  -l:MotionFX_CM4F_wc32_ot_hard.a -mcpu=cortex-m4 -T"C:\Users\Beca Vessal\Documents\STM32WobbleBoard\STM32WobbleBoardNucleoFinal\STM32L476RGTX_FLASH.ld" --specs=nosys.specs -Wl,-Map="STM32WobbleBoardNucleoFinal.map" -Wl,--gc-sections -static -L../Middlewares/ST/STM32_MotionFX_Library/Lib -u _printf_float --specs=nano.specs -mfpu=fpv4-sp-d16 -mfloat-abi=hard -mthumb -u _printf_float -Wl,--start-group -lc -lm -lstdc++ -lsupc++ -Wl,--end-group
Finished building target: STM32WobbleBoardNucleoFinal.elf
 
arm-none-eabi-size   STM32WobbleBoardNucleoFinal.elf 
arm-none-eabi-objdump -h -S  STM32WobbleBoardNucleoFinal.elf  > "STM32WobbleBoardNucleoFinal.list"
arm-none-eabi-objcopy  -O binary  STM32WobbleBoardNucleoFinal.elf  "STM32WobbleBoardNucleoFinal.bin"
   text	   data	    bss	    dec	    hex	filename
 109728	    712	   7496	 117936	  1ccb0	STM32WobbleBoardNucleoFinal.elf
Finished building: default.size.stdout
 
Finished building: STM32WobbleBoardNucleoFinal.bin
 
Finished building: STM32WobbleBoardNucleoFinal.list
 
13:35:12 **** Incremental Build of configuration Debug for project STM32WobbleBoardNucleoFinal ****
make -j8 all 
arm-none-eabi-g++ "../Core/Src/WobbleBoardApp.cpp" -mcpu=cortex-m4 -std=gnu++14 -g3 -DDEBUG -DUSE_HAL_DRIVER -DSTM32L476xx -c -I../Core/Inc -I../Drivers/STM32L4xx_HAL_Driver/Inc -I../Drivers/STM32L4xx_HAL_Driver/Inc/Legacy -I../Drivers/CMSIS/Device/ST/STM32L4xx/Include -I../Drivers/CMSIS/Include -I../Drivers/BSP/Components/Common/Include -I../Drivers/BSP/Components/hts221/Include -I../Drivers/BSP/Components/lps22hb/Include -I../Drivers/BSP/Components/lsm303agr/Include -I../Drivers/BSP/Components/lsm6dsl/Include -I../Drivers/BSP/IKS01A2/Include -I../Drivers/BSP/STM32L4xx_Nucleo/Include -I../Middlewares/ST/STM32_MotionFX_Library/Inc -O0 -ffunction-sections -fdata-sections -fno-exceptions -fno-rtti -fno-use-cxa-atexit -Wall -fstack-usage -MMD -MP -MF"Core/Src/WobbleBoardApp.d" -MT"Core/Src/WobbleBoardApp.o" --specs=nano.specs -mfpu=fpv4-sp-d16 -mfloat-abi=hard -mthumb -o "Core/Src/WobbleBoardApp.o"
../Core/Src/WobbleBoardApp.cpp: In member function 'void WobbleBoardApp::Process()':
../Core/Src/WobbleBoardApp.cpp:123:7: warning: unused variable 'msg_cmd' [-Wunused-variable]
  123 |  TMsg msg_cmd;
      |       ^~~~~~~
../Core/Src/WobbleBoardApp.cpp: In member function 'void WobbleBoardApp::MotionFXDataHandler()':
../Core/Src/WobbleBoardApp.cpp:302:11: warning: variable 'elapsed_time_us' set but not used [-Wunused-but-set-variable]
  302 |  uint32_t elapsed_time_us = 0U;
      |           ^~~~~~~~~~~~~~~
arm-none-eabi-g++ -o "STM32WobbleBoardNucleoFinal.elf" @"objects.list"  -l:MotionFX_CM4F_wc32_ot_hard.a -mcpu=cortex-m4 -T"C:\Users\Beca Vessal\Documents\STM32WobbleBoard\STM32WobbleBoardNucleoFinal\STM32L476RGTX_FLASH.ld" --specs=nosys.specs -Wl,-Map="STM32WobbleBoardNucleoFinal.map" -Wl,--gc-sections -static -L../Middlewares/ST/STM32_MotionFX_Library/Lib -u _printf_float --specs=nano.specs -mfpu=fpv4-sp-d16 -mfloat-abi=hard -mthumb -u _printf_float -Wl,--start-group -lc -lm -lstdc++ -lsupc++ -Wl,--end-group
Finished building target: STM32WobbleBoardNucleoFinal.elf
 
arm-none-eabi-size   STM32WobbleBoardNucleoFinal.elf 
arm-none-eabi-objdump -h -S  STM32WobbleBoardNucleoFinal.elf  > "STM32WobbleBoardNucleoFinal.list"
arm-none-eabi-objcopy  -O binary  STM32WobbleBoardNucleoFinal.elf  "STM32WobbleBoardNucleoFinal.bin"
   text	   data	    bss	    dec	    hex	filename
 109832	    712	   7496	 118040	  1cd18	STM32WobbleBoardNucleoFinal.elf
Finished building: default.size.stdout
 
Finished building: STM32WobbleBoardNucleoFinal.bin
 
Finished building: STM32WobbleBoardNucleoFinal.list
 
13:38:20 **** Incremental Build of configuration Debug for project STM32WobbleBoardNucleoFinal ****
make -j8 all 
arm-none-eabi-size   STM32WobbleBoardNucleoFinal.elf 
   text	   data	    bss	    dec	    hex	filename
 109832	    712	   7496	 118040	  1cd18	STM32WobbleBoardNucleoFinal.elf
Finished building: default.size.stdout
 
13:42:09 **** Incremental Build of configuration Debug for project STM32WobbleBoardNucleoFinal ****
make -j8 all 
arm-none-eabi-g++ "../Core/Src/WobbleBoardApp.cpp" -mcpu=cortex-m4 -std=gnu++14 -g3 -DDEBUG -DUSE_HAL_DRIVER -DSTM32L476xx -c -I../Core/Inc -I../Drivers/STM32L4xx_HAL_Driver/Inc -I../Drivers/STM32L4xx_HAL_Driver/Inc/Legacy -I../Drivers/CMSIS/Device/ST/STM32L4xx/Include -I../Drivers/CMSIS/Include -I../Drivers/BSP/Components/Common/Include -I../Drivers/BSP/Components/hts221/Include -I../Drivers/BSP/Components/lps22hb/Include -I../Drivers/BSP/Components/lsm303agr/Include -I../Drivers/BSP/Components/lsm6dsl/Include -I../Drivers/BSP/IKS01A2/Include -I../Drivers/BSP/STM32L4xx_Nucleo/Include -I../Middlewares/ST/STM32_MotionFX_Library/Inc -O0 -ffunction-sections -fdata-sections -fno-exceptions -fno-rtti -fno-use-cxa-atexit -Wall -fstack-usage -MMD -MP -MF"Core/Src/WobbleBoardApp.d" -MT"Core/Src/WobbleBoardApp.o" --specs=nano.specs -mfpu=fpv4-sp-d16 -mfloat-abi=hard -mthumb -o "Core/Src/WobbleBoardApp.o"
../Core/Src/WobbleBoardApp.cpp: In member function 'void WobbleBoardApp::Process()':
../Core/Src/WobbleBoardApp.cpp:123:7: warning: unused variable 'msg_cmd' [-Wunused-variable]
  123 |  TMsg msg_cmd;
      |       ^~~~~~~
../Core/Src/WobbleBoardApp.cpp: In member function 'void WobbleBoardApp::MotionFXDataHandler()':
../Core/Src/WobbleBoardApp.cpp:302:11: warning: variable 'elapsed_time_us' set but not used [-Wunused-but-set-variable]
  302 |  uint32_t elapsed_time_us = 0U;
      |           ^~~~~~~~~~~~~~~
arm-none-eabi-g++ -o "STM32WobbleBoardNucleoFinal.elf" @"objects.list"  -l:MotionFX_CM4F_wc32_ot_hard.a -mcpu=cortex-m4 -T"C:\Users\Beca Vessal\Documents\STM32WobbleBoard\STM32WobbleBoardNucleoFinal\STM32L476RGTX_FLASH.ld" --specs=nosys.specs -Wl,-Map="STM32WobbleBoardNucleoFinal.map" -Wl,--gc-sections -static -L../Middlewares/ST/STM32_MotionFX_Library/Lib -u _printf_float --specs=nano.specs -mfpu=fpv4-sp-d16 -mfloat-abi=hard -mthumb -u _printf_float -Wl,--start-group -lc -lm -lstdc++ -lsupc++ -Wl,--end-group
Finished building target: STM32WobbleBoardNucleoFinal.elf
 
arm-none-eabi-size   STM32WobbleBoardNucleoFinal.elf 
arm-none-eabi-objdump -h -S  STM32WobbleBoardNucleoFinal.elf  > "STM32WobbleBoardNucleoFinal.list"
arm-none-eabi-objcopy  -O binary  STM32WobbleBoardNucleoFinal.elf  "STM32WobbleBoardNucleoFinal.bin"
   text	   data	    bss	    dec	    hex	filename
 109832	    712	   7496	 118040	  1cd18	STM32WobbleBoardNucleoFinal.elf
Finished building: default.size.stdout
 
Finished building: STM32WobbleBoardNucleoFinal.bin
 
Finished building: STM32WobbleBoardNucleoFinal.list
 
13:46:16 **** Incremental Build of configuration Debug for project STM32WobbleBoardNucleoFinal ****
make -j8 all 
arm-none-eabi-g++ "../Core/Src/WobbleBoardApp.cpp" -mcpu=cortex-m4 -std=gnu++14 -g3 -DDEBUG -DUSE_HAL_DRIVER -DSTM32L476xx -c -I../Core/Inc -I../Drivers/STM32L4xx_HAL_Driver/Inc -I../Drivers/STM32L4xx_HAL_Driver/Inc/Legacy -I../Drivers/CMSIS/Device/ST/STM32L4xx/Include -I../Drivers/CMSIS/Include -I../Drivers/BSP/Components/Common/Include -I../Drivers/BSP/Components/hts221/Include -I../Drivers/BSP/Components/lps22hb/Include -I../Drivers/BSP/Components/lsm303agr/Include -I../Drivers/BSP/Components/lsm6dsl/Include -I../Drivers/BSP/IKS01A2/Include -I../Drivers/BSP/STM32L4xx_Nucleo/Include -I../Middlewares/ST/STM32_MotionFX_Library/Inc -O0 -ffunction-sections -fdata-sections -fno-exceptions -fno-rtti -fno-use-cxa-atexit -Wall -fstack-usage -MMD -MP -MF"Core/Src/WobbleBoardApp.d" -MT"Core/Src/WobbleBoardApp.o" --specs=nano.specs -mfpu=fpv4-sp-d16 -mfloat-abi=hard -mthumb -o "Core/Src/WobbleBoardApp.o"
arm-none-eabi-g++ "../Core/Src/main.cpp" -mcpu=cortex-m4 -std=gnu++14 -g3 -DDEBUG -DUSE_HAL_DRIVER -DSTM32L476xx -c -I../Core/Inc -I../Drivers/STM32L4xx_HAL_Driver/Inc -I../Drivers/STM32L4xx_HAL_Driver/Inc/Legacy -I../Drivers/CMSIS/Device/ST/STM32L4xx/Include -I../Drivers/CMSIS/Include -I../Drivers/BSP/Components/Common/Include -I../Drivers/BSP/Components/hts221/Include -I../Drivers/BSP/Components/lps22hb/Include -I../Drivers/BSP/Components/lsm303agr/Include -I../Drivers/BSP/Components/lsm6dsl/Include -I../Drivers/BSP/IKS01A2/Include -I../Drivers/BSP/STM32L4xx_Nucleo/Include -I../Middlewares/ST/STM32_MotionFX_Library/Inc -O0 -ffunction-sections -fdata-sections -fno-exceptions -fno-rtti -fno-use-cxa-atexit -Wall -fstack-usage -MMD -MP -MF"Core/Src/main.d" -MT"Core/Src/main.o" --specs=nano.specs -mfpu=fpv4-sp-d16 -mfloat-abi=hard -mthumb -o "Core/Src/main.o"
../Core/Src/WobbleBoardApp.cpp: In member function 'void WobbleBoardApp::Process()':
../Core/Src/WobbleBoardApp.cpp:123:7: warning: unused variable 'msg_cmd' [-Wunused-variable]
  123 |  TMsg msg_cmd;
      |       ^~~~~~~
../Core/Src/WobbleBoardApp.cpp: In member function 'void WobbleBoardApp::MotionFXDataHandler()':
../Core/Src/WobbleBoardApp.cpp:302:11: warning: variable 'elapsed_time_us' set but not used [-Wunused-but-set-variable]
  302 |  uint32_t elapsed_time_us = 0U;
      |           ^~~~~~~~~~~~~~~
arm-none-eabi-g++ -o "STM32WobbleBoardNucleoFinal.elf" @"objects.list"  -l:MotionFX_CM4F_wc32_ot_hard.a -mcpu=cortex-m4 -T"C:\Users\Beca Vessal\Documents\STM32WobbleBoard\STM32WobbleBoardNucleoFinal\STM32L476RGTX_FLASH.ld" --specs=nosys.specs -Wl,-Map="STM32WobbleBoardNucleoFinal.map" -Wl,--gc-sections -static -L../Middlewares/ST/STM32_MotionFX_Library/Lib -u _printf_float --specs=nano.specs -mfpu=fpv4-sp-d16 -mfloat-abi=hard -mthumb -u _printf_float -Wl,--start-group -lc -lm -lstdc++ -lsupc++ -Wl,--end-group
Finished building target: STM32WobbleBoardNucleoFinal.elf
 
arm-none-eabi-size   STM32WobbleBoardNucleoFinal.elf 
arm-none-eabi-objdump -h -S  STM32WobbleBoardNucleoFinal.elf  > "STM32WobbleBoardNucleoFinal.list"
arm-none-eabi-objcopy  -O binary  STM32WobbleBoardNucleoFinal.elf  "STM32WobbleBoardNucleoFinal.bin"
   text	   data	    bss	    dec	    hex	filename
 109856	    712	   7496	 118064	  1cd30	STM32WobbleBoardNucleoFinal.elf
Finished building: default.size.stdout
 
Finished building: STM32WobbleBoardNucleoFinal.bin
 
Finished building: STM32WobbleBoardNucleoFinal.list
 
13:47:18 **** Incremental Build of configuration Debug for project STM32WobbleBoardNucleoFinal ****
make -j8 all 
arm-none-eabi-size   STM32WobbleBoardNucleoFinal.elf 
   text	   data	    bss	    dec	    hex	filename
 109856	    712	   7496	 118064	  1cd30	STM32WobbleBoardNucleoFinal.elf
Finished building: default.size.stdout
 
13:49:52 **** Incremental Build of configuration Debug for project STM32WobbleBoardNucleoFinal ****
make -j8 all 
arm-none-eabi-g++ "../Core/Src/WobbleBoardApp.cpp" -mcpu=cortex-m4 -std=gnu++14 -g3 -DDEBUG -DUSE_HAL_DRIVER -DSTM32L476xx -c -I../Core/Inc -I../Drivers/STM32L4xx_HAL_Driver/Inc -I../Drivers/STM32L4xx_HAL_Driver/Inc/Legacy -I../Drivers/CMSIS/Device/ST/STM32L4xx/Include -I../Drivers/CMSIS/Include -I../Drivers/BSP/Components/Common/Include -I../Drivers/BSP/Components/hts221/Include -I../Drivers/BSP/Components/lps22hb/Include -I../Drivers/BSP/Components/lsm303agr/Include -I../Drivers/BSP/Components/lsm6dsl/Include -I../Drivers/BSP/IKS01A2/Include -I../Drivers/BSP/STM32L4xx_Nucleo/Include -I../Middlewares/ST/STM32_MotionFX_Library/Inc -O0 -ffunction-sections -fdata-sections -fno-exceptions -fno-rtti -fno-use-cxa-atexit -Wall -fstack-usage -MMD -MP -MF"Core/Src/WobbleBoardApp.d" -MT"Core/Src/WobbleBoardApp.o" --specs=nano.specs -mfpu=fpv4-sp-d16 -mfloat-abi=hard -mthumb -o "Core/Src/WobbleBoardApp.o"
../Core/Src/WobbleBoardApp.cpp: In member function 'void WobbleBoardApp::Process()':
../Core/Src/WobbleBoardApp.cpp:123:7: warning: unused variable 'msg_cmd' [-Wunused-variable]
  123 |  TMsg msg_cmd;
      |       ^~~~~~~
../Core/Src/WobbleBoardApp.cpp: In member function 'void WobbleBoardApp::MotionFXDataHandler()':
../Core/Src/WobbleBoardApp.cpp:302:11: warning: variable 'elapsed_time_us' set but not used [-Wunused-but-set-variable]
  302 |  uint32_t elapsed_time_us = 0U;
      |           ^~~~~~~~~~~~~~~
arm-none-eabi-g++ -o "STM32WobbleBoardNucleoFinal.elf" @"objects.list"  -l:MotionFX_CM4F_wc32_ot_hard.a -mcpu=cortex-m4 -T"C:\Users\Beca Vessal\Documents\STM32WobbleBoard\STM32WobbleBoardNucleoFinal\STM32L476RGTX_FLASH.ld" --specs=nosys.specs -Wl,-Map="STM32WobbleBoardNucleoFinal.map" -Wl,--gc-sections -static -L../Middlewares/ST/STM32_MotionFX_Library/Lib -u _printf_float --specs=nano.specs -mfpu=fpv4-sp-d16 -mfloat-abi=hard -mthumb -u _printf_float -Wl,--start-group -lc -lm -lstdc++ -lsupc++ -Wl,--end-group
Finished building target: STM32WobbleBoardNucleoFinal.elf
 
arm-none-eabi-size   STM32WobbleBoardNucleoFinal.elf 
arm-none-eabi-objdump -h -S  STM32WobbleBoardNucleoFinal.elf  > "STM32WobbleBoardNucleoFinal.list"
arm-none-eabi-objcopy  -O binary  STM32WobbleBoardNucleoFinal.elf  "STM32WobbleBoardNucleoFinal.bin"
   text	   data	    bss	    dec	    hex	filename
 109752	    712	   7496	 117960	  1ccc8	STM32WobbleBoardNucleoFinal.elf
Finished building: default.size.stdout
 
Finished building: STM32WobbleBoardNucleoFinal.bin
 
Finished building: STM32WobbleBoardNucleoFinal.list
 
13:52:21 **** Incremental Build of configuration Debug for project STM32WobbleBoardNucleoFinal ****
make -j8 all 
arm-none-eabi-size   STM32WobbleBoardNucleoFinal.elf 
   text	   data	    bss	    dec	    hex	filename
 109752	    712	   7496	 117960	  1ccc8	STM32WobbleBoardNucleoFinal.elf
Finished building: default.size.stdout
 
13:53:30 **** Incremental Build of configuration Debug for project STM32WobbleBoardNucleoFinal ****
make -j8 all 
arm-none-eabi-g++ "../Core/Src/WobbleBoardApp.cpp" -mcpu=cortex-m4 -std=gnu++14 -g3 -DDEBUG -DUSE_HAL_DRIVER -DSTM32L476xx -c -I../Core/Inc -I../Drivers/STM32L4xx_HAL_Driver/Inc -I../Drivers/STM32L4xx_HAL_Driver/Inc/Legacy -I../Drivers/CMSIS/Device/ST/STM32L4xx/Include -I../Drivers/CMSIS/Include -I../Drivers/BSP/Components/Common/Include -I../Drivers/BSP/Components/hts221/Include -I../Drivers/BSP/Components/lps22hb/Include -I../Drivers/BSP/Components/lsm303agr/Include -I../Drivers/BSP/Components/lsm6dsl/Include -I../Drivers/BSP/IKS01A2/Include -I../Drivers/BSP/STM32L4xx_Nucleo/Include -I../Middlewares/ST/STM32_MotionFX_Library/Inc -O0 -ffunction-sections -fdata-sections -fno-exceptions -fno-rtti -fno-use-cxa-atexit -Wall -fstack-usage -MMD -MP -MF"Core/Src/WobbleBoardApp.d" -MT"Core/Src/WobbleBoardApp.o" --specs=nano.specs -mfpu=fpv4-sp-d16 -mfloat-abi=hard -mthumb -o "Core/Src/WobbleBoardApp.o"
../Core/Src/WobbleBoardApp.cpp: In member function 'void WobbleBoardApp::Process()':
../Core/Src/WobbleBoardApp.cpp:123:7: warning: unused variable 'msg_cmd' [-Wunused-variable]
  123 |  TMsg msg_cmd;
      |       ^~~~~~~
../Core/Src/WobbleBoardApp.cpp: In member function 'void WobbleBoardApp::MotionFXDataHandler()':
../Core/Src/WobbleBoardApp.cpp:302:11: warning: variable 'elapsed_time_us' set but not used [-Wunused-but-set-variable]
  302 |  uint32_t elapsed_time_us = 0U;
      |           ^~~~~~~~~~~~~~~
arm-none-eabi-g++ -o "STM32WobbleBoardNucleoFinal.elf" @"objects.list"  -l:MotionFX_CM4F_wc32_ot_hard.a -mcpu=cortex-m4 -T"C:\Users\Beca Vessal\Documents\STM32WobbleBoard\STM32WobbleBoardNucleoFinal\STM32L476RGTX_FLASH.ld" --specs=nosys.specs -Wl,-Map="STM32WobbleBoardNucleoFinal.map" -Wl,--gc-sections -static -L../Middlewares/ST/STM32_MotionFX_Library/Lib -u _printf_float --specs=nano.specs -mfpu=fpv4-sp-d16 -mfloat-abi=hard -mthumb -u _printf_float -Wl,--start-group -lc -lm -lstdc++ -lsupc++ -Wl,--end-group
Finished building target: STM32WobbleBoardNucleoFinal.elf
 
arm-none-eabi-size   STM32WobbleBoardNucleoFinal.elf 
arm-none-eabi-objdump -h -S  STM32WobbleBoardNucleoFinal.elf  > "STM32WobbleBoardNucleoFinal.list"
arm-none-eabi-objcopy  -O binary  STM32WobbleBoardNucleoFinal.elf  "STM32WobbleBoardNucleoFinal.bin"
   text	   data	    bss	    dec	    hex	filename
 109752	    712	   7496	 117960	  1ccc8	STM32WobbleBoardNucleoFinal.elf
Finished building: default.size.stdout
 
Finished building: STM32WobbleBoardNucleoFinal.bin
 
Finished building: STM32WobbleBoardNucleoFinal.list
 
13:54:14 **** Incremental Build of configuration Debug for project STM32WobbleBoardNucleoFinal ****
make -j8 all 
arm-none-eabi-size   STM32WobbleBoardNucleoFinal.elf 
   text	   data	    bss	    dec	    hex	filename
 109752	    712	   7496	 117960	  1ccc8	STM32WobbleBoardNucleoFinal.elf
Finished building: default.size.stdout
 
13:56:40 **** Incremental Build of configuration Debug for project STM32WobbleBoardNucleoFinal ****
make -j8 all 
arm-none-eabi-g++ "../Core/Src/WobbleBoardApp.cpp" -mcpu=cortex-m4 -std=gnu++14 -g3 -DDEBUG -DUSE_HAL_DRIVER -DSTM32L476xx -c -I../Core/Inc -I../Drivers/STM32L4xx_HAL_Driver/Inc -I../Drivers/STM32L4xx_HAL_Driver/Inc/Legacy -I../Drivers/CMSIS/Device/ST/STM32L4xx/Include -I../Drivers/CMSIS/Include -I../Drivers/BSP/Components/Common/Include -I../Drivers/BSP/Components/hts221/Include -I../Drivers/BSP/Components/lps22hb/Include -I../Drivers/BSP/Components/lsm303agr/Include -I../Drivers/BSP/Components/lsm6dsl/Include -I../Drivers/BSP/IKS01A2/Include -I../Drivers/BSP/STM32L4xx_Nucleo/Include -I../Middlewares/ST/STM32_MotionFX_Library/Inc -O0 -ffunction-sections -fdata-sections -fno-exceptions -fno-rtti -fno-use-cxa-atexit -Wall -fstack-usage -MMD -MP -MF"Core/Src/WobbleBoardApp.d" -MT"Core/Src/WobbleBoardApp.o" --specs=nano.specs -mfpu=fpv4-sp-d16 -mfloat-abi=hard -mthumb -o "Core/Src/WobbleBoardApp.o"
../Core/Src/WobbleBoardApp.cpp: In member function 'void WobbleBoardApp::Process()':
../Core/Src/WobbleBoardApp.cpp:123:7: warning: unused variable 'msg_cmd' [-Wunused-variable]
  123 |  TMsg msg_cmd;
      |       ^~~~~~~
../Core/Src/WobbleBoardApp.cpp: In member function 'void WobbleBoardApp::MotionFXDataHandler()':
../Core/Src/WobbleBoardApp.cpp:302:11: warning: variable 'elapsed_time_us' set but not used [-Wunused-but-set-variable]
  302 |  uint32_t elapsed_time_us = 0U;
      |           ^~~~~~~~~~~~~~~
../Core/Src/WobbleBoardApp.cpp: In member function 'void WobbleBoardApp::EnterUserCalibrationMode()':
../Core/Src/WobbleBoardApp.cpp:578:10: warning: ISO C++ forbids converting a string constant to 'char*' [-Wwrite-strings]
  578 |  sprintf("Entered User Calibration Mode");
      |          ^~~~~~~~~~~~~~~~~~~~~~~~~~~~~~~
../Core/Src/WobbleBoardApp.cpp:578:41: error: too few arguments to function 'int sprintf(char*, const char*, ...)'
  578 |  sprintf("Entered User Calibration Mode");
      |                                         ^
In file included from ../Core/Src/WobbleBoardApp.cpp:21:
c:\st\stm32cubeide_1.8.0\stm32cubeide\plugins\com.st.stm32cube.ide.mcu.externaltools.gnu-tools-for-stm32.9-2020-q2-update.win32_2.0.0.202105311346\tools\arm-none-eabi\include\stdio.h:244:5: note: declared here
  244 | int sprintf (char *__restrict, const char *__restrict, ...)
      |     ^~~~~~~
../Core/Src/WobbleBoardApp.cpp: In member function 'void WobbleBoardApp::ExitUserCalibrationMode()':
../Core/Src/WobbleBoardApp.cpp:602:10: warning: ISO C++ forbids converting a string constant to 'char*' [-Wwrite-strings]
  602 |  sprintf("Exited User Calibration Mode");
      |          ^~~~~~~~~~~~~~~~~~~~~~~~~~~~~~
../Core/Src/WobbleBoardApp.cpp:602:40: error: too few arguments to function 'int sprintf(char*, const char*, ...)'
  602 |  sprintf("Exited User Calibration Mode");
      |                                        ^
In file included from ../Core/Src/WobbleBoardApp.cpp:21:
c:\st\stm32cubeide_1.8.0\stm32cubeide\plugins\com.st.stm32cube.ide.mcu.externaltools.gnu-tools-for-stm32.9-2020-q2-update.win32_2.0.0.202105311346\tools\arm-none-eabi\include\stdio.h:244:5: note: declared here
  244 | int sprintf (char *__restrict, const char *__restrict, ...)
      |     ^~~~~~~
make: *** [Core/Src/subdir.mk:80: Core/Src/WobbleBoardApp.o] Error 1
"make -j8 all" terminated with exit code 2. Build might be incomplete.
14:04:11 **** Incremental Build of configuration Debug for project STM32WobbleBoardNucleoFinal ****
make -j8 all 
arm-none-eabi-g++ "../Core/Src/WobbleBoardApp.cpp" -mcpu=cortex-m4 -std=gnu++14 -g3 -DDEBUG -DUSE_HAL_DRIVER -DSTM32L476xx -c -I../Core/Inc -I../Drivers/STM32L4xx_HAL_Driver/Inc -I../Drivers/STM32L4xx_HAL_Driver/Inc/Legacy -I../Drivers/CMSIS/Device/ST/STM32L4xx/Include -I../Drivers/CMSIS/Include -I../Drivers/BSP/Components/Common/Include -I../Drivers/BSP/Components/hts221/Include -I../Drivers/BSP/Components/lps22hb/Include -I../Drivers/BSP/Components/lsm303agr/Include -I../Drivers/BSP/Components/lsm6dsl/Include -I../Drivers/BSP/IKS01A2/Include -I../Drivers/BSP/STM32L4xx_Nucleo/Include -I../Middlewares/ST/STM32_MotionFX_Library/Inc -O0 -ffunction-sections -fdata-sections -fno-exceptions -fno-rtti -fno-use-cxa-atexit -Wall -fstack-usage -MMD -MP -MF"Core/Src/WobbleBoardApp.d" -MT"Core/Src/WobbleBoardApp.o" --specs=nano.specs -mfpu=fpv4-sp-d16 -mfloat-abi=hard -mthumb -o "Core/Src/WobbleBoardApp.o"
../Core/Src/WobbleBoardApp.cpp: In member function 'void WobbleBoardApp::Process()':
../Core/Src/WobbleBoardApp.cpp:123:7: warning: unused variable 'msg_cmd' [-Wunused-variable]
  123 |  TMsg msg_cmd;
      |       ^~~~~~~
../Core/Src/WobbleBoardApp.cpp: In member function 'void WobbleBoardApp::MotionFXDataHandler()':
../Core/Src/WobbleBoardApp.cpp:302:11: warning: variable 'elapsed_time_us' set but not used [-Wunused-but-set-variable]
  302 |  uint32_t elapsed_time_us = 0U;
      |           ^~~~~~~~~~~~~~~
../Core/Src/WobbleBoardApp.cpp: In member function 'void WobbleBoardApp::EnterUserCalibrationMode()':
../Core/Src/WobbleBoardApp.cpp:579:2: error: 'sprintnf' was not declared in this scope; did you mean 'sprintf'?
  579 |  sprintnf(PrintBuffer, "Entered User Calibration Mode");
      |  ^~~~~~~~
      |  sprintf
../Core/Src/WobbleBoardApp.cpp: In member function 'void WobbleBoardApp::ExitUserCalibrationMode()':
../Core/Src/WobbleBoardApp.cpp:604:2: error: 'sprintnf' was not declared in this scope; did you mean 'sprintf'?
  604 |  sprintnf(PrintBuffer, "Exited User Calibration Mode");
      |  ^~~~~~~~
      |  sprintf
make: *** [Core/Src/subdir.mk:80: Core/Src/WobbleBoardApp.o] Error 1
"make -j8 all" terminated with exit code 2. Build might be incomplete.
14:04:32 **** Incremental Build of configuration Debug for project STM32WobbleBoardNucleoFinal ****
make -j8 all 
arm-none-eabi-g++ "../Core/Src/WobbleBoardApp.cpp" -mcpu=cortex-m4 -std=gnu++14 -g3 -DDEBUG -DUSE_HAL_DRIVER -DSTM32L476xx -c -I../Core/Inc -I../Drivers/STM32L4xx_HAL_Driver/Inc -I../Drivers/STM32L4xx_HAL_Driver/Inc/Legacy -I../Drivers/CMSIS/Device/ST/STM32L4xx/Include -I../Drivers/CMSIS/Include -I../Drivers/BSP/Components/Common/Include -I../Drivers/BSP/Components/hts221/Include -I../Drivers/BSP/Components/lps22hb/Include -I../Drivers/BSP/Components/lsm303agr/Include -I../Drivers/BSP/Components/lsm6dsl/Include -I../Drivers/BSP/IKS01A2/Include -I../Drivers/BSP/STM32L4xx_Nucleo/Include -I../Middlewares/ST/STM32_MotionFX_Library/Inc -O0 -ffunction-sections -fdata-sections -fno-exceptions -fno-rtti -fno-use-cxa-atexit -Wall -fstack-usage -MMD -MP -MF"Core/Src/WobbleBoardApp.d" -MT"Core/Src/WobbleBoardApp.o" --specs=nano.specs -mfpu=fpv4-sp-d16 -mfloat-abi=hard -mthumb -o "Core/Src/WobbleBoardApp.o"
../Core/Src/WobbleBoardApp.cpp: In member function 'void WobbleBoardApp::Process()':
../Core/Src/WobbleBoardApp.cpp:123:7: warning: unused variable 'msg_cmd' [-Wunused-variable]
  123 |  TMsg msg_cmd;
      |       ^~~~~~~
../Core/Src/WobbleBoardApp.cpp: In member function 'void WobbleBoardApp::MotionFXDataHandler()':
../Core/Src/WobbleBoardApp.cpp:302:11: warning: variable 'elapsed_time_us' set but not used [-Wunused-but-set-variable]
  302 |  uint32_t elapsed_time_us = 0U;
      |           ^~~~~~~~~~~~~~~
arm-none-eabi-g++ -o "STM32WobbleBoardNucleoFinal.elf" @"objects.list"  -l:MotionFX_CM4F_wc32_ot_hard.a -mcpu=cortex-m4 -T"C:\Users\Beca Vessal\Documents\STM32WobbleBoard\STM32WobbleBoardNucleoFinal\STM32L476RGTX_FLASH.ld" --specs=nosys.specs -Wl,-Map="STM32WobbleBoardNucleoFinal.map" -Wl,--gc-sections -static -L../Middlewares/ST/STM32_MotionFX_Library/Lib -u _printf_float --specs=nano.specs -mfpu=fpv4-sp-d16 -mfloat-abi=hard -mthumb -u _printf_float -Wl,--start-group -lc -lm -lstdc++ -lsupc++ -Wl,--end-group
Finished building target: STM32WobbleBoardNucleoFinal.elf
 
arm-none-eabi-size   STM32WobbleBoardNucleoFinal.elf 
arm-none-eabi-objdump -h -S  STM32WobbleBoardNucleoFinal.elf  > "STM32WobbleBoardNucleoFinal.list"
arm-none-eabi-objcopy  -O binary  STM32WobbleBoardNucleoFinal.elf  "STM32WobbleBoardNucleoFinal.bin"
   text	   data	    bss	    dec	    hex	filename
 109848	    712	   7496	 118056	  1cd28	STM32WobbleBoardNucleoFinal.elf
Finished building: default.size.stdout
 
Finished building: STM32WobbleBoardNucleoFinal.bin
 
Finished building: STM32WobbleBoardNucleoFinal.list
 
14:07:51 **** Incremental Build of configuration Debug for project STM32WobbleBoardNucleoFinal ****
make -j8 all 
arm-none-eabi-g++ "../Core/Src/WobbleBoardApp.cpp" -mcpu=cortex-m4 -std=gnu++14 -g3 -DDEBUG -DUSE_HAL_DRIVER -DSTM32L476xx -c -I../Core/Inc -I../Drivers/STM32L4xx_HAL_Driver/Inc -I../Drivers/STM32L4xx_HAL_Driver/Inc/Legacy -I../Drivers/CMSIS/Device/ST/STM32L4xx/Include -I../Drivers/CMSIS/Include -I../Drivers/BSP/Components/Common/Include -I../Drivers/BSP/Components/hts221/Include -I../Drivers/BSP/Components/lps22hb/Include -I../Drivers/BSP/Components/lsm303agr/Include -I../Drivers/BSP/Components/lsm6dsl/Include -I../Drivers/BSP/IKS01A2/Include -I../Drivers/BSP/STM32L4xx_Nucleo/Include -I../Middlewares/ST/STM32_MotionFX_Library/Inc -O0 -ffunction-sections -fdata-sections -fno-exceptions -fno-rtti -fno-use-cxa-atexit -Wall -fstack-usage -MMD -MP -MF"Core/Src/WobbleBoardApp.d" -MT"Core/Src/WobbleBoardApp.o" --specs=nano.specs -mfpu=fpv4-sp-d16 -mfloat-abi=hard -mthumb -o "Core/Src/WobbleBoardApp.o"
../Core/Src/WobbleBoardApp.cpp: In member function 'void WobbleBoardApp::Process()':
../Core/Src/WobbleBoardApp.cpp:123:7: warning: unused variable 'msg_cmd' [-Wunused-variable]
  123 |  TMsg msg_cmd;
      |       ^~~~~~~
../Core/Src/WobbleBoardApp.cpp: In member function 'void WobbleBoardApp::MotionFXDataHandler()':
../Core/Src/WobbleBoardApp.cpp:302:11: warning: variable 'elapsed_time_us' set but not used [-Wunused-but-set-variable]
  302 |  uint32_t elapsed_time_us = 0U;
      |           ^~~~~~~~~~~~~~~
arm-none-eabi-g++ -o "STM32WobbleBoardNucleoFinal.elf" @"objects.list"  -l:MotionFX_CM4F_wc32_ot_hard.a -mcpu=cortex-m4 -T"C:\Users\Beca Vessal\Documents\STM32WobbleBoard\STM32WobbleBoardNucleoFinal\STM32L476RGTX_FLASH.ld" --specs=nosys.specs -Wl,-Map="STM32WobbleBoardNucleoFinal.map" -Wl,--gc-sections -static -L../Middlewares/ST/STM32_MotionFX_Library/Lib -u _printf_float --specs=nano.specs -mfpu=fpv4-sp-d16 -mfloat-abi=hard -mthumb -u _printf_float -Wl,--start-group -lc -lm -lstdc++ -lsupc++ -Wl,--end-group
Finished building target: STM32WobbleBoardNucleoFinal.elf
 
arm-none-eabi-size   STM32WobbleBoardNucleoFinal.elf 
arm-none-eabi-objdump -h -S  STM32WobbleBoardNucleoFinal.elf  > "STM32WobbleBoardNucleoFinal.list"
arm-none-eabi-objcopy  -O binary  STM32WobbleBoardNucleoFinal.elf  "STM32WobbleBoardNucleoFinal.bin"
   text	   data	    bss	    dec	    hex	filename
 109896	    712	   7496	 118104	  1cd58	STM32WobbleBoardNucleoFinal.elf
Finished building: default.size.stdout
 
Finished building: STM32WobbleBoardNucleoFinal.bin
 
Finished building: STM32WobbleBoardNucleoFinal.list
 
14:12:54 **** Incremental Build of configuration Debug for project STM32WobbleBoardNucleoFinal ****
make -j8 all 
arm-none-eabi-g++ "../Core/Src/WobbleBoardApp.cpp" -mcpu=cortex-m4 -std=gnu++14 -g3 -DDEBUG -DUSE_HAL_DRIVER -DSTM32L476xx -c -I../Core/Inc -I../Drivers/STM32L4xx_HAL_Driver/Inc -I../Drivers/STM32L4xx_HAL_Driver/Inc/Legacy -I../Drivers/CMSIS/Device/ST/STM32L4xx/Include -I../Drivers/CMSIS/Include -I../Drivers/BSP/Components/Common/Include -I../Drivers/BSP/Components/hts221/Include -I../Drivers/BSP/Components/lps22hb/Include -I../Drivers/BSP/Components/lsm303agr/Include -I../Drivers/BSP/Components/lsm6dsl/Include -I../Drivers/BSP/IKS01A2/Include -I../Drivers/BSP/STM32L4xx_Nucleo/Include -I../Middlewares/ST/STM32_MotionFX_Library/Inc -O0 -ffunction-sections -fdata-sections -fno-exceptions -fno-rtti -fno-use-cxa-atexit -Wall -fstack-usage -MMD -MP -MF"Core/Src/WobbleBoardApp.d" -MT"Core/Src/WobbleBoardApp.o" --specs=nano.specs -mfpu=fpv4-sp-d16 -mfloat-abi=hard -mthumb -o "Core/Src/WobbleBoardApp.o"
arm-none-eabi-g++ "../Core/Src/main.cpp" -mcpu=cortex-m4 -std=gnu++14 -g3 -DDEBUG -DUSE_HAL_DRIVER -DSTM32L476xx -c -I../Core/Inc -I../Drivers/STM32L4xx_HAL_Driver/Inc -I../Drivers/STM32L4xx_HAL_Driver/Inc/Legacy -I../Drivers/CMSIS/Device/ST/STM32L4xx/Include -I../Drivers/CMSIS/Include -I../Drivers/BSP/Components/Common/Include -I../Drivers/BSP/Components/hts221/Include -I../Drivers/BSP/Components/lps22hb/Include -I../Drivers/BSP/Components/lsm303agr/Include -I../Drivers/BSP/Components/lsm6dsl/Include -I../Drivers/BSP/IKS01A2/Include -I../Drivers/BSP/STM32L4xx_Nucleo/Include -I../Middlewares/ST/STM32_MotionFX_Library/Inc -O0 -ffunction-sections -fdata-sections -fno-exceptions -fno-rtti -fno-use-cxa-atexit -Wall -fstack-usage -MMD -MP -MF"Core/Src/main.d" -MT"Core/Src/main.o" --specs=nano.specs -mfpu=fpv4-sp-d16 -mfloat-abi=hard -mthumb -o "Core/Src/main.o"
../Core/Src/WobbleBoardApp.cpp: In member function 'void WobbleBoardApp::Process()':
../Core/Src/WobbleBoardApp.cpp:123:7: warning: unused variable 'msg_cmd' [-Wunused-variable]
  123 |  TMsg msg_cmd;
      |       ^~~~~~~
../Core/Src/WobbleBoardApp.cpp: In member function 'void WobbleBoardApp::MotionFXDataHandler()':
../Core/Src/WobbleBoardApp.cpp:302:11: warning: variable 'elapsed_time_us' set but not used [-Wunused-but-set-variable]
  302 |  uint32_t elapsed_time_us = 0U;
      |           ^~~~~~~~~~~~~~~
../Core/Src/WobbleBoardApp.cpp: In member function 'void WobbleBoardApp::EnterUserCalibrationMode()':
../Core/Src/WobbleBoardApp.cpp:578:7: error: 'string' is not a member of 'std'
  578 |  std::string printString = "Entered User Calibration Mode";
      |       ^~~~~~
../Core/Src/WobbleBoardApp.cpp:22:1: note: 'std::string' is defined in header '<string>'; did you forget to '#include <string>'?
   21 | #include <stdio.h> // I know this is a huge library.  Ideally we shouldn't include this but I'm including it due to time constraints.
  +++ |+#include <string>
   22 | 
../Core/Src/WobbleBoardApp.cpp:579:26: error: 'printString' was not declared in this scope
  579 |  int printStringLength = printString.length();
      |                          ^~~~~~~~~~~
../Core/Src/WobbleBoardApp.cpp: In member function 'void WobbleBoardApp::ExitUserCalibrationMode()':
../Core/Src/WobbleBoardApp.cpp:607:7: error: 'string' is not a member of 'std'
  607 |  std::string printString = "Exited User Calibration Mode";
      |       ^~~~~~
../Core/Src/WobbleBoardApp.cpp:607:7: note: 'std::string' is defined in header '<string>'; did you forget to '#include <string>'?
../Core/Src/WobbleBoardApp.cpp:608:26: error: 'printString' was not declared in this scope
  608 |  int printStringLength = printString.length();
      |                          ^~~~~~~~~~~
make: *** [Core/Src/subdir.mk:80: Core/Src/WobbleBoardApp.o] Error 1
make: *** Waiting for unfinished jobs....
"make -j8 all" terminated with exit code 2. Build might be incomplete.
14:13:43 **** Incremental Build of configuration Debug for project STM32WobbleBoardNucleoFinal ****
make -j8 all 
arm-none-eabi-g++ "../Core/Src/WobbleBoardApp.cpp" -mcpu=cortex-m4 -std=gnu++14 -g3 -DDEBUG -DUSE_HAL_DRIVER -DSTM32L476xx -c -I../Core/Inc -I../Drivers/STM32L4xx_HAL_Driver/Inc -I../Drivers/STM32L4xx_HAL_Driver/Inc/Legacy -I../Drivers/CMSIS/Device/ST/STM32L4xx/Include -I../Drivers/CMSIS/Include -I../Drivers/BSP/Components/Common/Include -I../Drivers/BSP/Components/hts221/Include -I../Drivers/BSP/Components/lps22hb/Include -I../Drivers/BSP/Components/lsm303agr/Include -I../Drivers/BSP/Components/lsm6dsl/Include -I../Drivers/BSP/IKS01A2/Include -I../Drivers/BSP/STM32L4xx_Nucleo/Include -I../Middlewares/ST/STM32_MotionFX_Library/Inc -O0 -ffunction-sections -fdata-sections -fno-exceptions -fno-rtti -fno-use-cxa-atexit -Wall -fstack-usage -MMD -MP -MF"Core/Src/WobbleBoardApp.d" -MT"Core/Src/WobbleBoardApp.o" --specs=nano.specs -mfpu=fpv4-sp-d16 -mfloat-abi=hard -mthumb -o "Core/Src/WobbleBoardApp.o"
../Core/Src/WobbleBoardApp.cpp: In member function 'void WobbleBoardApp::Process()':
../Core/Src/WobbleBoardApp.cpp:124:7: warning: unused variable 'msg_cmd' [-Wunused-variable]
  124 |  TMsg msg_cmd;
      |       ^~~~~~~
../Core/Src/WobbleBoardApp.cpp: In member function 'void WobbleBoardApp::MotionFXDataHandler()':
../Core/Src/WobbleBoardApp.cpp:303:11: warning: variable 'elapsed_time_us' set but not used [-Wunused-but-set-variable]
  303 |  uint32_t elapsed_time_us = 0U;
      |           ^~~~~~~~~~~~~~~
../Core/Src/WobbleBoardApp.cpp: In member function 'void WobbleBoardApp::EnterUserCalibrationMode()':
../Core/Src/WobbleBoardApp.cpp:579:7: error: 'string' is not a member of 'std'
  579 |  std::string printString = "Entered User Calibration Mode";
      |       ^~~~~~
../Core/Src/WobbleBoardApp.cpp:22:1: note: 'std::string' is defined in header '<string>'; did you forget to '#include <string>'?
   21 | #include <stdio.h> // I know this is a huge library.  Ideally we shouldn't include this but I'm including it due to time constraints.
  +++ |+#include <string>
   22 | #include <string.h> // I know this is a huge library.  Ideally we shouldn't include this but I'm including it due to time constraints.
../Core/Src/WobbleBoardApp.cpp:580:26: error: 'printString' was not declared in this scope
  580 |  int printStringLength = printString.length();
      |                          ^~~~~~~~~~~
../Core/Src/WobbleBoardApp.cpp: In member function 'void WobbleBoardApp::ExitUserCalibrationMode()':
../Core/Src/WobbleBoardApp.cpp:608:7: error: 'string' is not a member of 'std'
  608 |  std::string printString = "Exited User Calibration Mode";
      |       ^~~~~~
../Core/Src/WobbleBoardApp.cpp:608:7: note: 'std::string' is defined in header '<string>'; did you forget to '#include <string>'?
../Core/Src/WobbleBoardApp.cpp:609:26: error: 'printString' was not declared in this scope
  609 |  int printStringLength = printString.length();
      |                          ^~~~~~~~~~~
make: *** [Core/Src/subdir.mk:80: Core/Src/WobbleBoardApp.o] Error 1
"make -j8 all" terminated with exit code 2. Build might be incomplete.
14:14:45 **** Incremental Build of configuration Debug for project STM32WobbleBoardNucleoFinal ****
make -j8 all 
arm-none-eabi-g++ "../Core/Src/WobbleBoardApp.cpp" -mcpu=cortex-m4 -std=gnu++14 -g3 -DDEBUG -DUSE_HAL_DRIVER -DSTM32L476xx -c -I../Core/Inc -I../Drivers/STM32L4xx_HAL_Driver/Inc -I../Drivers/STM32L4xx_HAL_Driver/Inc/Legacy -I../Drivers/CMSIS/Device/ST/STM32L4xx/Include -I../Drivers/CMSIS/Include -I../Drivers/BSP/Components/Common/Include -I../Drivers/BSP/Components/hts221/Include -I../Drivers/BSP/Components/lps22hb/Include -I../Drivers/BSP/Components/lsm303agr/Include -I../Drivers/BSP/Components/lsm6dsl/Include -I../Drivers/BSP/IKS01A2/Include -I../Drivers/BSP/STM32L4xx_Nucleo/Include -I../Middlewares/ST/STM32_MotionFX_Library/Inc -O0 -ffunction-sections -fdata-sections -fno-exceptions -fno-rtti -fno-use-cxa-atexit -Wall -fstack-usage -MMD -MP -MF"Core/Src/WobbleBoardApp.d" -MT"Core/Src/WobbleBoardApp.o" --specs=nano.specs -mfpu=fpv4-sp-d16 -mfloat-abi=hard -mthumb -o "Core/Src/WobbleBoardApp.o"
../Core/Src/WobbleBoardApp.cpp: In member function 'void WobbleBoardApp::Process()':
../Core/Src/WobbleBoardApp.cpp:124:7: warning: unused variable 'msg_cmd' [-Wunused-variable]
  124 |  TMsg msg_cmd;
      |       ^~~~~~~
../Core/Src/WobbleBoardApp.cpp: In member function 'void WobbleBoardApp::MotionFXDataHandler()':
../Core/Src/WobbleBoardApp.cpp:303:11: warning: variable 'elapsed_time_us' set but not used [-Wunused-but-set-variable]
  303 |  uint32_t elapsed_time_us = 0U;
      |           ^~~~~~~~~~~~~~~
../Core/Src/WobbleBoardApp.cpp: In member function 'void WobbleBoardApp::EnterUserCalibrationMode()':
../Core/Src/WobbleBoardApp.cpp:583:23: error: cannot convert 'std::string' {aka 'std::__cxx11::basic_string<char>'} to 'const char*'
  583 |  sprintf(PrintBuffer, printString);
      |                       ^~~~~~~~~~~
      |                       |
      |                       std::string {aka std::__cxx11::basic_string<char>}
In file included from ../Core/Src/WobbleBoardApp.cpp:21:
c:\st\stm32cubeide_1.8.0\stm32cubeide\plugins\com.st.stm32cube.ide.mcu.externaltools.gnu-tools-for-stm32.9-2020-q2-update.win32_2.0.0.202105311346\tools\arm-none-eabi\include\stdio.h:244:32: note:   initializing argument 2 of 'int sprintf(char*, const char*, ...)'
  244 | int sprintf (char *__restrict, const char *__restrict, ...)
      |                                ^~~~~~~~~~~~
../Core/Src/WobbleBoardApp.cpp: In member function 'void WobbleBoardApp::ExitUserCalibrationMode()':
../Core/Src/WobbleBoardApp.cpp:612:23: error: cannot convert 'std::string' {aka 'std::__cxx11::basic_string<char>'} to 'const char*'
  612 |  sprintf(PrintBuffer, printString);
      |                       ^~~~~~~~~~~
      |                       |
      |                       std::string {aka std::__cxx11::basic_string<char>}
In file included from ../Core/Src/WobbleBoardApp.cpp:21:
c:\st\stm32cubeide_1.8.0\stm32cubeide\plugins\com.st.stm32cube.ide.mcu.externaltools.gnu-tools-for-stm32.9-2020-q2-update.win32_2.0.0.202105311346\tools\arm-none-eabi\include\stdio.h:244:32: note:   initializing argument 2 of 'int sprintf(char*, const char*, ...)'
  244 | int sprintf (char *__restrict, const char *__restrict, ...)
      |                                ^~~~~~~~~~~~
make: *** [Core/Src/subdir.mk:80: Core/Src/WobbleBoardApp.o] Error 1
"make -j8 all" terminated with exit code 2. Build might be incomplete.
14:15:22 **** Incremental Build of configuration Debug for project STM32WobbleBoardNucleoFinal ****
make -j8 all 
arm-none-eabi-g++ "../Core/Src/WobbleBoardApp.cpp" -mcpu=cortex-m4 -std=gnu++14 -g3 -DDEBUG -DUSE_HAL_DRIVER -DSTM32L476xx -c -I../Core/Inc -I../Drivers/STM32L4xx_HAL_Driver/Inc -I../Drivers/STM32L4xx_HAL_Driver/Inc/Legacy -I../Drivers/CMSIS/Device/ST/STM32L4xx/Include -I../Drivers/CMSIS/Include -I../Drivers/BSP/Components/Common/Include -I../Drivers/BSP/Components/hts221/Include -I../Drivers/BSP/Components/lps22hb/Include -I../Drivers/BSP/Components/lsm303agr/Include -I../Drivers/BSP/Components/lsm6dsl/Include -I../Drivers/BSP/IKS01A2/Include -I../Drivers/BSP/STM32L4xx_Nucleo/Include -I../Middlewares/ST/STM32_MotionFX_Library/Inc -O0 -ffunction-sections -fdata-sections -fno-exceptions -fno-rtti -fno-use-cxa-atexit -Wall -fstack-usage -MMD -MP -MF"Core/Src/WobbleBoardApp.d" -MT"Core/Src/WobbleBoardApp.o" --specs=nano.specs -mfpu=fpv4-sp-d16 -mfloat-abi=hard -mthumb -o "Core/Src/WobbleBoardApp.o"
../Core/Src/WobbleBoardApp.cpp: In member function 'void WobbleBoardApp::Process()':
../Core/Src/WobbleBoardApp.cpp:124:7: warning: unused variable 'msg_cmd' [-Wunused-variable]
  124 |  TMsg msg_cmd;
      |       ^~~~~~~
../Core/Src/WobbleBoardApp.cpp: In member function 'void WobbleBoardApp::MotionFXDataHandler()':
../Core/Src/WobbleBoardApp.cpp:303:11: warning: variable 'elapsed_time_us' set but not used [-Wunused-but-set-variable]
  303 |  uint32_t elapsed_time_us = 0U;
      |           ^~~~~~~~~~~~~~~
arm-none-eabi-g++ -o "STM32WobbleBoardNucleoFinal.elf" @"objects.list"  -l:MotionFX_CM4F_wc32_ot_hard.a -mcpu=cortex-m4 -T"C:\Users\Beca Vessal\Documents\STM32WobbleBoard\STM32WobbleBoardNucleoFinal\STM32L476RGTX_FLASH.ld" --specs=nosys.specs -Wl,-Map="STM32WobbleBoardNucleoFinal.map" -Wl,--gc-sections -static -L../Middlewares/ST/STM32_MotionFX_Library/Lib -u _printf_float --specs=nano.specs -mfpu=fpv4-sp-d16 -mfloat-abi=hard -mthumb -u _printf_float -Wl,--start-group -lc -lm -lstdc++ -lsupc++ -Wl,--end-group
Finished building target: STM32WobbleBoardNucleoFinal.elf
 
arm-none-eabi-size   STM32WobbleBoardNucleoFinal.elf 
arm-none-eabi-objdump -h -S  STM32WobbleBoardNucleoFinal.elf  > "STM32WobbleBoardNucleoFinal.list"
arm-none-eabi-objcopy  -O binary  STM32WobbleBoardNucleoFinal.elf  "STM32WobbleBoardNucleoFinal.bin"
   text	   data	    bss	    dec	    hex	filename
 110556	    712	   7496	 118764	  1cfec	STM32WobbleBoardNucleoFinal.elf
Finished building: default.size.stdout
 
Finished building: STM32WobbleBoardNucleoFinal.bin
 
Finished building: STM32WobbleBoardNucleoFinal.list
 
14:16:27 **** Incremental Build of configuration Debug for project STM32WobbleBoardNucleoFinal ****
make -j8 all 
arm-none-eabi-g++ "../Core/Src/WobbleBoardApp.cpp" -mcpu=cortex-m4 -std=gnu++14 -g3 -DDEBUG -DUSE_HAL_DRIVER -DSTM32L476xx -c -I../Core/Inc -I../Drivers/STM32L4xx_HAL_Driver/Inc -I../Drivers/STM32L4xx_HAL_Driver/Inc/Legacy -I../Drivers/CMSIS/Device/ST/STM32L4xx/Include -I../Drivers/CMSIS/Include -I../Drivers/BSP/Components/Common/Include -I../Drivers/BSP/Components/hts221/Include -I../Drivers/BSP/Components/lps22hb/Include -I../Drivers/BSP/Components/lsm303agr/Include -I../Drivers/BSP/Components/lsm6dsl/Include -I../Drivers/BSP/IKS01A2/Include -I../Drivers/BSP/STM32L4xx_Nucleo/Include -I../Middlewares/ST/STM32_MotionFX_Library/Inc -O0 -ffunction-sections -fdata-sections -fno-exceptions -fno-rtti -fno-use-cxa-atexit -Wall -fstack-usage -MMD -MP -MF"Core/Src/WobbleBoardApp.d" -MT"Core/Src/WobbleBoardApp.o" --specs=nano.specs -mfpu=fpv4-sp-d16 -mfloat-abi=hard -mthumb -o "Core/Src/WobbleBoardApp.o"
../Core/Src/WobbleBoardApp.cpp: In member function 'void WobbleBoardApp::Process()':
../Core/Src/WobbleBoardApp.cpp:124:7: warning: unused variable 'msg_cmd' [-Wunused-variable]
  124 |  TMsg msg_cmd;
      |       ^~~~~~~
../Core/Src/WobbleBoardApp.cpp: In member function 'void WobbleBoardApp::MotionFXDataHandler()':
../Core/Src/WobbleBoardApp.cpp:303:11: warning: variable 'elapsed_time_us' set but not used [-Wunused-but-set-variable]
  303 |  uint32_t elapsed_time_us = 0U;
      |           ^~~~~~~~~~~~~~~
arm-none-eabi-g++ -o "STM32WobbleBoardNucleoFinal.elf" @"objects.list"  -l:MotionFX_CM4F_wc32_ot_hard.a -mcpu=cortex-m4 -T"C:\Users\Beca Vessal\Documents\STM32WobbleBoard\STM32WobbleBoardNucleoFinal\STM32L476RGTX_FLASH.ld" --specs=nosys.specs -Wl,-Map="STM32WobbleBoardNucleoFinal.map" -Wl,--gc-sections -static -L../Middlewares/ST/STM32_MotionFX_Library/Lib -u _printf_float --specs=nano.specs -mfpu=fpv4-sp-d16 -mfloat-abi=hard -mthumb -u _printf_float -Wl,--start-group -lc -lm -lstdc++ -lsupc++ -Wl,--end-group
Finished building target: STM32WobbleBoardNucleoFinal.elf
 
arm-none-eabi-size   STM32WobbleBoardNucleoFinal.elf 
arm-none-eabi-objdump -h -S  STM32WobbleBoardNucleoFinal.elf  > "STM32WobbleBoardNucleoFinal.list"
arm-none-eabi-objcopy  -O binary  STM32WobbleBoardNucleoFinal.elf  "STM32WobbleBoardNucleoFinal.bin"
   text	   data	    bss	    dec	    hex	filename
 110556	    712	   7496	 118764	  1cfec	STM32WobbleBoardNucleoFinal.elf
Finished building: default.size.stdout
 
Finished building: STM32WobbleBoardNucleoFinal.bin
 
Finished building: STM32WobbleBoardNucleoFinal.list
 
14:17:28 **** Incremental Build of configuration Debug for project STM32WobbleBoardNucleoFinal ****
make -j8 all 
arm-none-eabi-g++ "../Core/Src/WobbleBoardApp.cpp" -mcpu=cortex-m4 -std=gnu++14 -g3 -DDEBUG -DUSE_HAL_DRIVER -DSTM32L476xx -c -I../Core/Inc -I../Drivers/STM32L4xx_HAL_Driver/Inc -I../Drivers/STM32L4xx_HAL_Driver/Inc/Legacy -I../Drivers/CMSIS/Device/ST/STM32L4xx/Include -I../Drivers/CMSIS/Include -I../Drivers/BSP/Components/Common/Include -I../Drivers/BSP/Components/hts221/Include -I../Drivers/BSP/Components/lps22hb/Include -I../Drivers/BSP/Components/lsm303agr/Include -I../Drivers/BSP/Components/lsm6dsl/Include -I../Drivers/BSP/IKS01A2/Include -I../Drivers/BSP/STM32L4xx_Nucleo/Include -I../Middlewares/ST/STM32_MotionFX_Library/Inc -O0 -ffunction-sections -fdata-sections -fno-exceptions -fno-rtti -fno-use-cxa-atexit -Wall -fstack-usage -MMD -MP -MF"Core/Src/WobbleBoardApp.d" -MT"Core/Src/WobbleBoardApp.o" --specs=nano.specs -mfpu=fpv4-sp-d16 -mfloat-abi=hard -mthumb -o "Core/Src/WobbleBoardApp.o"
../Core/Src/WobbleBoardApp.cpp: In member function 'void WobbleBoardApp::Process()':
../Core/Src/WobbleBoardApp.cpp:124:7: warning: unused variable 'msg_cmd' [-Wunused-variable]
  124 |  TMsg msg_cmd;
      |       ^~~~~~~
../Core/Src/WobbleBoardApp.cpp: In member function 'void WobbleBoardApp::MotionFXDataHandler()':
../Core/Src/WobbleBoardApp.cpp:303:11: warning: variable 'elapsed_time_us' set but not used [-Wunused-but-set-variable]
  303 |  uint32_t elapsed_time_us = 0U;
      |           ^~~~~~~~~~~~~~~
arm-none-eabi-g++ -o "STM32WobbleBoardNucleoFinal.elf" @"objects.list"  -l:MotionFX_CM4F_wc32_ot_hard.a -mcpu=cortex-m4 -T"C:\Users\Beca Vessal\Documents\STM32WobbleBoard\STM32WobbleBoardNucleoFinal\STM32L476RGTX_FLASH.ld" --specs=nosys.specs -Wl,-Map="STM32WobbleBoardNucleoFinal.map" -Wl,--gc-sections -static -L../Middlewares/ST/STM32_MotionFX_Library/Lib -u _printf_float --specs=nano.specs -mfpu=fpv4-sp-d16 -mfloat-abi=hard -mthumb -u _printf_float -Wl,--start-group -lc -lm -lstdc++ -lsupc++ -Wl,--end-group
Finished building target: STM32WobbleBoardNucleoFinal.elf
 
arm-none-eabi-size   STM32WobbleBoardNucleoFinal.elf 
arm-none-eabi-objdump -h -S  STM32WobbleBoardNucleoFinal.elf  > "STM32WobbleBoardNucleoFinal.list"
arm-none-eabi-objcopy  -O binary  STM32WobbleBoardNucleoFinal.elf  "STM32WobbleBoardNucleoFinal.bin"
   text	   data	    bss	    dec	    hex	filename
 110564	    712	   7496	 118772	  1cff4	STM32WobbleBoardNucleoFinal.elf
Finished building: default.size.stdout
 
Finished building: STM32WobbleBoardNucleoFinal.bin
 
Finished building: STM32WobbleBoardNucleoFinal.list
 
14:18:40 **** Incremental Build of configuration Debug for project STM32WobbleBoardNucleoFinal ****
make -j8 all 
arm-none-eabi-g++ "../Core/Src/WobbleBoardApp.cpp" -mcpu=cortex-m4 -std=gnu++14 -g3 -DDEBUG -DUSE_HAL_DRIVER -DSTM32L476xx -c -I../Core/Inc -I../Drivers/STM32L4xx_HAL_Driver/Inc -I../Drivers/STM32L4xx_HAL_Driver/Inc/Legacy -I../Drivers/CMSIS/Device/ST/STM32L4xx/Include -I../Drivers/CMSIS/Include -I../Drivers/BSP/Components/Common/Include -I../Drivers/BSP/Components/hts221/Include -I../Drivers/BSP/Components/lps22hb/Include -I../Drivers/BSP/Components/lsm303agr/Include -I../Drivers/BSP/Components/lsm6dsl/Include -I../Drivers/BSP/IKS01A2/Include -I../Drivers/BSP/STM32L4xx_Nucleo/Include -I../Middlewares/ST/STM32_MotionFX_Library/Inc -O0 -ffunction-sections -fdata-sections -fno-exceptions -fno-rtti -fno-use-cxa-atexit -Wall -fstack-usage -MMD -MP -MF"Core/Src/WobbleBoardApp.d" -MT"Core/Src/WobbleBoardApp.o" --specs=nano.specs -mfpu=fpv4-sp-d16 -mfloat-abi=hard -mthumb -o "Core/Src/WobbleBoardApp.o"
../Core/Src/WobbleBoardApp.cpp: In member function 'void WobbleBoardApp::Process()':
../Core/Src/WobbleBoardApp.cpp:124:7: warning: unused variable 'msg_cmd' [-Wunused-variable]
  124 |  TMsg msg_cmd;
      |       ^~~~~~~
../Core/Src/WobbleBoardApp.cpp: In member function 'void WobbleBoardApp::MotionFXDataHandler()':
../Core/Src/WobbleBoardApp.cpp:303:11: warning: variable 'elapsed_time_us' set but not used [-Wunused-but-set-variable]
  303 |  uint32_t elapsed_time_us = 0U;
      |           ^~~~~~~~~~~~~~~
arm-none-eabi-g++ -o "STM32WobbleBoardNucleoFinal.elf" @"objects.list"  -l:MotionFX_CM4F_wc32_ot_hard.a -mcpu=cortex-m4 -T"C:\Users\Beca Vessal\Documents\STM32WobbleBoard\STM32WobbleBoardNucleoFinal\STM32L476RGTX_FLASH.ld" --specs=nosys.specs -Wl,-Map="STM32WobbleBoardNucleoFinal.map" -Wl,--gc-sections -static -L../Middlewares/ST/STM32_MotionFX_Library/Lib -u _printf_float --specs=nano.specs -mfpu=fpv4-sp-d16 -mfloat-abi=hard -mthumb -u _printf_float -Wl,--start-group -lc -lm -lstdc++ -lsupc++ -Wl,--end-group
Finished building target: STM32WobbleBoardNucleoFinal.elf
 
arm-none-eabi-size   STM32WobbleBoardNucleoFinal.elf 
arm-none-eabi-objdump -h -S  STM32WobbleBoardNucleoFinal.elf  > "STM32WobbleBoardNucleoFinal.list"
arm-none-eabi-objcopy  -O binary  STM32WobbleBoardNucleoFinal.elf  "STM32WobbleBoardNucleoFinal.bin"
   text	   data	    bss	    dec	    hex	filename
 110556	    712	   7496	 118764	  1cfec	STM32WobbleBoardNucleoFinal.elf
Finished building: default.size.stdout
 
Finished building: STM32WobbleBoardNucleoFinal.bin
 
Finished building: STM32WobbleBoardNucleoFinal.list
 
14:19:42 **** Incremental Build of configuration Debug for project STM32WobbleBoardNucleoFinal ****
make -j8 all 
arm-none-eabi-g++ "../Core/Src/WobbleBoardApp.cpp" -mcpu=cortex-m4 -std=gnu++14 -g3 -DDEBUG -DUSE_HAL_DRIVER -DSTM32L476xx -c -I../Core/Inc -I../Drivers/STM32L4xx_HAL_Driver/Inc -I../Drivers/STM32L4xx_HAL_Driver/Inc/Legacy -I../Drivers/CMSIS/Device/ST/STM32L4xx/Include -I../Drivers/CMSIS/Include -I../Drivers/BSP/Components/Common/Include -I../Drivers/BSP/Components/hts221/Include -I../Drivers/BSP/Components/lps22hb/Include -I../Drivers/BSP/Components/lsm303agr/Include -I../Drivers/BSP/Components/lsm6dsl/Include -I../Drivers/BSP/IKS01A2/Include -I../Drivers/BSP/STM32L4xx_Nucleo/Include -I../Middlewares/ST/STM32_MotionFX_Library/Inc -O0 -ffunction-sections -fdata-sections -fno-exceptions -fno-rtti -fno-use-cxa-atexit -Wall -fstack-usage -MMD -MP -MF"Core/Src/WobbleBoardApp.d" -MT"Core/Src/WobbleBoardApp.o" --specs=nano.specs -mfpu=fpv4-sp-d16 -mfloat-abi=hard -mthumb -o "Core/Src/WobbleBoardApp.o"
../Core/Src/WobbleBoardApp.cpp: In member function 'void WobbleBoardApp::Process()':
../Core/Src/WobbleBoardApp.cpp:124:7: warning: unused variable 'msg_cmd' [-Wunused-variable]
  124 |  TMsg msg_cmd;
      |       ^~~~~~~
../Core/Src/WobbleBoardApp.cpp: In member function 'void WobbleBoardApp::MotionFXDataHandler()':
../Core/Src/WobbleBoardApp.cpp:303:11: warning: variable 'elapsed_time_us' set but not used [-Wunused-but-set-variable]
  303 |  uint32_t elapsed_time_us = 0U;
      |           ^~~~~~~~~~~~~~~
arm-none-eabi-g++ -o "STM32WobbleBoardNucleoFinal.elf" @"objects.list"  -l:MotionFX_CM4F_wc32_ot_hard.a -mcpu=cortex-m4 -T"C:\Users\Beca Vessal\Documents\STM32WobbleBoard\STM32WobbleBoardNucleoFinal\STM32L476RGTX_FLASH.ld" --specs=nosys.specs -Wl,-Map="STM32WobbleBoardNucleoFinal.map" -Wl,--gc-sections -static -L../Middlewares/ST/STM32_MotionFX_Library/Lib -u _printf_float --specs=nano.specs -mfpu=fpv4-sp-d16 -mfloat-abi=hard -mthumb -u _printf_float -Wl,--start-group -lc -lm -lstdc++ -lsupc++ -Wl,--end-group
Finished building target: STM32WobbleBoardNucleoFinal.elf
 
arm-none-eabi-size   STM32WobbleBoardNucleoFinal.elf 
arm-none-eabi-objdump -h -S  STM32WobbleBoardNucleoFinal.elf  > "STM32WobbleBoardNucleoFinal.list"
arm-none-eabi-objcopy  -O binary  STM32WobbleBoardNucleoFinal.elf  "STM32WobbleBoardNucleoFinal.bin"
   text	   data	    bss	    dec	    hex	filename
 110556	    712	   7496	 118764	  1cfec	STM32WobbleBoardNucleoFinal.elf
Finished building: default.size.stdout
 
Finished building: STM32WobbleBoardNucleoFinal.bin
 
Finished building: STM32WobbleBoardNucleoFinal.list
 
14:25:59 **** Incremental Build of configuration Debug for project STM32WobbleBoardNucleoFinal ****
make -j8 all 
arm-none-eabi-gcc "../Drivers/STM32L4xx_HAL_Driver/Src/stm32l4xx_hal.c" -mcpu=cortex-m4 -std=gnu11 -g3 -DDEBUG -DUSE_HAL_DRIVER -DSTM32L476xx -c -I../Core/Inc -I../Drivers/STM32L4xx_HAL_Driver/Inc -I../Drivers/STM32L4xx_HAL_Driver/Inc/Legacy -I../Drivers/CMSIS/Device/ST/STM32L4xx/Include -I../Drivers/CMSIS/Include -I../Drivers/BSP/Components/Common/Include -I../Drivers/BSP/Components/hts221/Include -I../Drivers/BSP/Components/lps22hb/Include -I../Drivers/BSP/Components/lsm303agr/Include -I../Drivers/BSP/Components/lsm6dsl/Include -I../Drivers/BSP/IKS01A2/Include -I../Drivers/BSP/STM32L4xx_Nucleo/Include -I../Middlewares/ST/STM32_MotionFX_Library/Inc -O0 -ffunction-sections -fdata-sections -Wall -fstack-usage -MMD -MP -MF"Drivers/STM32L4xx_HAL_Driver/Src/stm32l4xx_hal.d" -MT"Drivers/STM32L4xx_HAL_Driver/Src/stm32l4xx_hal.o" --specs=nano.specs -mfpu=fpv4-sp-d16 -mfloat-abi=hard -mthumb -o "Drivers/STM32L4xx_HAL_Driver/Src/stm32l4xx_hal.o"
arm-none-eabi-gcc "../Drivers/STM32L4xx_HAL_Driver/Src/stm32l4xx_hal_cortex.c" -mcpu=cortex-m4 -std=gnu11 -g3 -DDEBUG -DUSE_HAL_DRIVER -DSTM32L476xx -c -I../Core/Inc -I../Drivers/STM32L4xx_HAL_Driver/Inc -I../Drivers/STM32L4xx_HAL_Driver/Inc/Legacy -I../Drivers/CMSIS/Device/ST/STM32L4xx/Include -I../Drivers/CMSIS/Include -I../Drivers/BSP/Components/Common/Include -I../Drivers/BSP/Components/hts221/Include -I../Drivers/BSP/Components/lps22hb/Include -I../Drivers/BSP/Components/lsm303agr/Include -I../Drivers/BSP/Components/lsm6dsl/Include -I../Drivers/BSP/IKS01A2/Include -I../Drivers/BSP/STM32L4xx_Nucleo/Include -I../Middlewares/ST/STM32_MotionFX_Library/Inc -O0 -ffunction-sections -fdata-sections -Wall -fstack-usage -MMD -MP -MF"Drivers/STM32L4xx_HAL_Driver/Src/stm32l4xx_hal_cortex.d" -MT"Drivers/STM32L4xx_HAL_Driver/Src/stm32l4xx_hal_cortex.o" --specs=nano.specs -mfpu=fpv4-sp-d16 -mfloat-abi=hard -mthumb -o "Drivers/STM32L4xx_HAL_Driver/Src/stm32l4xx_hal_cortex.o"
arm-none-eabi-gcc "../Drivers/STM32L4xx_HAL_Driver/Src/stm32l4xx_hal_crc.c" -mcpu=cortex-m4 -std=gnu11 -g3 -DDEBUG -DUSE_HAL_DRIVER -DSTM32L476xx -c -I../Core/Inc -I../Drivers/STM32L4xx_HAL_Driver/Inc -I../Drivers/STM32L4xx_HAL_Driver/Inc/Legacy -I../Drivers/CMSIS/Device/ST/STM32L4xx/Include -I../Drivers/CMSIS/Include -I../Drivers/BSP/Components/Common/Include -I../Drivers/BSP/Components/hts221/Include -I../Drivers/BSP/Components/lps22hb/Include -I../Drivers/BSP/Components/lsm303agr/Include -I../Drivers/BSP/Components/lsm6dsl/Include -I../Drivers/BSP/IKS01A2/Include -I../Drivers/BSP/STM32L4xx_Nucleo/Include -I../Middlewares/ST/STM32_MotionFX_Library/Inc -O0 -ffunction-sections -fdata-sections -Wall -fstack-usage -MMD -MP -MF"Drivers/STM32L4xx_HAL_Driver/Src/stm32l4xx_hal_crc.d" -MT"Drivers/STM32L4xx_HAL_Driver/Src/stm32l4xx_hal_crc.o" --specs=nano.specs -mfpu=fpv4-sp-d16 -mfloat-abi=hard -mthumb -o "Drivers/STM32L4xx_HAL_Driver/Src/stm32l4xx_hal_crc.o"
arm-none-eabi-gcc "../Drivers/STM32L4xx_HAL_Driver/Src/stm32l4xx_hal_crc_ex.c" -mcpu=cortex-m4 -std=gnu11 -g3 -DDEBUG -DUSE_HAL_DRIVER -DSTM32L476xx -c -I../Core/Inc -I../Drivers/STM32L4xx_HAL_Driver/Inc -I../Drivers/STM32L4xx_HAL_Driver/Inc/Legacy -I../Drivers/CMSIS/Device/ST/STM32L4xx/Include -I../Drivers/CMSIS/Include -I../Drivers/BSP/Components/Common/Include -I../Drivers/BSP/Components/hts221/Include -I../Drivers/BSP/Components/lps22hb/Include -I../Drivers/BSP/Components/lsm303agr/Include -I../Drivers/BSP/Components/lsm6dsl/Include -I../Drivers/BSP/IKS01A2/Include -I../Drivers/BSP/STM32L4xx_Nucleo/Include -I../Middlewares/ST/STM32_MotionFX_Library/Inc -O0 -ffunction-sections -fdata-sections -Wall -fstack-usage -MMD -MP -MF"Drivers/STM32L4xx_HAL_Driver/Src/stm32l4xx_hal_crc_ex.d" -MT"Drivers/STM32L4xx_HAL_Driver/Src/stm32l4xx_hal_crc_ex.o" --specs=nano.specs -mfpu=fpv4-sp-d16 -mfloat-abi=hard -mthumb -o "Drivers/STM32L4xx_HAL_Driver/Src/stm32l4xx_hal_crc_ex.o"
arm-none-eabi-gcc "../Drivers/STM32L4xx_HAL_Driver/Src/stm32l4xx_hal_dma.c" -mcpu=cortex-m4 -std=gnu11 -g3 -DDEBUG -DUSE_HAL_DRIVER -DSTM32L476xx -c -I../Core/Inc -I../Drivers/STM32L4xx_HAL_Driver/Inc -I../Drivers/STM32L4xx_HAL_Driver/Inc/Legacy -I../Drivers/CMSIS/Device/ST/STM32L4xx/Include -I../Drivers/CMSIS/Include -I../Drivers/BSP/Components/Common/Include -I../Drivers/BSP/Components/hts221/Include -I../Drivers/BSP/Components/lps22hb/Include -I../Drivers/BSP/Components/lsm303agr/Include -I../Drivers/BSP/Components/lsm6dsl/Include -I../Drivers/BSP/IKS01A2/Include -I../Drivers/BSP/STM32L4xx_Nucleo/Include -I../Middlewares/ST/STM32_MotionFX_Library/Inc -O0 -ffunction-sections -fdata-sections -Wall -fstack-usage -MMD -MP -MF"Drivers/STM32L4xx_HAL_Driver/Src/stm32l4xx_hal_dma.d" -MT"Drivers/STM32L4xx_HAL_Driver/Src/stm32l4xx_hal_dma.o" --specs=nano.specs -mfpu=fpv4-sp-d16 -mfloat-abi=hard -mthumb -o "Drivers/STM32L4xx_HAL_Driver/Src/stm32l4xx_hal_dma.o"
arm-none-eabi-gcc "../Drivers/STM32L4xx_HAL_Driver/Src/stm32l4xx_hal_dma_ex.c" -mcpu=cortex-m4 -std=gnu11 -g3 -DDEBUG -DUSE_HAL_DRIVER -DSTM32L476xx -c -I../Core/Inc -I../Drivers/STM32L4xx_HAL_Driver/Inc -I../Drivers/STM32L4xx_HAL_Driver/Inc/Legacy -I../Drivers/CMSIS/Device/ST/STM32L4xx/Include -I../Drivers/CMSIS/Include -I../Drivers/BSP/Components/Common/Include -I../Drivers/BSP/Components/hts221/Include -I../Drivers/BSP/Components/lps22hb/Include -I../Drivers/BSP/Components/lsm303agr/Include -I../Drivers/BSP/Components/lsm6dsl/Include -I../Drivers/BSP/IKS01A2/Include -I../Drivers/BSP/STM32L4xx_Nucleo/Include -I../Middlewares/ST/STM32_MotionFX_Library/Inc -O0 -ffunction-sections -fdata-sections -Wall -fstack-usage -MMD -MP -MF"Drivers/STM32L4xx_HAL_Driver/Src/stm32l4xx_hal_dma_ex.d" -MT"Drivers/STM32L4xx_HAL_Driver/Src/stm32l4xx_hal_dma_ex.o" --specs=nano.specs -mfpu=fpv4-sp-d16 -mfloat-abi=hard -mthumb -o "Drivers/STM32L4xx_HAL_Driver/Src/stm32l4xx_hal_dma_ex.o"
arm-none-eabi-gcc "../Drivers/STM32L4xx_HAL_Driver/Src/stm32l4xx_hal_exti.c" -mcpu=cortex-m4 -std=gnu11 -g3 -DDEBUG -DUSE_HAL_DRIVER -DSTM32L476xx -c -I../Core/Inc -I../Drivers/STM32L4xx_HAL_Driver/Inc -I../Drivers/STM32L4xx_HAL_Driver/Inc/Legacy -I../Drivers/CMSIS/Device/ST/STM32L4xx/Include -I../Drivers/CMSIS/Include -I../Drivers/BSP/Components/Common/Include -I../Drivers/BSP/Components/hts221/Include -I../Drivers/BSP/Components/lps22hb/Include -I../Drivers/BSP/Components/lsm303agr/Include -I../Drivers/BSP/Components/lsm6dsl/Include -I../Drivers/BSP/IKS01A2/Include -I../Drivers/BSP/STM32L4xx_Nucleo/Include -I../Middlewares/ST/STM32_MotionFX_Library/Inc -O0 -ffunction-sections -fdata-sections -Wall -fstack-usage -MMD -MP -MF"Drivers/STM32L4xx_HAL_Driver/Src/stm32l4xx_hal_exti.d" -MT"Drivers/STM32L4xx_HAL_Driver/Src/stm32l4xx_hal_exti.o" --specs=nano.specs -mfpu=fpv4-sp-d16 -mfloat-abi=hard -mthumb -o "Drivers/STM32L4xx_HAL_Driver/Src/stm32l4xx_hal_exti.o"
[...]
In file included from ../Core/Src/WobbleBoardApp.cpp:8:
../Core/Inc/WobbleBoardApp.h:70:31: error: invalid use of non-static data member 'WobbleBoardApp::NUMBER_OF_MOTIONFX_DATA_SAMPLES'
   70 |  float MotionFXGravityXBuffer[NUMBER_OF_MOTIONFX_DATA_SAMPLES];
      |                               ^~~~~~~~~~~~~~~~~~~~~~~~~~~~~~~
../Core/Inc/WobbleBoardApp.h:43:12: note: declared here
   43 |  const int NUMBER_OF_MOTIONFX_DATA_SAMPLES = 50;
      |            ^~~~~~~~~~~~~~~~~~~~~~~~~~~~~~~
../Core/Src/WobbleBoardApp.cpp: In member function 'MFX_output_t* WobbleBoardApp::MotionFXDataHandler()':
../Core/Src/WobbleBoardApp.cpp:329:11: warning: unused variable 'elapsed_time_us' [-Wunused-variable]
  329 |  uint32_t elapsed_time_us = DWTStop();
      |           ^~~~~~~~~~~~~~~
../Core/Src/WobbleBoardApp.cpp: In member function 'void WobbleBoardApp::CaptureMotionFXGravityXData()':
../Core/Src/WobbleBoardApp.cpp:625:3: error: 'MotionFXGravityXBuffer' was not declared in this scope
  625 |   MotionFXGravityXBuffer[MotionFXDataBufferIndex] = pMotionFXData->gravity[0];
      |   ^~~~~~~~~~~~~~~~~~~~~~
../Core/Src/WobbleBoardApp.cpp:631:33: error: 'NumberOfMotionFXDataSamples' was not declared in this scope
  631 |   if(MotionFXDataBufferIndex >= NumberOfMotionFXDataSamples)
      |                                 ^~~~~~~~~~~~~~~~~~~~~~~~~~~
../Core/Src/WobbleBoardApp.cpp: In member function 'float WobbleBoardApp::CalculateDeadZone()':
../Core/Src/WobbleBoardApp.cpp:642:21: error: 'NumberOfMotionFXDataSamples' was not declared in this scope
  642 |  for(int i = 0; i < NumberOfMotionFXDataSamples; i++)
      |                     ^~~~~~~~~~~~~~~~~~~~~~~~~~~
../Core/Src/WobbleBoardApp.cpp:644:32: error: 'MotionFXGravityXBuffer' was not declared in this scope
  644 |   float motionFusionGravityX = MotionFXGravityXBuffer[i];
      |                                ^~~~~~~~~~~~~~~~~~~~~~
../Core/Src/WobbleBoardApp.cpp:657:64: error: 'NumberOfMotionFXDataSamples' was not declared in this scope
  657 |  float averageMotionFXGravityX = accumulatedMotionFXGravityX / NumberOfMotionFXDataSamples;
      |                                                                ^~~~~~~~~~~~~~~~~~~~~~~~~~~
make: *** [Core/Src/subdir.mk:82: Core/Src/WobbleBoardApp.o] Error 1
"make -j8 all" terminated with exit code 2. Build might be incomplete.
19:15:02 **** Incremental Build of configuration Debug for project STM32WobbleBoardNucleoFinal ****
make -j8 all 
arm-none-eabi-g++ "../Core/Src/WobbleBoardApp.cpp" -mcpu=cortex-m4 -std=gnu++14 -g3 -DDEBUG -DUSE_HAL_DRIVER -DSTM32L476xx -c -I../Core/Inc -I../Drivers/STM32L4xx_HAL_Driver/Inc -I../Drivers/STM32L4xx_HAL_Driver/Inc/Legacy -I../Drivers/CMSIS/Device/ST/STM32L4xx/Include -I../Drivers/CMSIS/Include -I../Drivers/BSP/Components/Common/Include -I../Drivers/BSP/Components/hts221/Include -I../Drivers/BSP/Components/lps22hb/Include -I../Drivers/BSP/Components/lsm303agr/Include -I../Drivers/BSP/Components/lsm6dsl/Include -I../Drivers/BSP/IKS01A2/Include -I../Drivers/BSP/STM32L4xx_Nucleo/Include -I../Middlewares/ST/STM32_MotionFX_Library/Inc -O0 -ffunction-sections -fdata-sections -fno-exceptions -fno-rtti -fno-use-cxa-atexit -Wall -fstack-usage -MMD -MP -MF"Core/Src/WobbleBoardApp.d" -MT"Core/Src/WobbleBoardApp.o" --specs=nano.specs -mfpu=fpv4-sp-d16 -mfloat-abi=hard -mthumb -o "Core/Src/WobbleBoardApp.o"
arm-none-eabi-g++ "../Core/Src/main.cpp" -mcpu=cortex-m4 -std=gnu++14 -g3 -DDEBUG -DUSE_HAL_DRIVER -DSTM32L476xx -c -I../Core/Inc -I../Drivers/STM32L4xx_HAL_Driver/Inc -I../Drivers/STM32L4xx_HAL_Driver/Inc/Legacy -I../Drivers/CMSIS/Device/ST/STM32L4xx/Include -I../Drivers/CMSIS/Include -I../Drivers/BSP/Components/Common/Include -I../Drivers/BSP/Components/hts221/Include -I../Drivers/BSP/Components/lps22hb/Include -I../Drivers/BSP/Components/lsm303agr/Include -I../Drivers/BSP/Components/lsm6dsl/Include -I../Drivers/BSP/IKS01A2/Include -I../Drivers/BSP/STM32L4xx_Nucleo/Include -I../Middlewares/ST/STM32_MotionFX_Library/Inc -O0 -ffunction-sections -fdata-sections -fno-exceptions -fno-rtti -fno-use-cxa-atexit -Wall -fstack-usage -MMD -MP -MF"Core/Src/main.d" -MT"Core/Src/main.o" --specs=nano.specs -mfpu=fpv4-sp-d16 -mfloat-abi=hard -mthumb -o "Core/Src/main.o"
In file included from ../Core/Src/main.cpp:29:
../Core/Inc/WobbleBoardApp.h:70:31: error: invalid use of non-static data member 'WobbleBoardApp::NUMBER_OF_MOTIONFX_DATA_SAMPLES'
   70 |  float MotionFXGravityXBuffer[NUMBER_OF_MOTIONFX_DATA_SAMPLES];
      |                               ^~~~~~~~~~~~~~~~~~~~~~~~~~~~~~~
../Core/Inc/WobbleBoardApp.h:43:12: note: declared here
   43 |  const int NUMBER_OF_MOTIONFX_DATA_SAMPLES = 50;
      |            ^~~~~~~~~~~~~~~~~~~~~~~~~~~~~~~
make: *** [Core/Src/subdir.mk:82: Core/Src/main.o] Error 1
make: *** Waiting for unfinished jobs....
In file included from ../Core/Src/WobbleBoardApp.cpp:8:
../Core/Inc/WobbleBoardApp.h:70:31: error: invalid use of non-static data member 'WobbleBoardApp::NUMBER_OF_MOTIONFX_DATA_SAMPLES'
   70 |  float MotionFXGravityXBuffer[NUMBER_OF_MOTIONFX_DATA_SAMPLES];
      |                               ^~~~~~~~~~~~~~~~~~~~~~~~~~~~~~~
../Core/Inc/WobbleBoardApp.h:43:12: note: declared here
   43 |  const int NUMBER_OF_MOTIONFX_DATA_SAMPLES = 50;
      |            ^~~~~~~~~~~~~~~~~~~~~~~~~~~~~~~
../Core/Src/WobbleBoardApp.cpp: In member function 'MFX_output_t* WobbleBoardApp::MotionFXDataHandler()':
../Core/Src/WobbleBoardApp.cpp:329:11: warning: unused variable 'elapsed_time_us' [-Wunused-variable]
  329 |  uint32_t elapsed_time_us = DWTStop();
      |           ^~~~~~~~~~~~~~~
../Core/Src/WobbleBoardApp.cpp: In member function 'void WobbleBoardApp::CaptureMotionFXGravityXData()':
../Core/Src/WobbleBoardApp.cpp:625:3: error: 'MotionFXGravityXBuffer' was not declared in this scope
  625 |   MotionFXGravityXBuffer[MotionFXDataBufferIndex] = pMotionFXData->gravity[0];
      |   ^~~~~~~~~~~~~~~~~~~~~~
../Core/Src/WobbleBoardApp.cpp: In member function 'float WobbleBoardApp::CalculateDeadZone()':
../Core/Src/WobbleBoardApp.cpp:644:32: error: 'MotionFXGravityXBuffer' was not declared in this scope
  644 |   float motionFusionGravityX = MotionFXGravityXBuffer[i];
      |                                ^~~~~~~~~~~~~~~~~~~~~~
make: *** [Core/Src/subdir.mk:82: Core/Src/WobbleBoardApp.o] Error 1
"make -j8 all" terminated with exit code 2. Build might be incomplete.
19:18:03 **** Incremental Build of configuration Debug for project STM32WobbleBoardNucleoFinal ****
make -j8 all 
arm-none-eabi-g++ "../Core/Src/WobbleBoardApp.cpp" -mcpu=cortex-m4 -std=gnu++14 -g3 -DDEBUG -DUSE_HAL_DRIVER -DSTM32L476xx -c -I../Core/Inc -I../Drivers/STM32L4xx_HAL_Driver/Inc -I../Drivers/STM32L4xx_HAL_Driver/Inc/Legacy -I../Drivers/CMSIS/Device/ST/STM32L4xx/Include -I../Drivers/CMSIS/Include -I../Drivers/BSP/Components/Common/Include -I../Drivers/BSP/Components/hts221/Include -I../Drivers/BSP/Components/lps22hb/Include -I../Drivers/BSP/Components/lsm303agr/Include -I../Drivers/BSP/Components/lsm6dsl/Include -I../Drivers/BSP/IKS01A2/Include -I../Drivers/BSP/STM32L4xx_Nucleo/Include -I../Middlewares/ST/STM32_MotionFX_Library/Inc -O0 -ffunction-sections -fdata-sections -fno-exceptions -fno-rtti -fno-use-cxa-atexit -Wall -fstack-usage -MMD -MP -MF"Core/Src/WobbleBoardApp.d" -MT"Core/Src/WobbleBoardApp.o" --specs=nano.specs -mfpu=fpv4-sp-d16 -mfloat-abi=hard -mthumb -o "Core/Src/WobbleBoardApp.o"
arm-none-eabi-g++ "../Core/Src/main.cpp" -mcpu=cortex-m4 -std=gnu++14 -g3 -DDEBUG -DUSE_HAL_DRIVER -DSTM32L476xx -c -I../Core/Inc -I../Drivers/STM32L4xx_HAL_Driver/Inc -I../Drivers/STM32L4xx_HAL_Driver/Inc/Legacy -I../Drivers/CMSIS/Device/ST/STM32L4xx/Include -I../Drivers/CMSIS/Include -I../Drivers/BSP/Components/Common/Include -I../Drivers/BSP/Components/hts221/Include -I../Drivers/BSP/Components/lps22hb/Include -I../Drivers/BSP/Components/lsm303agr/Include -I../Drivers/BSP/Components/lsm6dsl/Include -I../Drivers/BSP/IKS01A2/Include -I../Drivers/BSP/STM32L4xx_Nucleo/Include -I../Middlewares/ST/STM32_MotionFX_Library/Inc -O0 -ffunction-sections -fdata-sections -fno-exceptions -fno-rtti -fno-use-cxa-atexit -Wall -fstack-usage -MMD -MP -MF"Core/Src/main.d" -MT"Core/Src/main.o" --specs=nano.specs -mfpu=fpv4-sp-d16 -mfloat-abi=hard -mthumb -o "Core/Src/main.o"
../Core/Src/WobbleBoardApp.cpp: In member function 'MFX_output_t* WobbleBoardApp::MotionFXDataHandler()':
../Core/Src/WobbleBoardApp.cpp:329:11: warning: unused variable 'elapsed_time_us' [-Wunused-variable]
  329 |  uint32_t elapsed_time_us = DWTStop();
      |           ^~~~~~~~~~~~~~~
arm-none-eabi-g++ -o "STM32WobbleBoardNucleoFinal.elf" @"objects.list"  -l:MotionFX_CM4F_wc32_ot_hard.a -mcpu=cortex-m4 -T"C:\Users\Beca Vessal\Documents\STM32WobbleBoard\STM32WobbleBoardNucleoFinal\STM32L476RGTX_FLASH.ld" --specs=nosys.specs -Wl,-Map="STM32WobbleBoardNucleoFinal.map" -Wl,--gc-sections -static -L../Middlewares/ST/STM32_MotionFX_Library/Lib -u _printf_float --specs=nano.specs -mfpu=fpv4-sp-d16 -mfloat-abi=hard -mthumb -u _printf_float -Wl,--start-group -lc -lm -lstdc++ -lsupc++ -Wl,--end-group
Finished building target: STM32WobbleBoardNucleoFinal.elf
 
arm-none-eabi-size   STM32WobbleBoardNucleoFinal.elf 
arm-none-eabi-objdump -h -S  STM32WobbleBoardNucleoFinal.elf  > "STM32WobbleBoardNucleoFinal.list"
arm-none-eabi-objcopy  -O binary  STM32WobbleBoardNucleoFinal.elf  "STM32WobbleBoardNucleoFinal.bin"
   text	   data	    bss	    dec	    hex	filename
 110892	    712	   7496	 119100	  1d13c	STM32WobbleBoardNucleoFinal.elf
Finished building: default.size.stdout
 
Finished building: STM32WobbleBoardNucleoFinal.bin
 
Finished building: STM32WobbleBoardNucleoFinal.list
 
19:21:02 **** Incremental Build of configuration Debug for project STM32WobbleBoardNucleoFinal ****
make -j8 all 
arm-none-eabi-g++ "../Core/Src/WobbleBoardApp.cpp" -mcpu=cortex-m4 -std=gnu++14 -g3 -DDEBUG -DUSE_HAL_DRIVER -DSTM32L476xx -c -I../Core/Inc -I../Drivers/STM32L4xx_HAL_Driver/Inc -I../Drivers/STM32L4xx_HAL_Driver/Inc/Legacy -I../Drivers/CMSIS/Device/ST/STM32L4xx/Include -I../Drivers/CMSIS/Include -I../Drivers/BSP/Components/Common/Include -I../Drivers/BSP/Components/hts221/Include -I../Drivers/BSP/Components/lps22hb/Include -I../Drivers/BSP/Components/lsm303agr/Include -I../Drivers/BSP/Components/lsm6dsl/Include -I../Drivers/BSP/IKS01A2/Include -I../Drivers/BSP/STM32L4xx_Nucleo/Include -I../Middlewares/ST/STM32_MotionFX_Library/Inc -O0 -ffunction-sections -fdata-sections -fno-exceptions -fno-rtti -fno-use-cxa-atexit -Wall -fstack-usage -MMD -MP -MF"Core/Src/WobbleBoardApp.d" -MT"Core/Src/WobbleBoardApp.o" --specs=nano.specs -mfpu=fpv4-sp-d16 -mfloat-abi=hard -mthumb -o "Core/Src/WobbleBoardApp.o"
../Core/Src/WobbleBoardApp.cpp: In member function 'MFX_output_t* WobbleBoardApp::MotionFXDataHandler()':
../Core/Src/WobbleBoardApp.cpp:329:11: warning: unused variable 'elapsed_time_us' [-Wunused-variable]
  329 |  uint32_t elapsed_time_us = DWTStop();
      |           ^~~~~~~~~~~~~~~
arm-none-eabi-g++ -o "STM32WobbleBoardNucleoFinal.elf" @"objects.list"  -l:MotionFX_CM4F_wc32_ot_hard.a -mcpu=cortex-m4 -T"C:\Users\Beca Vessal\Documents\STM32WobbleBoard\STM32WobbleBoardNucleoFinal\STM32L476RGTX_FLASH.ld" --specs=nosys.specs -Wl,-Map="STM32WobbleBoardNucleoFinal.map" -Wl,--gc-sections -static -L../Middlewares/ST/STM32_MotionFX_Library/Lib -u _printf_float --specs=nano.specs -mfpu=fpv4-sp-d16 -mfloat-abi=hard -mthumb -u _printf_float -Wl,--start-group -lc -lm -lstdc++ -lsupc++ -Wl,--end-group
Finished building target: STM32WobbleBoardNucleoFinal.elf
 
arm-none-eabi-size   STM32WobbleBoardNucleoFinal.elf 
arm-none-eabi-objdump -h -S  STM32WobbleBoardNucleoFinal.elf  > "STM32WobbleBoardNucleoFinal.list"
arm-none-eabi-objcopy  -O binary  STM32WobbleBoardNucleoFinal.elf  "STM32WobbleBoardNucleoFinal.bin"
   text	   data	    bss	    dec	    hex	filename
 110932	    712	   7496	 119140	  1d164	STM32WobbleBoardNucleoFinal.elf
Finished building: default.size.stdout
 
Finished building: STM32WobbleBoardNucleoFinal.bin
 
Finished building: STM32WobbleBoardNucleoFinal.list
 
19:21:32 **** Incremental Build of configuration Debug for project STM32WobbleBoardNucleoFinal ****
make -j8 all 
arm-none-eabi-size   STM32WobbleBoardNucleoFinal.elf 
   text	   data	    bss	    dec	    hex	filename
 110932	    712	   7496	 119140	  1d164	STM32WobbleBoardNucleoFinal.elf
Finished building: default.size.stdout
 
19:26:09 **** Incremental Build of configuration Debug for project STM32WobbleBoardNucleoFinal ****
make -j8 all 
arm-none-eabi-g++ "../Core/Src/WobbleBoardApp.cpp" -mcpu=cortex-m4 -std=gnu++14 -g3 -DDEBUG -DUSE_HAL_DRIVER -DSTM32L476xx -c -I../Core/Inc -I../Drivers/STM32L4xx_HAL_Driver/Inc -I../Drivers/STM32L4xx_HAL_Driver/Inc/Legacy -I../Drivers/CMSIS/Device/ST/STM32L4xx/Include -I../Drivers/CMSIS/Include -I../Drivers/BSP/Components/Common/Include -I../Drivers/BSP/Components/hts221/Include -I../Drivers/BSP/Components/lps22hb/Include -I../Drivers/BSP/Components/lsm303agr/Include -I../Drivers/BSP/Components/lsm6dsl/Include -I../Drivers/BSP/IKS01A2/Include -I../Drivers/BSP/STM32L4xx_Nucleo/Include -I../Middlewares/ST/STM32_MotionFX_Library/Inc -O0 -ffunction-sections -fdata-sections -fno-exceptions -fno-rtti -fno-use-cxa-atexit -Wall -fstack-usage -MMD -MP -MF"Core/Src/WobbleBoardApp.d" -MT"Core/Src/WobbleBoardApp.o" --specs=nano.specs -mfpu=fpv4-sp-d16 -mfloat-abi=hard -mthumb -o "Core/Src/WobbleBoardApp.o"
../Core/Src/WobbleBoardApp.cpp: In member function 'MFX_output_t* WobbleBoardApp::MotionFXDataHandler()':
../Core/Src/WobbleBoardApp.cpp:329:11: warning: unused variable 'elapsed_time_us' [-Wunused-variable]
  329 |  uint32_t elapsed_time_us = DWTStop();
      |           ^~~~~~~~~~~~~~~
arm-none-eabi-g++ -o "STM32WobbleBoardNucleoFinal.elf" @"objects.list"  -l:MotionFX_CM4F_wc32_ot_hard.a -mcpu=cortex-m4 -T"C:\Users\Beca Vessal\Documents\STM32WobbleBoard\STM32WobbleBoardNucleoFinal\STM32L476RGTX_FLASH.ld" --specs=nosys.specs -Wl,-Map="STM32WobbleBoardNucleoFinal.map" -Wl,--gc-sections -static -L../Middlewares/ST/STM32_MotionFX_Library/Lib -u _printf_float --specs=nano.specs -mfpu=fpv4-sp-d16 -mfloat-abi=hard -mthumb -u _printf_float -Wl,--start-group -lc -lm -lstdc++ -lsupc++ -Wl,--end-group
Finished building target: STM32WobbleBoardNucleoFinal.elf
 
arm-none-eabi-size   STM32WobbleBoardNucleoFinal.elf 
arm-none-eabi-objdump -h -S  STM32WobbleBoardNucleoFinal.elf  > "STM32WobbleBoardNucleoFinal.list"
arm-none-eabi-objcopy  -O binary  STM32WobbleBoardNucleoFinal.elf  "STM32WobbleBoardNucleoFinal.bin"
   text	   data	    bss	    dec	    hex	filename
 110932	    712	   7496	 119140	  1d164	STM32WobbleBoardNucleoFinal.elf
Finished building: default.size.stdout
 
Finished building: STM32WobbleBoardNucleoFinal.bin
 
Finished building: STM32WobbleBoardNucleoFinal.list
 
19:26:58 **** Incremental Build of configuration Debug for project STM32WobbleBoardNucleoFinal ****
make -j8 all 
arm-none-eabi-size   STM32WobbleBoardNucleoFinal.elf 
   text	   data	    bss	    dec	    hex	filename
 110932	    712	   7496	 119140	  1d164	STM32WobbleBoardNucleoFinal.elf
Finished building: default.size.stdout
 
19:37:57 **** Incremental Build of configuration Debug for project STM32WobbleBoardNucleoFinal ****
make -j8 all 
arm-none-eabi-g++ "../Core/Src/WobbleBoardApp.cpp" -mcpu=cortex-m4 -std=gnu++14 -g3 -DDEBUG -DUSE_HAL_DRIVER -DSTM32L476xx -c -I../Core/Inc -I../Drivers/STM32L4xx_HAL_Driver/Inc -I../Drivers/STM32L4xx_HAL_Driver/Inc/Legacy -I../Drivers/CMSIS/Device/ST/STM32L4xx/Include -I../Drivers/CMSIS/Include -I../Drivers/BSP/Components/Common/Include -I../Drivers/BSP/Components/hts221/Include -I../Drivers/BSP/Components/lps22hb/Include -I../Drivers/BSP/Components/lsm303agr/Include -I../Drivers/BSP/Components/lsm6dsl/Include -I../Drivers/BSP/IKS01A2/Include -I../Drivers/BSP/STM32L4xx_Nucleo/Include -I../Middlewares/ST/STM32_MotionFX_Library/Inc -O0 -ffunction-sections -fdata-sections -fno-exceptions -fno-rtti -fno-use-cxa-atexit -Wall -fstack-usage -MMD -MP -MF"Core/Src/WobbleBoardApp.d" -MT"Core/Src/WobbleBoardApp.o" --specs=nano.specs -mfpu=fpv4-sp-d16 -mfloat-abi=hard -mthumb -o "Core/Src/WobbleBoardApp.o"
../Core/Src/WobbleBoardApp.cpp: In member function 'MFX_output_t* WobbleBoardApp::MotionFXDataHandler()':
../Core/Src/WobbleBoardApp.cpp:329:11: warning: unused variable 'elapsed_time_us' [-Wunused-variable]
  329 |  uint32_t elapsed_time_us = DWTStop();
      |           ^~~~~~~~~~~~~~~
arm-none-eabi-g++ -o "STM32WobbleBoardNucleoFinal.elf" @"objects.list"  -l:MotionFX_CM4F_wc32_ot_hard.a -mcpu=cortex-m4 -T"C:\Users\Beca Vessal\Documents\STM32WobbleBoard\STM32WobbleBoardNucleoFinal\STM32L476RGTX_FLASH.ld" --specs=nosys.specs -Wl,-Map="STM32WobbleBoardNucleoFinal.map" -Wl,--gc-sections -static -L../Middlewares/ST/STM32_MotionFX_Library/Lib -u _printf_float --specs=nano.specs -mfpu=fpv4-sp-d16 -mfloat-abi=hard -mthumb -u _printf_float -Wl,--start-group -lc -lm -lstdc++ -lsupc++ -Wl,--end-group
Finished building target: STM32WobbleBoardNucleoFinal.elf
 
arm-none-eabi-size   STM32WobbleBoardNucleoFinal.elf 
arm-none-eabi-objdump -h -S  STM32WobbleBoardNucleoFinal.elf  > "STM32WobbleBoardNucleoFinal.list"
arm-none-eabi-objcopy  -O binary  STM32WobbleBoardNucleoFinal.elf  "STM32WobbleBoardNucleoFinal.bin"
   text	   data	    bss	    dec	    hex	filename
 110940	    712	   7496	 119148	  1d16c	STM32WobbleBoardNucleoFinal.elf
Finished building: default.size.stdout
 
Finished building: STM32WobbleBoardNucleoFinal.bin
 
Finished building: STM32WobbleBoardNucleoFinal.list
 
19:41:47 **** Incremental Build of configuration Debug for project STM32WobbleBoardNucleoFinal ****
make -j8 all 
arm-none-eabi-g++ "../Core/Src/WobbleBoardApp.cpp" -mcpu=cortex-m4 -std=gnu++14 -g3 -DDEBUG -DUSE_HAL_DRIVER -DSTM32L476xx -c -I../Core/Inc -I../Drivers/STM32L4xx_HAL_Driver/Inc -I../Drivers/STM32L4xx_HAL_Driver/Inc/Legacy -I../Drivers/CMSIS/Device/ST/STM32L4xx/Include -I../Drivers/CMSIS/Include -I../Drivers/BSP/Components/Common/Include -I../Drivers/BSP/Components/hts221/Include -I../Drivers/BSP/Components/lps22hb/Include -I../Drivers/BSP/Components/lsm303agr/Include -I../Drivers/BSP/Components/lsm6dsl/Include -I../Drivers/BSP/IKS01A2/Include -I../Drivers/BSP/STM32L4xx_Nucleo/Include -I../Middlewares/ST/STM32_MotionFX_Library/Inc -O0 -ffunction-sections -fdata-sections -fno-exceptions -fno-rtti -fno-use-cxa-atexit -Wall -fstack-usage -MMD -MP -MF"Core/Src/WobbleBoardApp.d" -MT"Core/Src/WobbleBoardApp.o" --specs=nano.specs -mfpu=fpv4-sp-d16 -mfloat-abi=hard -mthumb -o "Core/Src/WobbleBoardApp.o"
../Core/Src/WobbleBoardApp.cpp: In member function 'MFX_output_t* WobbleBoardApp::MotionFXDataHandler()':
../Core/Src/WobbleBoardApp.cpp:329:11: warning: unused variable 'elapsed_time_us' [-Wunused-variable]
  329 |  uint32_t elapsed_time_us = DWTStop();
      |           ^~~~~~~~~~~~~~~
arm-none-eabi-g++ -o "STM32WobbleBoardNucleoFinal.elf" @"objects.list"  -l:MotionFX_CM4F_wc32_ot_hard.a -mcpu=cortex-m4 -T"C:\Users\Beca Vessal\Documents\STM32WobbleBoard\STM32WobbleBoardNucleoFinal\STM32L476RGTX_FLASH.ld" --specs=nosys.specs -Wl,-Map="STM32WobbleBoardNucleoFinal.map" -Wl,--gc-sections -static -L../Middlewares/ST/STM32_MotionFX_Library/Lib -u _printf_float --specs=nano.specs -mfpu=fpv4-sp-d16 -mfloat-abi=hard -mthumb -u _printf_float -Wl,--start-group -lc -lm -lstdc++ -lsupc++ -Wl,--end-group
Finished building target: STM32WobbleBoardNucleoFinal.elf
 
arm-none-eabi-size   STM32WobbleBoardNucleoFinal.elf 
arm-none-eabi-objdump -h -S  STM32WobbleBoardNucleoFinal.elf  > "STM32WobbleBoardNucleoFinal.list"
arm-none-eabi-objcopy  -O binary  STM32WobbleBoardNucleoFinal.elf  "STM32WobbleBoardNucleoFinal.bin"
   text	   data	    bss	    dec	    hex	filename
 111212	    712	   7496	 119420	  1d27c	STM32WobbleBoardNucleoFinal.elf
Finished building: default.size.stdout
 
Finished building: STM32WobbleBoardNucleoFinal.bin
 
Finished building: STM32WobbleBoardNucleoFinal.list
 
