22:15:17 **** Incremental Build of configuration Debug for project STM32WobbleBoardNucleoFinal ****
make -j8 all 
arm-none-eabi-gcc "../Core/Src/main.c" -mcpu=cortex-m4 -std=gnu11 -g3 -DDEBUG -DUSE_HAL_DRIVER -DSTM32L476xx -c -I../Core/Inc -I../Drivers/STM32L4xx_HAL_Driver/Inc -I../Drivers/STM32L4xx_HAL_Driver/Inc/Legacy -I../Drivers/CMSIS/Device/ST/STM32L4xx/Include -I../Drivers/CMSIS/Include -I../Drivers/BSP/Components/Common/Include -I../Drivers/BSP/Components/hts221/Include -I../Drivers/BSP/Components/lps22hb/Include -I../Drivers/BSP/Components/lsm303agr/Include -I../Drivers/BSP/Components/lsm6dsl/Include -I../Drivers/BSP/IKS01A2/Include -I../Drivers/BSP/STM32L4xx_Nucleo/Include -I../Middlewares/ST/STM32_MotionFX_Library/Inc -O0 -ffunction-sections -fdata-sections -Wall -fstack-usage -MMD -MP -MF"Core/Src/main.d" -MT"Core/Src/main.o" --specs=nano.specs -mfpu=fpv4-sp-d16 -mfloat-abi=hard -mthumb -o "Core/Src/main.o"
../Core/Src/main.c: In function 'HAL_GPIO_EXTI_Callback':
../Core/Src/main.c:192:39: warning: implicit declaration of function 'strlen' [-Wimplicit-function-declaration]
  192 |   uint16_t iMessageLength = (uint16_t)strlen(cMessage);
      |                                       ^~~~~~
../Core/Src/main.c:192:39: warning: incompatible implicit declaration of built-in function 'strlen'
../Core/Src/main.c:32:1: note: include '<string.h>' or provide a declaration of 'strlen'
   31 | #include "app_mems.h"
  +++ |+#include <string.h>
   32 | /* USER CODE END Includes */
../Core/Src/main.c:192:46: warning: pointer targets in passing argument 1 of 'strlen' differ in signedness [-Wpointer-sign]
  192 |   uint16_t iMessageLength = (uint16_t)strlen(cMessage);
      |                                              ^~~~~~~~
      |                                              |
      |                                              uint8_t * {aka unsigned char *}
../Core/Src/main.c:192:46: note: expected 'const char *' but argument is of type 'uint8_t *' {aka 'unsigned char *'}
arm-none-eabi-g++ -o "STM32WobbleBoardNucleoFinal.elf" @"objects.list"  -l:MotionFX_CM4F_wc32_ot_hard.a -mcpu=cortex-m4 -T"C:\Users\Beca Vessal\Documents\STM32WobbleBoard\STM32WobbleBoardNucleoFinal\STM32L476RGTX_FLASH.ld" --specs=nosys.specs -Wl,-Map="STM32WobbleBoardNucleoFinal.map" -Wl,--gc-sections -static -L../Middlewares/ST/STM32_MotionFX_Library/Lib --specs=nano.specs -mfpu=fpv4-sp-d16 -mfloat-abi=hard -mthumb -Wl,--start-group -lc -lm -lstdc++ -lsupc++ -Wl,--end-group
Finished building target: STM32WobbleBoardNucleoFinal.elf
 
arm-none-eabi-size   STM32WobbleBoardNucleoFinal.elf 
arm-none-eabi-objdump -h -S  STM32WobbleBoardNucleoFinal.elf  > "STM32WobbleBoardNucleoFinal.list"
arm-none-eabi-objcopy  -O binary  STM32WobbleBoardNucleoFinal.elf  "STM32WobbleBoardNucleoFinal.bin"
   text	   data	    bss	    dec	    hex	filename
 111596	    504	   9272	 121372	  1da1c	STM32WobbleBoardNucleoFinal.elf
Finished building: default.size.stdout
 
Finished building: STM32WobbleBoardNucleoFinal.bin
 
Finished building: STM32WobbleBoardNucleoFinal.list
 

22:15:19 Build Finished. 0 errors, 3 warnings. (took 1s.842ms)

