15:53:08 **** Incremental Build of configuration Debug for project STM32WobbleBoardNucleoFinal ****
make -j8 all 
arm-none-eabi-g++ "../Core/Src/WobbleBoardApp.cpp" -mcpu=cortex-m4 -std=gnu++14 -g3 -DDEBUG -DUSE_HAL_DRIVER -DSTM32L476xx -c -I../Core/Inc -I../Drivers/STM32L4xx_HAL_Driver/Inc -I../Drivers/STM32L4xx_HAL_Driver/Inc/Legacy -I../Drivers/CMSIS/Device/ST/STM32L4xx/Include -I../Drivers/CMSIS/Include -I../Drivers/BSP/Components/Common/Include -I../Drivers/BSP/Components/hts221/Include -I../Drivers/BSP/Components/lps22hb/Include -I../Drivers/BSP/Components/lsm303agr/Include -I../Drivers/BSP/Components/lsm6dsl/Include -I../Drivers/BSP/IKS01A2/Include -I../Drivers/BSP/STM32L4xx_Nucleo/Include -I../Middlewares/ST/STM32_MotionFX_Library/Inc -O0 -ffunction-sections -fdata-sections -fno-exceptions -fno-rtti -fno-use-cxa-atexit -Wall -fstack-usage -MMD -MP -MF"Core/Src/WobbleBoardApp.d" -MT"Core/Src/WobbleBoardApp.o" --specs=nano.specs -mfpu=fpv4-sp-d16 -mfloat-abi=hard -mthumb -o "Core/Src/WobbleBoardApp.o"
arm-none-eabi-gcc "../Core/Src/iks01a2_mems_control.c" -mcpu=cortex-m4 -std=gnu11 -g3 -DDEBUG -DUSE_HAL_DRIVER -DSTM32L476xx -c -I../Core/Inc -I../Drivers/STM32L4xx_HAL_Driver/Inc -I../Drivers/STM32L4xx_HAL_Driver/Inc/Legacy -I../Drivers/CMSIS/Device/ST/STM32L4xx/Include -I../Drivers/CMSIS/Include -I../Drivers/BSP/Components/Common/Include -I../Drivers/BSP/Components/hts221/Include -I../Drivers/BSP/Components/lps22hb/Include -I../Drivers/BSP/Components/lsm303agr/Include -I../Drivers/BSP/Components/lsm6dsl/Include -I../Drivers/BSP/IKS01A2/Include -I../Drivers/BSP/STM32L4xx_Nucleo/Include -I../Middlewares/ST/STM32_MotionFX_Library/Inc -O0 -ffunction-sections -fdata-sections -Wall -fstack-usage -MMD -MP -MF"Core/Src/iks01a2_mems_control.d" -MT"Core/Src/iks01a2_mems_control.o" --specs=nano.specs -mfpu=fpv4-sp-d16 -mfloat-abi=hard -mthumb -o "Core/Src/iks01a2_mems_control.o"
arm-none-eabi-gcc "../Core/Src/iks01a2_mems_control_ex.c" -mcpu=cortex-m4 -std=gnu11 -g3 -DDEBUG -DUSE_HAL_DRIVER -DSTM32L476xx -c -I../Core/Inc -I../Drivers/STM32L4xx_HAL_Driver/Inc -I../Drivers/STM32L4xx_HAL_Driver/Inc/Legacy -I../Drivers/CMSIS/Device/ST/STM32L4xx/Include -I../Drivers/CMSIS/Include -I../Drivers/BSP/Components/Common/Include -I../Drivers/BSP/Components/hts221/Include -I../Drivers/BSP/Components/lps22hb/Include -I../Drivers/BSP/Components/lsm303agr/Include -I../Drivers/BSP/Components/lsm6dsl/Include -I../Drivers/BSP/IKS01A2/Include -I../Drivers/BSP/STM32L4xx_Nucleo/Include -I../Middlewares/ST/STM32_MotionFX_Library/Inc -O0 -ffunction-sections -fdata-sections -Wall -fstack-usage -MMD -MP -MF"Core/Src/iks01a2_mems_control_ex.d" -MT"Core/Src/iks01a2_mems_control_ex.o" --specs=nano.specs -mfpu=fpv4-sp-d16 -mfloat-abi=hard -mthumb -o "Core/Src/iks01a2_mems_control_ex.o"
arm-none-eabi-g++ "../Core/Src/main.cpp" -mcpu=cortex-m4 -std=gnu++14 -g3 -DDEBUG -DUSE_HAL_DRIVER -DSTM32L476xx -c -I../Core/Inc -I../Drivers/STM32L4xx_HAL_Driver/Inc -I../Drivers/STM32L4xx_HAL_Driver/Inc/Legacy -I../Drivers/CMSIS/Device/ST/STM32L4xx/Include -I../Drivers/CMSIS/Include -I../Drivers/BSP/Components/Common/Include -I../Drivers/BSP/Components/hts221/Include -I../Drivers/BSP/Components/lps22hb/Include -I../Drivers/BSP/Components/lsm303agr/Include -I../Drivers/BSP/Components/lsm6dsl/Include -I../Drivers/BSP/IKS01A2/Include -I../Drivers/BSP/STM32L4xx_Nucleo/Include -I../Middlewares/ST/STM32_MotionFX_Library/Inc -O0 -ffunction-sections -fdata-sections -fno-exceptions -fno-rtti -fno-use-cxa-atexit -Wall -fstack-usage -MMD -MP -MF"Core/Src/main.d" -MT"Core/Src/main.o" --specs=nano.specs -mfpu=fpv4-sp-d16 -mfloat-abi=hard -mthumb -o "Core/Src/main.o"
arm-none-eabi-gcc "../Core/Src/motion_fx_manager.c" -mcpu=cortex-m4 -std=gnu11 -g3 -DDEBUG -DUSE_HAL_DRIVER -DSTM32L476xx -c -I../Core/Inc -I../Drivers/STM32L4xx_HAL_Driver/Inc -I../Drivers/STM32L4xx_HAL_Driver/Inc/Legacy -I../Drivers/CMSIS/Device/ST/STM32L4xx/Include -I../Drivers/CMSIS/Include -I../Drivers/BSP/Components/Common/Include -I../Drivers/BSP/Components/hts221/Include -I../Drivers/BSP/Components/lps22hb/Include -I../Drivers/BSP/Components/lsm303agr/Include -I../Drivers/BSP/Components/lsm6dsl/Include -I../Drivers/BSP/IKS01A2/Include -I../Drivers/BSP/STM32L4xx_Nucleo/Include -I../Middlewares/ST/STM32_MotionFX_Library/Inc -O0 -ffunction-sections -fdata-sections -Wall -fstack-usage -MMD -MP -MF"Core/Src/motion_fx_manager.d" -MT"Core/Src/motion_fx_manager.o" --specs=nano.specs -mfpu=fpv4-sp-d16 -mfloat-abi=hard -mthumb -o "Core/Src/motion_fx_manager.o"
arm-none-eabi-gcc "../Core/Src/rtc.c" -mcpu=cortex-m4 -std=gnu11 -g3 -DDEBUG -DUSE_HAL_DRIVER -DSTM32L476xx -c -I../Core/Inc -I../Drivers/STM32L4xx_HAL_Driver/Inc -I../Drivers/STM32L4xx_HAL_Driver/Inc/Legacy -I../Drivers/CMSIS/Device/ST/STM32L4xx/Include -I../Drivers/CMSIS/Include -I../Drivers/BSP/Components/Common/Include -I../Drivers/BSP/Components/hts221/Include -I../Drivers/BSP/Components/lps22hb/Include -I../Drivers/BSP/Components/lsm303agr/Include -I../Drivers/BSP/Components/lsm6dsl/Include -I../Drivers/BSP/IKS01A2/Include -I../Drivers/BSP/STM32L4xx_Nucleo/Include -I../Middlewares/ST/STM32_MotionFX_Library/Inc -O0 -ffunction-sections -fdata-sections -Wall -fstack-usage -MMD -MP -MF"Core/Src/rtc.d" -MT"Core/Src/rtc.o" --specs=nano.specs -mfpu=fpv4-sp-d16 -mfloat-abi=hard -mthumb -o "Core/Src/rtc.o"
arm-none-eabi-gcc "../Core/Src/serial_protocol.c" -mcpu=cortex-m4 -std=gnu11 -g3 -DDEBUG -DUSE_HAL_DRIVER -DSTM32L476xx -c -I../Core/Inc -I../Drivers/STM32L4xx_HAL_Driver/Inc -I../Drivers/STM32L4xx_HAL_Driver/Inc/Legacy -I../Drivers/CMSIS/Device/ST/STM32L4xx/Include -I../Drivers/CMSIS/Include -I../Drivers/BSP/Components/Common/Include -I../Drivers/BSP/Components/hts221/Include -I../Drivers/BSP/Components/lps22hb/Include -I../Drivers/BSP/Components/lsm303agr/Include -I../Drivers/BSP/Components/lsm6dsl/Include -I../Drivers/BSP/IKS01A2/Include -I../Drivers/BSP/STM32L4xx_Nucleo/Include -I../Middlewares/ST/STM32_MotionFX_Library/Inc -O0 -ffunction-sections -fdata-sections -Wall -fstack-usage -MMD -MP -MF"Core/Src/serial_protocol.d" -MT"Core/Src/serial_protocol.o" --specs=nano.specs -mfpu=fpv4-sp-d16 -mfloat-abi=hard -mthumb -o "Core/Src/serial_protocol.o"
arm-none-eabi-gcc "../Core/Src/stm32l4xx_hal_msp.c" -mcpu=cortex-m4 -std=gnu11 -g3 -DDEBUG -DUSE_HAL_DRIVER -DSTM32L476xx -c -I../Core/Inc -I../Drivers/STM32L4xx_HAL_Driver/Inc -I../Drivers/STM32L4xx_HAL_Driver/Inc/Legacy -I../Drivers/CMSIS/Device/ST/STM32L4xx/Include -I../Drivers/CMSIS/Include -I../Drivers/BSP/Components/Common/Include -I../Drivers/BSP/Components/hts221/Include -I../Drivers/BSP/Components/lps22hb/Include -I../Drivers/BSP/Components/lsm303agr/Include -I../Drivers/BSP/Components/lsm6dsl/Include -I../Drivers/BSP/IKS01A2/Include -I../Drivers/BSP/STM32L4xx_Nucleo/Include -I../Middlewares/ST/STM32_MotionFX_Library/Inc -O0 -ffunction-sections -fdata-sections -Wall -fstack-usage -MMD -MP -MF"Core/Src/stm32l4xx_hal_msp.d" -MT"Core/Src/stm32l4xx_hal_msp.o" --specs=nano.specs -mfpu=fpv4-sp-d16 -mfloat-abi=hard -mthumb -o "Core/Src/stm32l4xx_hal_msp.o"
arm-none-eabi-gcc "../Core/Src/stm32l4xx_it.c" -mcpu=cortex-m4 -std=gnu11 -g3 -DDEBUG -DUSE_HAL_DRIVER -DSTM32L476xx -c -I../Core/Inc -I../Drivers/STM32L4xx_HAL_Driver/Inc -I../Drivers/STM32L4xx_HAL_Driver/Inc/Legacy -I../Drivers/CMSIS/Device/ST/STM32L4xx/Include -I../Drivers/CMSIS/Include -I../Drivers/BSP/Components/Common/Include -I../Drivers/BSP/Components/hts221/Include -I../Drivers/BSP/Components/lps22hb/Include -I../Drivers/BSP/Components/lsm303agr/Include -I../Drivers/BSP/Components/lsm6dsl/Include -I../Drivers/BSP/IKS01A2/Include -I../Drivers/BSP/STM32L4xx_Nucleo/Include -I../Middlewares/ST/STM32_MotionFX_Library/Inc -O0 -ffunction-sections -fdata-sections -Wall -fstack-usage -MMD -MP -MF"Core/Src/stm32l4xx_it.d" -MT"Core/Src/stm32l4xx_it.o" --specs=nano.specs -mfpu=fpv4-sp-d16 -mfloat-abi=hard -mthumb -o "Core/Src/stm32l4xx_it.o"
../Core/Src/WobbleBoardApp.cpp: In member function 'void WobbleBoardApp::Process()':
../Core/Src/WobbleBoardApp.cpp:124:7: warning: unused variable 'msg_cmd' [-Wunused-variable]
  124 |  TMsg msg_cmd;
      |       ^~~~~~~
../Core/Src/WobbleBoardApp.cpp: In member function 'void WobbleBoardApp::MotionFXDataHandler()':
../Core/Src/WobbleBoardApp.cpp:302:11: warning: variable 'elapsed_time_us' set but not used [-Wunused-but-set-variable]
  302 |  uint32_t elapsed_time_us = 0U;
      |           ^~~~~~~~~~~~~~~
arm-none-eabi-gcc "../Core/Src/stm32l4xx_nucleo_bus.c" -mcpu=cortex-m4 -std=gnu11 -g3 -DDEBUG -DUSE_HAL_DRIVER -DSTM32L476xx -c -I../Core/Inc -I../Drivers/STM32L4xx_HAL_Driver/Inc -I../Drivers/STM32L4xx_HAL_Driver/Inc/Legacy -I../Drivers/CMSIS/Device/ST/STM32L4xx/Include -I../Drivers/CMSIS/Include -I../Drivers/BSP/Components/Common/Include -I../Drivers/BSP/Components/hts221/Include -I../Drivers/BSP/Components/lps22hb/Include -I../Drivers/BSP/Components/lsm303agr/Include -I../Drivers/BSP/Components/lsm6dsl/Include -I../Drivers/BSP/IKS01A2/Include -I../Drivers/BSP/STM32L4xx_Nucleo/Include -I../Middlewares/ST/STM32_MotionFX_Library/Inc -O0 -ffunction-sections -fdata-sections -Wall -fstack-usage -MMD -MP -MF"Core/Src/stm32l4xx_nucleo_bus.d" -MT"Core/Src/stm32l4xx_nucleo_bus.o" --specs=nano.specs -mfpu=fpv4-sp-d16 -mfloat-abi=hard -mthumb -o "Core/Src/stm32l4xx_nucleo_bus.o"
arm-none-eabi-gcc "../Core/Src/syscalls.c" -mcpu=cortex-m4 -std=gnu11 -g3 -DDEBUG -DUSE_HAL_DRIVER -DSTM32L476xx -c -I../Core/Inc -I../Drivers/STM32L4xx_HAL_Driver/Inc -I../Drivers/STM32L4xx_HAL_Driver/Inc/Legacy -I../Drivers/CMSIS/Device/ST/STM32L4xx/Include -I../Drivers/CMSIS/Include -I../Drivers/BSP/Components/Common/Include -I../Drivers/BSP/Components/hts221/Include -I../Drivers/BSP/Components/lps22hb/Include -I../Drivers/BSP/Components/lsm303agr/Include -I../Drivers/BSP/Components/lsm6dsl/Include -I../Drivers/BSP/IKS01A2/Include -I../Drivers/BSP/STM32L4xx_Nucleo/Include -I../Middlewares/ST/STM32_MotionFX_Library/Inc -O0 -ffunction-sections -fdata-sections -Wall -fstack-usage -MMD -MP -MF"Core/Src/syscalls.d" -MT"Core/Src/syscalls.o" --specs=nano.specs -mfpu=fpv4-sp-d16 -mfloat-abi=hard -mthumb -o "Core/Src/syscalls.o"
arm-none-eabi-gcc "../Core/Src/sysmem.c" -mcpu=cortex-m4 -std=gnu11 -g3 -DDEBUG -DUSE_HAL_DRIVER -DSTM32L476xx -c -I../Core/Inc -I../Drivers/STM32L4xx_HAL_Driver/Inc -I../Drivers/STM32L4xx_HAL_Driver/Inc/Legacy -I../Drivers/CMSIS/Device/ST/STM32L4xx/Include -I../Drivers/CMSIS/Include -I../Drivers/BSP/Components/Common/Include -I../Drivers/BSP/Components/hts221/Include -I../Drivers/BSP/Components/lps22hb/Include -I../Drivers/BSP/Components/lsm303agr/Include -I../Drivers/BSP/Components/lsm6dsl/Include -I../Drivers/BSP/IKS01A2/Include -I../Drivers/BSP/STM32L4xx_Nucleo/Include -I../Middlewares/ST/STM32_MotionFX_Library/Inc -O0 -ffunction-sections -fdata-sections -Wall -fstack-usage -MMD -MP -MF"Core/Src/sysmem.d" -MT"Core/Src/sysmem.o" --specs=nano.specs -mfpu=fpv4-sp-d16 -mfloat-abi=hard -mthumb -o "Core/Src/sysmem.o"
arm-none-eabi-gcc "../Core/Src/system_stm32l4xx.c" -mcpu=cortex-m4 -std=gnu11 -g3 -DDEBUG -DUSE_HAL_DRIVER -DSTM32L476xx -c -I../Core/Inc -I../Drivers/STM32L4xx_HAL_Driver/Inc -I../Drivers/STM32L4xx_HAL_Driver/Inc/Legacy -I../Drivers/CMSIS/Device/ST/STM32L4xx/Include -I../Drivers/CMSIS/Include -I../Drivers/BSP/Components/Common/Include -I../Drivers/BSP/Components/hts221/Include -I../Drivers/BSP/Components/lps22hb/Include -I../Drivers/BSP/Components/lsm303agr/Include -I../Drivers/BSP/Components/lsm6dsl/Include -I../Drivers/BSP/IKS01A2/Include -I../Drivers/BSP/STM32L4xx_Nucleo/Include -I../Middlewares/ST/STM32_MotionFX_Library/Inc -O0 -ffunction-sections -fdata-sections -Wall -fstack-usage -MMD -MP -MF"Core/Src/system_stm32l4xx.d" -MT"Core/Src/system_stm32l4xx.o" --specs=nano.specs -mfpu=fpv4-sp-d16 -mfloat-abi=hard -mthumb -o "Core/Src/system_stm32l4xx.o"
arm-none-eabi-gcc "../Core/Src/tim.c" -mcpu=cortex-m4 -std=gnu11 -g3 -DDEBUG -DUSE_HAL_DRIVER -DSTM32L476xx -c -I../Core/Inc -I../Drivers/STM32L4xx_HAL_Driver/Inc -I../Drivers/STM32L4xx_HAL_Driver/Inc/Legacy -I../Drivers/CMSIS/Device/ST/STM32L4xx/Include -I../Drivers/CMSIS/Include -I../Drivers/BSP/Components/Common/Include -I../Drivers/BSP/Components/hts221/Include -I../Drivers/BSP/Components/lps22hb/Include -I../Drivers/BSP/Components/lsm303agr/Include -I../Drivers/BSP/Components/lsm6dsl/Include -I../Drivers/BSP/IKS01A2/Include -I../Drivers/BSP/STM32L4xx_Nucleo/Include -I../Middlewares/ST/STM32_MotionFX_Library/Inc -O0 -ffunction-sections -fdata-sections -Wall -fstack-usage -MMD -MP -MF"Core/Src/tim.d" -MT"Core/Src/tim.o" --specs=nano.specs -mfpu=fpv4-sp-d16 -mfloat-abi=hard -mthumb -o "Core/Src/tim.o"
arm-none-eabi-g++ -o "STM32WobbleBoardNucleoFinal.elf" @"objects.list"  -l:MotionFX_CM4F_wc32_ot_hard.a -mcpu=cortex-m4 -T"C:\Users\Beca Vessal\Documents\STM32WobbleBoard\STM32WobbleBoardNucleoFinal\STM32L476RGTX_FLASH.ld" --specs=nosys.specs -Wl,-Map="STM32WobbleBoardNucleoFinal.map" -Wl,--gc-sections -static -L../Middlewares/ST/STM32_MotionFX_Library/Lib -u _printf_float --specs=nano.specs -mfpu=fpv4-sp-d16 -mfloat-abi=hard -mthumb -u _printf_float -Wl,--start-group -lc -lm -lstdc++ -lsupc++ -Wl,--end-group
Finished building target: STM32WobbleBoardNucleoFinal.elf
 
arm-none-eabi-size   STM32WobbleBoardNucleoFinal.elf 
arm-none-eabi-objdump -h -S  STM32WobbleBoardNucleoFinal.elf  > "STM32WobbleBoardNucleoFinal.list"
arm-none-eabi-objcopy  -O binary  STM32WobbleBoardNucleoFinal.elf  "STM32WobbleBoardNucleoFinal.bin"
   text	   data	    bss	    dec	    hex	filename
 110532	    712	   7496	 118740	  1cfd4	STM32WobbleBoardNucleoFinal.elf
Finished building: default.size.stdout
 
Finished building: STM32WobbleBoardNucleoFinal.bin
 
Finished building: STM32WobbleBoardNucleoFinal.list
 

15:53:11 Build Finished. 0 errors, 2 warnings. (took 2s.688ms)

