22:53:14 **** Incremental Build of configuration Debug for project STM32WobbleBoard ****
make -j8 all 
arm-none-eabi-gcc "../Drivers/STM32U5xx_HAL_Driver/Src/stm32u5xx_hal.c" -mcpu=cortex-m33 -std=gnu11 -g3 -DDEBUG -DUSE_HAL_DRIVER -DSTM32U585xx -c -I../Core/Inc -I../Drivers/BSP/Components/ism330dhcx/Includes -I../Drivers/BSP/Components/iis2mdc/Includes -I../Drivers/BSP/Components/Common/Includes -I../Drivers/BSP/B-U585I-IOT02A/Includes -I../Drivers/STM32U5xx_HAL_Driver/Inc -I../Drivers/STM32U5xx_HAL_Driver/Inc/Legacy -I../Drivers/CMSIS/Device/ST/STM32U5xx/Include -I../Drivers/CMSIS/Include -I../Drivers/ExternalAppFiles/Includes -I../Libraries/STM32/Middleware/MotionFX/Includes -O0 -ffunction-sections -fdata-sections -Wall -fstack-usage -MMD -MP -MF"Drivers/STM32U5xx_HAL_Driver/Src/stm32u5xx_hal.d" -MT"Drivers/STM32U5xx_HAL_Driver/Src/stm32u5xx_hal.o" --specs=nano.specs -mfpu=fpv5-sp-d16 -mfloat-abi=hard -mthumb -o "Drivers/STM32U5xx_HAL_Driver/Src/stm32u5xx_hal.o"
arm-none-eabi-gcc "../Drivers/STM32U5xx_HAL_Driver/Src/stm32u5xx_hal_cortex.c" -mcpu=cortex-m33 -std=gnu11 -g3 -DDEBUG -DUSE_HAL_DRIVER -DSTM32U585xx -c -I../Core/Inc -I../Drivers/BSP/Components/ism330dhcx/Includes -I../Drivers/BSP/Components/iis2mdc/Includes -I../Drivers/BSP/Components/Common/Includes -I../Drivers/BSP/B-U585I-IOT02A/Includes -I../Drivers/STM32U5xx_HAL_Driver/Inc -I../Drivers/STM32U5xx_HAL_Driver/Inc/Legacy -I../Drivers/CMSIS/Device/ST/STM32U5xx/Include -I../Drivers/CMSIS/Include -I../Drivers/ExternalAppFiles/Includes -I../Libraries/STM32/Middleware/MotionFX/Includes -O0 -ffunction-sections -fdata-sections -Wall -fstack-usage -MMD -MP -MF"Drivers/STM32U5xx_HAL_Driver/Src/stm32u5xx_hal_cortex.d" -MT"Drivers/STM32U5xx_HAL_Driver/Src/stm32u5xx_hal_cortex.o" --specs=nano.specs -mfpu=fpv5-sp-d16 -mfloat-abi=hard -mthumb -o "Drivers/STM32U5xx_HAL_Driver/Src/stm32u5xx_hal_cortex.o"
arm-none-eabi-gcc "../Drivers/STM32U5xx_HAL_Driver/Src/stm32u5xx_hal_crc.c" -mcpu=cortex-m33 -std=gnu11 -g3 -DDEBUG -DUSE_HAL_DRIVER -DSTM32U585xx -c -I../Core/Inc -I../Drivers/BSP/Components/ism330dhcx/Includes -I../Drivers/BSP/Components/iis2mdc/Includes -I../Drivers/BSP/Components/Common/Includes -I../Drivers/BSP/B-U585I-IOT02A/Includes -I../Drivers/STM32U5xx_HAL_Driver/Inc -I../Drivers/STM32U5xx_HAL_Driver/Inc/Legacy -I../Drivers/CMSIS/Device/ST/STM32U5xx/Include -I../Drivers/CMSIS/Include -I../Drivers/ExternalAppFiles/Includes -I../Libraries/STM32/Middleware/MotionFX/Includes -O0 -ffunction-sections -fdata-sections -Wall -fstack-usage -MMD -MP -MF"Drivers/STM32U5xx_HAL_Driver/Src/stm32u5xx_hal_crc.d" -MT"Drivers/STM32U5xx_HAL_Driver/Src/stm32u5xx_hal_crc.o" --specs=nano.specs -mfpu=fpv5-sp-d16 -mfloat-abi=hard -mthumb -o "Drivers/STM32U5xx_HAL_Driver/Src/stm32u5xx_hal_crc.o"
arm-none-eabi-gcc "../Drivers/STM32U5xx_HAL_Driver/Src/stm32u5xx_hal_crc_ex.c" -mcpu=cortex-m33 -std=gnu11 -g3 -DDEBUG -DUSE_HAL_DRIVER -DSTM32U585xx -c -I../Core/Inc -I../Drivers/BSP/Components/ism330dhcx/Includes -I../Drivers/BSP/Components/iis2mdc/Includes -I../Drivers/BSP/Components/Common/Includes -I../Drivers/BSP/B-U585I-IOT02A/Includes -I../Drivers/STM32U5xx_HAL_Driver/Inc -I../Drivers/STM32U5xx_HAL_Driver/Inc/Legacy -I../Drivers/CMSIS/Device/ST/STM32U5xx/Include -I../Drivers/CMSIS/Include -I../Drivers/ExternalAppFiles/Includes -I../Libraries/STM32/Middleware/MotionFX/Includes -O0 -ffunction-sections -fdata-sections -Wall -fstack-usage -MMD -MP -MF"Drivers/STM32U5xx_HAL_Driver/Src/stm32u5xx_hal_crc_ex.d" -MT"Drivers/STM32U5xx_HAL_Driver/Src/stm32u5xx_hal_crc_ex.o" --specs=nano.specs -mfpu=fpv5-sp-d16 -mfloat-abi=hard -mthumb -o "Drivers/STM32U5xx_HAL_Driver/Src/stm32u5xx_hal_crc_ex.o"
arm-none-eabi-gcc "../Drivers/STM32U5xx_HAL_Driver/Src/stm32u5xx_hal_dma.c" -mcpu=cortex-m33 -std=gnu11 -g3 -DDEBUG -DUSE_HAL_DRIVER -DSTM32U585xx -c -I../Core/Inc -I../Drivers/BSP/Components/ism330dhcx/Includes -I../Drivers/BSP/Components/iis2mdc/Includes -I../Drivers/BSP/Components/Common/Includes -I../Drivers/BSP/B-U585I-IOT02A/Includes -I../Drivers/STM32U5xx_HAL_Driver/Inc -I../Drivers/STM32U5xx_HAL_Driver/Inc/Legacy -I../Drivers/CMSIS/Device/ST/STM32U5xx/Include -I../Drivers/CMSIS/Include -I../Drivers/ExternalAppFiles/Includes -I../Libraries/STM32/Middleware/MotionFX/Includes -O0 -ffunction-sections -fdata-sections -Wall -fstack-usage -MMD -MP -MF"Drivers/STM32U5xx_HAL_Driver/Src/stm32u5xx_hal_dma.d" -MT"Drivers/STM32U5xx_HAL_Driver/Src/stm32u5xx_hal_dma.o" --specs=nano.specs -mfpu=fpv5-sp-d16 -mfloat-abi=hard -mthumb -o "Drivers/STM32U5xx_HAL_Driver/Src/stm32u5xx_hal_dma.o"
arm-none-eabi-gcc "../Drivers/STM32U5xx_HAL_Driver/Src/stm32u5xx_hal_dma_ex.c" -mcpu=cortex-m33 -std=gnu11 -g3 -DDEBUG -DUSE_HAL_DRIVER -DSTM32U585xx -c -I../Core/Inc -I../Drivers/BSP/Components/ism330dhcx/Includes -I../Drivers/BSP/Components/iis2mdc/Includes -I../Drivers/BSP/Components/Common/Includes -I../Drivers/BSP/B-U585I-IOT02A/Includes -I../Drivers/STM32U5xx_HAL_Driver/Inc -I../Drivers/STM32U5xx_HAL_Driver/Inc/Legacy -I../Drivers/CMSIS/Device/ST/STM32U5xx/Include -I../Drivers/CMSIS/Include -I../Drivers/ExternalAppFiles/Includes -I../Libraries/STM32/Middleware/MotionFX/Includes -O0 -ffunction-sections -fdata-sections -Wall -fstack-usage -MMD -MP -MF"Drivers/STM32U5xx_HAL_Driver/Src/stm32u5xx_hal_dma_ex.d" -MT"Drivers/STM32U5xx_HAL_Driver/Src/stm32u5xx_hal_dma_ex.o" --specs=nano.specs -mfpu=fpv5-sp-d16 -mfloat-abi=hard -mthumb -o "Drivers/STM32U5xx_HAL_Driver/Src/stm32u5xx_hal_dma_ex.o"
arm-none-eabi-gcc "../Drivers/STM32U5xx_HAL_Driver/Src/stm32u5xx_hal_exti.c" -mcpu=cortex-m33 -std=gnu11 -g3 -DDEBUG -DUSE_HAL_DRIVER -DSTM32U585xx -c -I../Core/Inc -I../Drivers/BSP/Components/ism330dhcx/Includes -I../Drivers/BSP/Components/iis2mdc/Includes -I../Drivers/BSP/Components/Common/Includes -I../Drivers/BSP/B-U585I-IOT02A/Includes -I../Drivers/STM32U5xx_HAL_Driver/Inc -I../Drivers/STM32U5xx_HAL_Driver/Inc/Legacy -I../Drivers/CMSIS/Device/ST/STM32U5xx/Include -I../Drivers/CMSIS/Include -I../Drivers/ExternalAppFiles/Includes -I../Libraries/STM32/Middleware/MotionFX/Includes -O0 -ffunction-sections -fdata-sections -Wall -fstack-usage -MMD -MP -MF"Drivers/STM32U5xx_HAL_Driver/Src/stm32u5xx_hal_exti.d" -MT"Drivers/STM32U5xx_HAL_Driver/Src/stm32u5xx_hal_exti.o" --specs=nano.specs -mfpu=fpv5-sp-d16 -mfloat-abi=hard -mthumb -o "Drivers/STM32U5xx_HAL_Driver/Src/stm32u5xx_hal_exti.o"
arm-none-eabi-gcc "../Drivers/STM32U5xx_HAL_Driver/Src/stm32u5xx_hal_flash.c" -mcpu=cortex-m33 -std=gnu11 -g3 -DDEBUG -DUSE_HAL_DRIVER -DSTM32U585xx -c -I../Core/Inc -I../Drivers/BSP/Components/ism330dhcx/Includes -I../Drivers/BSP/Components/iis2mdc/Includes -I../Drivers/BSP/Components/Common/Includes -I../Drivers/BSP/B-U585I-IOT02A/Includes -I../Drivers/STM32U5xx_HAL_Driver/Inc -I../Drivers/STM32U5xx_HAL_Driver/Inc/Legacy -I../Drivers/CMSIS/Device/ST/STM32U5xx/Include -I../Drivers/CMSIS/Include -I../Drivers/ExternalAppFiles/Includes -I../Libraries/STM32/Middleware/MotionFX/Includes -O0 -ffunction-sections -fdata-sections -Wall -fstack-usage -MMD -MP -MF"Drivers/STM32U5xx_HAL_Driver/Src/stm32u5xx_hal_flash.d" -MT"Drivers/STM32U5xx_HAL_Driver/Src/stm32u5xx_hal_flash.o" --specs=nano.specs -mfpu=fpv5-sp-d16 -mfloat-abi=hard -mthumb -o "Drivers/STM32U5xx_HAL_Driver/Src/stm32u5xx_hal_flash.o"
arm-none-eabi-gcc "../Drivers/STM32U5xx_HAL_Driver/Src/stm32u5xx_hal_flash_ex.c" -mcpu=cortex-m33 -std=gnu11 -g3 -DDEBUG -DUSE_HAL_DRIVER -DSTM32U585xx -c -I../Core/Inc -I../Drivers/BSP/Components/ism330dhcx/Includes -I../Drivers/BSP/Components/iis2mdc/Includes -I../Drivers/BSP/Components/Common/Includes -I../Drivers/BSP/B-U585I-IOT02A/Includes -I../Drivers/STM32U5xx_HAL_Driver/Inc -I../Drivers/STM32U5xx_HAL_Driver/Inc/Legacy -I../Drivers/CMSIS/Device/ST/STM32U5xx/Include -I../Drivers/CMSIS/Include -I../Drivers/ExternalAppFiles/Includes -I../Libraries/STM32/Middleware/MotionFX/Includes -O0 -ffunction-sections -fdata-sections -Wall -fstack-usage -MMD -MP -MF"Drivers/STM32U5xx_HAL_Driver/Src/stm32u5xx_hal_flash_ex.d" -MT"Drivers/STM32U5xx_HAL_Driver/Src/stm32u5xx_hal_flash_ex.o" --specs=nano.specs -mfpu=fpv5-sp-d16 -mfloat-abi=hard -mthumb -o "Drivers/STM32U5xx_HAL_Driver/Src/stm32u5xx_hal_flash_ex.o"
arm-none-eabi-gcc "../Drivers/STM32U5xx_HAL_Driver/Src/stm32u5xx_hal_gpio.c" -mcpu=cortex-m33 -std=gnu11 -g3 -DDEBUG -DUSE_HAL_DRIVER -DSTM32U585xx -c -I../Core/Inc -I../Drivers/BSP/Components/ism330dhcx/Includes -I../Drivers/BSP/Components/iis2mdc/Includes -I../Drivers/BSP/Components/Common/Includes -I../Drivers/BSP/B-U585I-IOT02A/Includes -I../Drivers/STM32U5xx_HAL_Driver/Inc -I../Drivers/STM32U5xx_HAL_Driver/Inc/Legacy -I../Drivers/CMSIS/Device/ST/STM32U5xx/Include -I../Drivers/CMSIS/Include -I../Drivers/ExternalAppFiles/Includes -I../Libraries/STM32/Middleware/MotionFX/Includes -O0 -ffunction-sections -fdata-sections -Wall -fstack-usage -MMD -MP -MF"Drivers/STM32U5xx_HAL_Driver/Src/stm32u5xx_hal_gpio.d" -MT"Drivers/STM32U5xx_HAL_Driver/Src/stm32u5xx_hal_gpio.o" --specs=nano.specs -mfpu=fpv5-sp-d16 -mfloat-abi=hard -mthumb -o "Drivers/STM32U5xx_HAL_Driver/Src/stm32u5xx_hal_gpio.o"
arm-none-eabi-gcc "../Drivers/STM32U5xx_HAL_Driver/Src/stm32u5xx_hal_gtzc.c" -mcpu=cortex-m33 -std=gnu11 -g3 -DDEBUG -DUSE_HAL_DRIVER -DSTM32U585xx -c -I../Core/Inc -I../Drivers/BSP/Components/ism330dhcx/Includes -I../Drivers/BSP/Components/iis2mdc/Includes -I../Drivers/BSP/Components/Common/Includes -I../Drivers/BSP/B-U585I-IOT02A/Includes -I../Drivers/STM32U5xx_HAL_Driver/Inc -I../Drivers/STM32U5xx_HAL_Driver/Inc/Legacy -I../Drivers/CMSIS/Device/ST/STM32U5xx/Include -I../Drivers/CMSIS/Include -I../Drivers/ExternalAppFiles/Includes -I../Libraries/STM32/Middleware/MotionFX/Includes -O0 -ffunction-sections -fdata-sections -Wall -fstack-usage -MMD -MP -MF"Drivers/STM32U5xx_HAL_Driver/Src/stm32u5xx_hal_gtzc.d" -MT"Drivers/STM32U5xx_HAL_Driver/Src/stm32u5xx_hal_gtzc.o" --specs=nano.specs -mfpu=fpv5-sp-d16 -mfloat-abi=hard -mthumb -o "Drivers/STM32U5xx_HAL_Driver/Src/stm32u5xx_hal_gtzc.o"
arm-none-eabi-gcc "../Drivers/STM32U5xx_HAL_Driver/Src/stm32u5xx_hal_i2c.c" -mcpu=cortex-m33 -std=gnu11 -g3 -DDEBUG -DUSE_HAL_DRIVER -DSTM32U585xx -c -I../Core/Inc -I../Drivers/BSP/Components/ism330dhcx/Includes -I../Drivers/BSP/Components/iis2mdc/Includes -I../Drivers/BSP/Components/Common/Includes -I../Drivers/BSP/B-U585I-IOT02A/Includes -I../Drivers/STM32U5xx_HAL_Driver/Inc -I../Drivers/STM32U5xx_HAL_Driver/Inc/Legacy -I../Drivers/CMSIS/Device/ST/STM32U5xx/Include -I../Drivers/CMSIS/Include -I../Drivers/ExternalAppFiles/Includes -I../Libraries/STM32/Middleware/MotionFX/Includes -O0 -ffunction-sections -fdata-sections -Wall -fstack-usage -MMD -MP -MF"Drivers/STM32U5xx_HAL_Driver/Src/stm32u5xx_hal_i2c.d" -MT"Drivers/STM32U5xx_HAL_Driver/Src/stm32u5xx_hal_i2c.o" --specs=nano.specs -mfpu=fpv5-sp-d16 -mfloat-abi=hard -mthumb -o "Drivers/STM32U5xx_HAL_Driver/Src/stm32u5xx_hal_i2c.o"
arm-none-eabi-gcc "../Drivers/STM32U5xx_HAL_Driver/Src/stm32u5xx_hal_i2c_ex.c" -mcpu=cortex-m33 -std=gnu11 -g3 -DDEBUG -DUSE_HAL_DRIVER -DSTM32U585xx -c -I../Core/Inc -I../Drivers/BSP/Components/ism330dhcx/Includes -I../Drivers/BSP/Components/iis2mdc/Includes -I../Drivers/BSP/Components/Common/Includes -I../Drivers/BSP/B-U585I-IOT02A/Includes -I../Drivers/STM32U5xx_HAL_Driver/Inc -I../Drivers/STM32U5xx_HAL_Driver/Inc/Legacy -I../Drivers/CMSIS/Device/ST/STM32U5xx/Include -I../Drivers/CMSIS/Include -I../Drivers/ExternalAppFiles/Includes -I../Libraries/STM32/Middleware/MotionFX/Includes -O0 -ffunction-sections -fdata-sections -Wall -fstack-usage -MMD -MP -MF"Drivers/STM32U5xx_HAL_Driver/Src/stm32u5xx_hal_i2c_ex.d" -MT"Drivers/STM32U5xx_HAL_Driver/Src/stm32u5xx_hal_i2c_ex.o" --specs=nano.specs -mfpu=fpv5-sp-d16 -mfloat-abi=hard -mthumb -o "Drivers/STM32U5xx_HAL_Driver/Src/stm32u5xx_hal_i2c_ex.o"
arm-none-eabi-gcc "../Drivers/STM32U5xx_HAL_Driver/Src/stm32u5xx_hal_icache.c" -mcpu=cortex-m33 -std=gnu11 -g3 -DDEBUG -DUSE_HAL_DRIVER -DSTM32U585xx -c -I../Core/Inc -I../Drivers/BSP/Components/ism330dhcx/Includes -I../Drivers/BSP/Components/iis2mdc/Includes -I../Drivers/BSP/Components/Common/Includes -I../Drivers/BSP/B-U585I-IOT02A/Includes -I../Drivers/STM32U5xx_HAL_Driver/Inc -I../Drivers/STM32U5xx_HAL_Driver/Inc/Legacy -I../Drivers/CMSIS/Device/ST/STM32U5xx/Include -I../Drivers/CMSIS/Include -I../Drivers/ExternalAppFiles/Includes -I../Libraries/STM32/Middleware/MotionFX/Includes -O0 -ffunction-sections -fdata-sections -Wall -fstack-usage -MMD -MP -MF"Drivers/STM32U5xx_HAL_Driver/Src/stm32u5xx_hal_icache.d" -MT"Drivers/STM32U5xx_HAL_Driver/Src/stm32u5xx_hal_icache.o" --specs=nano.specs -mfpu=fpv5-sp-d16 -mfloat-abi=hard -mthumb -o "Drivers/STM32U5xx_HAL_Driver/Src/stm32u5xx_hal_icache.o"
arm-none-eabi-gcc "../Drivers/STM32U5xx_HAL_Driver/Src/stm32u5xx_hal_pwr.c" -mcpu=cortex-m33 -std=gnu11 -g3 -DDEBUG -DUSE_HAL_DRIVER -DSTM32U585xx -c -I../Core/Inc -I../Drivers/BSP/Components/ism330dhcx/Includes -I../Drivers/BSP/Components/iis2mdc/Includes -I../Drivers/BSP/Components/Common/Includes -I../Drivers/BSP/B-U585I-IOT02A/Includes -I../Drivers/STM32U5xx_HAL_Driver/Inc -I../Drivers/STM32U5xx_HAL_Driver/Inc/Legacy -I../Drivers/CMSIS/Device/ST/STM32U5xx/Include -I../Drivers/CMSIS/Include -I../Drivers/ExternalAppFiles/Includes -I../Libraries/STM32/Middleware/MotionFX/Includes -O0 -ffunction-sections -fdata-sections -Wall -fstack-usage -MMD -MP -MF"Drivers/STM32U5xx_HAL_Driver/Src/stm32u5xx_hal_pwr.d" -MT"Drivers/STM32U5xx_HAL_Driver/Src/stm32u5xx_hal_pwr.o" --specs=nano.specs -mfpu=fpv5-sp-d16 -mfloat-abi=hard -mthumb -o "Drivers/STM32U5xx_HAL_Driver/Src/stm32u5xx_hal_pwr.o"
arm-none-eabi-gcc "../Drivers/STM32U5xx_HAL_Driver/Src/stm32u5xx_hal_pwr_ex.c" -mcpu=cortex-m33 -std=gnu11 -g3 -DDEBUG -DUSE_HAL_DRIVER -DSTM32U585xx -c -I../Core/Inc -I../Drivers/BSP/Components/ism330dhcx/Includes -I../Drivers/BSP/Components/iis2mdc/Includes -I../Drivers/BSP/Components/Common/Includes -I../Drivers/BSP/B-U585I-IOT02A/Includes -I../Drivers/STM32U5xx_HAL_Driver/Inc -I../Drivers/STM32U5xx_HAL_Driver/Inc/Legacy -I../Drivers/CMSIS/Device/ST/STM32U5xx/Include -I../Drivers/CMSIS/Include -I../Drivers/ExternalAppFiles/Includes -I../Libraries/STM32/Middleware/MotionFX/Includes -O0 -ffunction-sections -fdata-sections -Wall -fstack-usage -MMD -MP -MF"Drivers/STM32U5xx_HAL_Driver/Src/stm32u5xx_hal_pwr_ex.d" -MT"Drivers/STM32U5xx_HAL_Driver/Src/stm32u5xx_hal_pwr_ex.o" --specs=nano.specs -mfpu=fpv5-sp-d16 -mfloat-abi=hard -mthumb -o "Drivers/STM32U5xx_HAL_Driver/Src/stm32u5xx_hal_pwr_ex.o"
arm-none-eabi-gcc "../Drivers/STM32U5xx_HAL_Driver/Src/stm32u5xx_hal_rcc.c" -mcpu=cortex-m33 -std=gnu11 -g3 -DDEBUG -DUSE_HAL_DRIVER -DSTM32U585xx -c -I../Core/Inc -I../Drivers/BSP/Components/ism330dhcx/Includes -I../Drivers/BSP/Components/iis2mdc/Includes -I../Drivers/BSP/Components/Common/Includes -I../Drivers/BSP/B-U585I-IOT02A/Includes -I../Drivers/STM32U5xx_HAL_Driver/Inc -I../Drivers/STM32U5xx_HAL_Driver/Inc/Legacy -I../Drivers/CMSIS/Device/ST/STM32U5xx/Include -I../Drivers/CMSIS/Include -I../Drivers/ExternalAppFiles/Includes -I../Libraries/STM32/Middleware/MotionFX/Includes -O0 -ffunction-sections -fdata-sections -Wall -fstack-usage -MMD -MP -MF"Drivers/STM32U5xx_HAL_Driver/Src/stm32u5xx_hal_rcc.d" -MT"Drivers/STM32U5xx_HAL_Driver/Src/stm32u5xx_hal_rcc.o" --specs=nano.specs -mfpu=fpv5-sp-d16 -mfloat-abi=hard -mthumb -o "Drivers/STM32U5xx_HAL_Driver/Src/stm32u5xx_hal_rcc.o"
arm-none-eabi-gcc "../Drivers/STM32U5xx_HAL_Driver/Src/stm32u5xx_hal_rcc_ex.c" -mcpu=cortex-m33 -std=gnu11 -g3 -DDEBUG -DUSE_HAL_DRIVER -DSTM32U585xx -c -I../Core/Inc -I../Drivers/BSP/Components/ism330dhcx/Includes -I../Drivers/BSP/Components/iis2mdc/Includes -I../Drivers/BSP/Components/Common/Includes -I../Drivers/BSP/B-U585I-IOT02A/Includes -I../Drivers/STM32U5xx_HAL_Driver/Inc -I../Drivers/STM32U5xx_HAL_Driver/Inc/Legacy -I../Drivers/CMSIS/Device/ST/STM32U5xx/Include -I../Drivers/CMSIS/Include -I../Drivers/ExternalAppFiles/Includes -I../Libraries/STM32/Middleware/MotionFX/Includes -O0 -ffunction-sections -fdata-sections -Wall -fstack-usage -MMD -MP -MF"Drivers/STM32U5xx_HAL_Driver/Src/stm32u5xx_hal_rcc_ex.d" -MT"Drivers/STM32U5xx_HAL_Driver/Src/stm32u5xx_hal_rcc_ex.o" --specs=nano.specs -mfpu=fpv5-sp-d16 -mfloat-abi=hard -mthumb -o "Drivers/STM32U5xx_HAL_Driver/Src/stm32u5xx_hal_rcc_ex.o"
arm-none-eabi-gcc "../Drivers/STM32U5xx_HAL_Driver/Src/stm32u5xx_hal_rtc.c" -mcpu=cortex-m33 -std=gnu11 -g3 -DDEBUG -DUSE_HAL_DRIVER -DSTM32U585xx -c -I../Core/Inc -I../Drivers/BSP/Components/ism330dhcx/Includes -I../Drivers/BSP/Components/iis2mdc/Includes -I../Drivers/BSP/Components/Common/Includes -I../Drivers/BSP/B-U585I-IOT02A/Includes -I../Drivers/STM32U5xx_HAL_Driver/Inc -I../Drivers/STM32U5xx_HAL_Driver/Inc/Legacy -I../Drivers/CMSIS/Device/ST/STM32U5xx/Include -I../Drivers/CMSIS/Include -I../Drivers/ExternalAppFiles/Includes -I../Libraries/STM32/Middleware/MotionFX/Includes -O0 -ffunction-sections -fdata-sections -Wall -fstack-usage -MMD -MP -MF"Drivers/STM32U5xx_HAL_Driver/Src/stm32u5xx_hal_rtc.d" -MT"Drivers/STM32U5xx_HAL_Driver/Src/stm32u5xx_hal_rtc.o" --specs=nano.specs -mfpu=fpv5-sp-d16 -mfloat-abi=hard -mthumb -o "Drivers/STM32U5xx_HAL_Driver/Src/stm32u5xx_hal_rtc.o"
arm-none-eabi-gcc "../Drivers/STM32U5xx_HAL_Driver/Src/stm32u5xx_hal_rtc_ex.c" -mcpu=cortex-m33 -std=gnu11 -g3 -DDEBUG -DUSE_HAL_DRIVER -DSTM32U585xx -c -I../Core/Inc -I../Drivers/BSP/Components/ism330dhcx/Includes -I../Drivers/BSP/Components/iis2mdc/Includes -I../Drivers/BSP/Components/Common/Includes -I../Drivers/BSP/B-U585I-IOT02A/Includes -I../Drivers/STM32U5xx_HAL_Driver/Inc -I../Drivers/STM32U5xx_HAL_Driver/Inc/Legacy -I../Drivers/CMSIS/Device/ST/STM32U5xx/Include -I../Drivers/CMSIS/Include -I../Drivers/ExternalAppFiles/Includes -I../Libraries/STM32/Middleware/MotionFX/Includes -O0 -ffunction-sections -fdata-sections -Wall -fstack-usage -MMD -MP -MF"Drivers/STM32U5xx_HAL_Driver/Src/stm32u5xx_hal_rtc_ex.d" -MT"Drivers/STM32U5xx_HAL_Driver/Src/stm32u5xx_hal_rtc_ex.o" --specs=nano.specs -mfpu=fpv5-sp-d16 -mfloat-abi=hard -mthumb -o "Drivers/STM32U5xx_HAL_Driver/Src/stm32u5xx_hal_rtc_ex.o"
arm-none-eabi-gcc "../Drivers/STM32U5xx_HAL_Driver/Src/stm32u5xx_hal_tim.c" -mcpu=cortex-m33 -std=gnu11 -g3 -DDEBUG -DUSE_HAL_DRIVER -DSTM32U585xx -c -I../Core/Inc -I../Drivers/BSP/Components/ism330dhcx/Includes -I../Drivers/BSP/Components/iis2mdc/Includes -I../Drivers/BSP/Components/Common/Includes -I../Drivers/BSP/B-U585I-IOT02A/Includes -I../Drivers/STM32U5xx_HAL_Driver/Inc -I../Drivers/STM32U5xx_HAL_Driver/Inc/Legacy -I../Drivers/CMSIS/Device/ST/STM32U5xx/Include -I../Drivers/CMSIS/Include -I../Drivers/ExternalAppFiles/Includes -I../Libraries/STM32/Middleware/MotionFX/Includes -O0 -ffunction-sections -fdata-sections -Wall -fstack-usage -MMD -MP -MF"Drivers/STM32U5xx_HAL_Driver/Src/stm32u5xx_hal_tim.d" -MT"Drivers/STM32U5xx_HAL_Driver/Src/stm32u5xx_hal_tim.o" --specs=nano.specs -mfpu=fpv5-sp-d16 -mfloat-abi=hard -mthumb -o "Drivers/STM32U5xx_HAL_Driver/Src/stm32u5xx_hal_tim.o"
arm-none-eabi-gcc "../Drivers/STM32U5xx_HAL_Driver/Src/stm32u5xx_hal_tim_ex.c" -mcpu=cortex-m33 -std=gnu11 -g3 -DDEBUG -DUSE_HAL_DRIVER -DSTM32U585xx -c -I../Core/Inc -I../Drivers/BSP/Components/ism330dhcx/Includes -I../Drivers/BSP/Components/iis2mdc/Includes -I../Drivers/BSP/Components/Common/Includes -I../Drivers/BSP/B-U585I-IOT02A/Includes -I../Drivers/STM32U5xx_HAL_Driver/Inc -I../Drivers/STM32U5xx_HAL_Driver/Inc/Legacy -I../Drivers/CMSIS/Device/ST/STM32U5xx/Include -I../Drivers/CMSIS/Include -I../Drivers/ExternalAppFiles/Includes -I../Libraries/STM32/Middleware/MotionFX/Includes -O0 -ffunction-sections -fdata-sections -Wall -fstack-usage -MMD -MP -MF"Drivers/STM32U5xx_HAL_Driver/Src/stm32u5xx_hal_tim_ex.d" -MT"Drivers/STM32U5xx_HAL_Driver/Src/stm32u5xx_hal_tim_ex.o" --specs=nano.specs -mfpu=fpv5-sp-d16 -mfloat-abi=hard -mthumb -o "Drivers/STM32U5xx_HAL_Driver/Src/stm32u5xx_hal_tim_ex.o"
arm-none-eabi-gcc "../Drivers/STM32U5xx_HAL_Driver/Src/stm32u5xx_hal_uart.c" -mcpu=cortex-m33 -std=gnu11 -g3 -DDEBUG -DUSE_HAL_DRIVER -DSTM32U585xx -c -I../Core/Inc -I../Drivers/BSP/Components/ism330dhcx/Includes -I../Drivers/BSP/Components/iis2mdc/Includes -I../Drivers/BSP/Components/Common/Includes -I../Drivers/BSP/B-U585I-IOT02A/Includes -I../Drivers/STM32U5xx_HAL_Driver/Inc -I../Drivers/STM32U5xx_HAL_Driver/Inc/Legacy -I../Drivers/CMSIS/Device/ST/STM32U5xx/Include -I../Drivers/CMSIS/Include -I../Drivers/ExternalAppFiles/Includes -I../Libraries/STM32/Middleware/MotionFX/Includes -O0 -ffunction-sections -fdata-sections -Wall -fstack-usage -MMD -MP -MF"Drivers/STM32U5xx_HAL_Driver/Src/stm32u5xx_hal_uart.d" -MT"Drivers/STM32U5xx_HAL_Driver/Src/stm32u5xx_hal_uart.o" --specs=nano.specs -mfpu=fpv5-sp-d16 -mfloat-abi=hard -mthumb -o "Drivers/STM32U5xx_HAL_Driver/Src/stm32u5xx_hal_uart.o"
arm-none-eabi-gcc "../Drivers/STM32U5xx_HAL_Driver/Src/stm32u5xx_hal_uart_ex.c" -mcpu=cortex-m33 -std=gnu11 -g3 -DDEBUG -DUSE_HAL_DRIVER -DSTM32U585xx -c -I../Core/Inc -I../Drivers/BSP/Components/ism330dhcx/Includes -I../Drivers/BSP/Components/iis2mdc/Includes -I../Drivers/BSP/Components/Common/Includes -I../Drivers/BSP/B-U585I-IOT02A/Includes -I../Drivers/STM32U5xx_HAL_Driver/Inc -I../Drivers/STM32U5xx_HAL_Driver/Inc/Legacy -I../Drivers/CMSIS/Device/ST/STM32U5xx/Include -I../Drivers/CMSIS/Include -I../Drivers/ExternalAppFiles/Includes -I../Libraries/STM32/Middleware/MotionFX/Includes -O0 -ffunction-sections -fdata-sections -Wall -fstack-usage -MMD -MP -MF"Drivers/STM32U5xx_HAL_Driver/Src/stm32u5xx_hal_uart_ex.d" -MT"Drivers/STM32U5xx_HAL_Driver/Src/stm32u5xx_hal_uart_ex.o" --specs=nano.specs -mfpu=fpv5-sp-d16 -mfloat-abi=hard -mthumb -o "Drivers/STM32U5xx_HAL_Driver/Src/stm32u5xx_hal_uart_ex.o"
arm-none-eabi-gcc "../Drivers/ExternalAppFiles/Source/demo_serial.c" -mcpu=cortex-m33 -std=gnu11 -g3 -DDEBUG -DUSE_HAL_DRIVER -DSTM32U585xx -c -I../Core/Inc -I../Drivers/BSP/Components/ism330dhcx/Includes -I../Drivers/BSP/Components/iis2mdc/Includes -I../Drivers/BSP/Components/Common/Includes -I../Drivers/BSP/B-U585I-IOT02A/Includes -I../Drivers/STM32U5xx_HAL_Driver/Inc -I../Drivers/STM32U5xx_HAL_Driver/Inc/Legacy -I../Drivers/CMSIS/Device/ST/STM32U5xx/Include -I../Drivers/CMSIS/Include -I../Drivers/ExternalAppFiles/Includes -I../Libraries/STM32/Middleware/MotionFX/Includes -O0 -ffunction-sections -fdata-sections -Wall -fstack-usage -MMD -MP -MF"Drivers/ExternalAppFiles/Source/demo_serial.d" -MT"Drivers/ExternalAppFiles/Source/demo_serial.o" --specs=nano.specs -mfpu=fpv5-sp-d16 -mfloat-abi=hard -mthumb -o "Drivers/ExternalAppFiles/Source/demo_serial.o"
arm-none-eabi-gcc "../Drivers/BSP/B-U585I-IOT02A/Source/b_u585i_iot02a.c" -mcpu=cortex-m33 -std=gnu11 -g3 -DDEBUG -DUSE_HAL_DRIVER -DSTM32U585xx -c -I../Core/Inc -I../Drivers/BSP/Components/ism330dhcx/Includes -I../Drivers/BSP/Components/iis2mdc/Includes -I../Drivers/BSP/Components/Common/Includes -I../Drivers/BSP/B-U585I-IOT02A/Includes -I../Drivers/STM32U5xx_HAL_Driver/Inc -I../Drivers/STM32U5xx_HAL_Driver/Inc/Legacy -I../Drivers/CMSIS/Device/ST/STM32U5xx/Include -I../Drivers/CMSIS/Include -I../Drivers/ExternalAppFiles/Includes -I../Libraries/STM32/Middleware/MotionFX/Includes -O0 -ffunction-sections -fdata-sections -Wall -fstack-usage -MMD -MP -MF"Drivers/BSP/B-U585I-IOT02A/Source/b_u585i_iot02a.d" -MT"Drivers/BSP/B-U585I-IOT02A/Source/b_u585i_iot02a.o" --specs=nano.specs -mfpu=fpv5-sp-d16 -mfloat-abi=hard -mthumb -o "Drivers/BSP/B-U585I-IOT02A/Source/b_u585i_iot02a.o"
arm-none-eabi-gcc "../Drivers/BSP/B-U585I-IOT02A/Source/b_u585i_iot02a_bus.c" -mcpu=cortex-m33 -std=gnu11 -g3 -DDEBUG -DUSE_HAL_DRIVER -DSTM32U585xx -c -I../Core/Inc -I../Drivers/BSP/Components/ism330dhcx/Includes -I../Drivers/BSP/Components/iis2mdc/Includes -I../Drivers/BSP/Components/Common/Includes -I../Drivers/BSP/B-U585I-IOT02A/Includes -I../Drivers/STM32U5xx_HAL_Driver/Inc -I../Drivers/STM32U5xx_HAL_Driver/Inc/Legacy -I../Drivers/CMSIS/Device/ST/STM32U5xx/Include -I../Drivers/CMSIS/Include -I../Drivers/ExternalAppFiles/Includes -I../Libraries/STM32/Middleware/MotionFX/Includes -O0 -ffunction-sections -fdata-sections -Wall -fstack-usage -MMD -MP -MF"Drivers/BSP/B-U585I-IOT02A/Source/b_u585i_iot02a_bus.d" -MT"Drivers/BSP/B-U585I-IOT02A/Source/b_u585i_iot02a_bus.o" --specs=nano.specs -mfpu=fpv5-sp-d16 -mfloat-abi=hard -mthumb -o "Drivers/BSP/B-U585I-IOT02A/Source/b_u585i_iot02a_bus.o"
arm-none-eabi-gcc "../Drivers/BSP/B-U585I-IOT02A/Source/b_u585i_iot02a_motion_sensors.c" -mcpu=cortex-m33 -std=gnu11 -g3 -DDEBUG -DUSE_HAL_DRIVER -DSTM32U585xx -c -I../Core/Inc -I../Drivers/BSP/Components/ism330dhcx/Includes -I../Drivers/BSP/Components/iis2mdc/Includes -I../Drivers/BSP/Components/Common/Includes -I../Drivers/BSP/B-U585I-IOT02A/Includes -I../Drivers/STM32U5xx_HAL_Driver/Inc -I../Drivers/STM32U5xx_HAL_Driver/Inc/Legacy -I../Drivers/CMSIS/Device/ST/STM32U5xx/Include -I../Drivers/CMSIS/Include -I../Drivers/ExternalAppFiles/Includes -I../Libraries/STM32/Middleware/MotionFX/Includes -O0 -ffunction-sections -fdata-sections -Wall -fstack-usage -MMD -MP -MF"Drivers/BSP/B-U585I-IOT02A/Source/b_u585i_iot02a_motion_sensors.d" -MT"Drivers/BSP/B-U585I-IOT02A/Source/b_u585i_iot02a_motion_sensors.o" --specs=nano.specs -mfpu=fpv5-sp-d16 -mfloat-abi=hard -mthumb -o "Drivers/BSP/B-U585I-IOT02A/Source/b_u585i_iot02a_motion_sensors.o"
arm-none-eabi-gcc "../Core/Src/app_mems.c" -mcpu=cortex-m33 -std=gnu11 -g3 -DDEBUG -DUSE_HAL_DRIVER -DSTM32U585xx -c -I../Core/Inc -I../Drivers/BSP/Components/ism330dhcx/Includes -I../Drivers/BSP/Components/iis2mdc/Includes -I../Drivers/BSP/Components/Common/Includes -I../Drivers/BSP/B-U585I-IOT02A/Includes -I../Drivers/STM32U5xx_HAL_Driver/Inc -I../Drivers/STM32U5xx_HAL_Driver/Inc/Legacy -I../Drivers/CMSIS/Device/ST/STM32U5xx/Include -I../Drivers/CMSIS/Include -I../Drivers/ExternalAppFiles/Includes -I../Libraries/STM32/Middleware/MotionFX/Includes -O0 -ffunction-sections -fdata-sections -Wall -fstack-usage -MMD -MP -MF"Core/Src/app_mems.d" -MT"Core/Src/app_mems.o" --specs=nano.specs -mfpu=fpv5-sp-d16 -mfloat-abi=hard -mthumb -o "Core/Src/app_mems.o"
arm-none-eabi-gcc "../Core/Src/com.c" -mcpu=cortex-m33 -std=gnu11 -g3 -DDEBUG -DUSE_HAL_DRIVER -DSTM32U585xx -c -I../Core/Inc -I../Drivers/BSP/Components/ism330dhcx/Includes -I../Drivers/BSP/Components/iis2mdc/Includes -I../Drivers/BSP/Components/Common/Includes -I../Drivers/BSP/B-U585I-IOT02A/Includes -I../Drivers/STM32U5xx_HAL_Driver/Inc -I../Drivers/STM32U5xx_HAL_Driver/Inc/Legacy -I../Drivers/CMSIS/Device/ST/STM32U5xx/Include -I../Drivers/CMSIS/Include -I../Drivers/ExternalAppFiles/Includes -I../Libraries/STM32/Middleware/MotionFX/Includes -O0 -ffunction-sections -fdata-sections -Wall -fstack-usage -MMD -MP -MF"Core/Src/com.d" -MT"Core/Src/com.o" --specs=nano.specs -mfpu=fpv5-sp-d16 -mfloat-abi=hard -mthumb -o "Core/Src/com.o"
arm-none-eabi-gcc "../Core/Src/crc.c" -mcpu=cortex-m33 -std=gnu11 -g3 -DDEBUG -DUSE_HAL_DRIVER -DSTM32U585xx -c -I../Core/Inc -I../Drivers/BSP/Components/ism330dhcx/Includes -I../Drivers/BSP/Components/iis2mdc/Includes -I../Drivers/BSP/Components/Common/Includes -I../Drivers/BSP/B-U585I-IOT02A/Includes -I../Drivers/STM32U5xx_HAL_Driver/Inc -I../Drivers/STM32U5xx_HAL_Driver/Inc/Legacy -I../Drivers/CMSIS/Device/ST/STM32U5xx/Include -I../Drivers/CMSIS/Include -I../Drivers/ExternalAppFiles/Includes -I../Libraries/STM32/Middleware/MotionFX/Includes -O0 -ffunction-sections -fdata-sections -Wall -fstack-usage -MMD -MP -MF"Core/Src/crc.d" -MT"Core/Src/crc.o" --specs=nano.specs -mfpu=fpv5-sp-d16 -mfloat-abi=hard -mthumb -o "Core/Src/crc.o"
arm-none-eabi-gcc "../Core/Src/gpdma.c" -mcpu=cortex-m33 -std=gnu11 -g3 -DDEBUG -DUSE_HAL_DRIVER -DSTM32U585xx -c -I../Core/Inc -I../Drivers/BSP/Components/ism330dhcx/Includes -I../Drivers/BSP/Components/iis2mdc/Includes -I../Drivers/BSP/Components/Common/Includes -I../Drivers/BSP/B-U585I-IOT02A/Includes -I../Drivers/STM32U5xx_HAL_Driver/Inc -I../Drivers/STM32U5xx_HAL_Driver/Inc/Legacy -I../Drivers/CMSIS/Device/ST/STM32U5xx/Include -I../Drivers/CMSIS/Include -I../Drivers/ExternalAppFiles/Includes -I../Libraries/STM32/Middleware/MotionFX/Includes -O0 -ffunction-sections -fdata-sections -Wall -fstack-usage -MMD -MP -MF"Core/Src/gpdma.d" -MT"Core/Src/gpdma.o" --specs=nano.specs -mfpu=fpv5-sp-d16 -mfloat-abi=hard -mthumb -o "Core/Src/gpdma.o"
In file included from ../Core/Inc/com.h:31,
                 from ../Core/Src/app_mems.c:31:
../Core/Src/app_mems.c: In function 'MX_DataLogFusion_Init':
../Core/Inc/bsp_ip_conf.h:40:25: warning: implicit declaration of function 'MX_TIM15_Init'; did you mean 'MX_MEMS_Init'? [-Wimplicit-function-declaration]
   40 | #define BSP_IP_TIM_Init MX_TIM15_Init
      |                         ^~~~~~~~~~~~~
../Core/Src/app_mems.c:153:3: note: in expansion of macro 'BSP_IP_TIM_Init'
  153 |   BSP_IP_TIM_Init();
      |   ^~~~~~~~~~~~~~~
arm-none-eabi-gcc "../Core/Src/gpio.c" -mcpu=cortex-m33 -std=gnu11 -g3 -DDEBUG -DUSE_HAL_DRIVER -DSTM32U585xx -c -I../Core/Inc -I../Drivers/BSP/Components/ism330dhcx/Includes -I../Drivers/BSP/Components/iis2mdc/Includes -I../Drivers/BSP/Components/Common/Includes -I../Drivers/BSP/B-U585I-IOT02A/Includes -I../Drivers/STM32U5xx_HAL_Driver/Inc -I../Drivers/STM32U5xx_HAL_Driver/Inc/Legacy -I../Drivers/CMSIS/Device/ST/STM32U5xx/Include -I../Drivers/CMSIS/Include -I../Drivers/ExternalAppFiles/Includes -I../Libraries/STM32/Middleware/MotionFX/Includes -O0 -ffunction-sections -fdata-sections -Wall -fstack-usage -MMD -MP -MF"Core/Src/gpio.d" -MT"Core/Src/gpio.o" --specs=nano.specs -mfpu=fpv5-sp-d16 -mfloat-abi=hard -mthumb -o "Core/Src/gpio.o"
arm-none-eabi-gcc "../Core/Src/i2c.c" -mcpu=cortex-m33 -std=gnu11 -g3 -DDEBUG -DUSE_HAL_DRIVER -DSTM32U585xx -c -I../Core/Inc -I../Drivers/BSP/Components/ism330dhcx/Includes -I../Drivers/BSP/Components/iis2mdc/Includes -I../Drivers/BSP/Components/Common/Includes -I../Drivers/BSP/B-U585I-IOT02A/Includes -I../Drivers/STM32U5xx_HAL_Driver/Inc -I../Drivers/STM32U5xx_HAL_Driver/Inc/Legacy -I../Drivers/CMSIS/Device/ST/STM32U5xx/Include -I../Drivers/CMSIS/Include -I../Drivers/ExternalAppFiles/Includes -I../Libraries/STM32/Middleware/MotionFX/Includes -O0 -ffunction-sections -fdata-sections -Wall -fstack-usage -MMD -MP -MF"Core/Src/i2c.d" -MT"Core/Src/i2c.o" --specs=nano.specs -mfpu=fpv5-sp-d16 -mfloat-abi=hard -mthumb -o "Core/Src/i2c.o"
arm-none-eabi-gcc "../Core/Src/iot02a_mems_control.c" -mcpu=cortex-m33 -std=gnu11 -g3 -DDEBUG -DUSE_HAL_DRIVER -DSTM32U585xx -c -I../Core/Inc -I../Drivers/BSP/Components/ism330dhcx/Includes -I../Drivers/BSP/Components/iis2mdc/Includes -I../Drivers/BSP/Components/Common/Includes -I../Drivers/BSP/B-U585I-IOT02A/Includes -I../Drivers/STM32U5xx_HAL_Driver/Inc -I../Drivers/STM32U5xx_HAL_Driver/Inc/Legacy -I../Drivers/CMSIS/Device/ST/STM32U5xx/Include -I../Drivers/CMSIS/Include -I../Drivers/ExternalAppFiles/Includes -I../Libraries/STM32/Middleware/MotionFX/Includes -O0 -ffunction-sections -fdata-sections -Wall -fstack-usage -MMD -MP -MF"Core/Src/iot02a_mems_control.d" -MT"Core/Src/iot02a_mems_control.o" --specs=nano.specs -mfpu=fpv5-sp-d16 -mfloat-abi=hard -mthumb -o "Core/Src/iot02a_mems_control.o"
arm-none-eabi-gcc "../Core/Src/main.c" -mcpu=cortex-m33 -std=gnu11 -g3 -DDEBUG -DUSE_HAL_DRIVER -DSTM32U585xx -c -I../Core/Inc -I../Drivers/BSP/Components/ism330dhcx/Includes -I../Drivers/BSP/Components/iis2mdc/Includes -I../Drivers/BSP/Components/Common/Includes -I../Drivers/BSP/B-U585I-IOT02A/Includes -I../Drivers/STM32U5xx_HAL_Driver/Inc -I../Drivers/STM32U5xx_HAL_Driver/Inc/Legacy -I../Drivers/CMSIS/Device/ST/STM32U5xx/Include -I../Drivers/CMSIS/Include -I../Drivers/ExternalAppFiles/Includes -I../Libraries/STM32/Middleware/MotionFX/Includes -O0 -ffunction-sections -fdata-sections -Wall -fstack-usage -MMD -MP -MF"Core/Src/main.d" -MT"Core/Src/main.o" --specs=nano.specs -mfpu=fpv5-sp-d16 -mfloat-abi=hard -mthumb -o "Core/Src/main.o"
arm-none-eabi-gcc "../Core/Src/motion_fx_manager.c" -mcpu=cortex-m33 -std=gnu11 -g3 -DDEBUG -DUSE_HAL_DRIVER -DSTM32U585xx -c -I../Core/Inc -I../Drivers/BSP/Components/ism330dhcx/Includes -I../Drivers/BSP/Components/iis2mdc/Includes -I../Drivers/BSP/Components/Common/Includes -I../Drivers/BSP/B-U585I-IOT02A/Includes -I../Drivers/STM32U5xx_HAL_Driver/Inc -I../Drivers/STM32U5xx_HAL_Driver/Inc/Legacy -I../Drivers/CMSIS/Device/ST/STM32U5xx/Include -I../Drivers/CMSIS/Include -I../Drivers/ExternalAppFiles/Includes -I../Libraries/STM32/Middleware/MotionFX/Includes -O0 -ffunction-sections -fdata-sections -Wall -fstack-usage -MMD -MP -MF"Core/Src/motion_fx_manager.d" -MT"Core/Src/motion_fx_manager.o" --specs=nano.specs -mfpu=fpv5-sp-d16 -mfloat-abi=hard -mthumb -o "Core/Src/motion_fx_manager.o"
arm-none-eabi-gcc "../Core/Src/rtc.c" -mcpu=cortex-m33 -std=gnu11 -g3 -DDEBUG -DUSE_HAL_DRIVER -DSTM32U585xx -c -I../Core/Inc -I../Drivers/BSP/Components/ism330dhcx/Includes -I../Drivers/BSP/Components/iis2mdc/Includes -I../Drivers/BSP/Components/Common/Includes -I../Drivers/BSP/B-U585I-IOT02A/Includes -I../Drivers/STM32U5xx_HAL_Driver/Inc -I../Drivers/STM32U5xx_HAL_Driver/Inc/Legacy -I../Drivers/CMSIS/Device/ST/STM32U5xx/Include -I../Drivers/CMSIS/Include -I../Drivers/ExternalAppFiles/Includes -I../Libraries/STM32/Middleware/MotionFX/Includes -O0 -ffunction-sections -fdata-sections -Wall -fstack-usage -MMD -MP -MF"Core/Src/rtc.d" -MT"Core/Src/rtc.o" --specs=nano.specs -mfpu=fpv5-sp-d16 -mfloat-abi=hard -mthumb -o "Core/Src/rtc.o"
arm-none-eabi-gcc "../Core/Src/stm32u5xx_hal_msp.c" -mcpu=cortex-m33 -std=gnu11 -g3 -DDEBUG -DUSE_HAL_DRIVER -DSTM32U585xx -c -I../Core/Inc -I../Drivers/BSP/Components/ism330dhcx/Includes -I../Drivers/BSP/Components/iis2mdc/Includes -I../Drivers/BSP/Components/Common/Includes -I../Drivers/BSP/B-U585I-IOT02A/Includes -I../Drivers/STM32U5xx_HAL_Driver/Inc -I../Drivers/STM32U5xx_HAL_Driver/Inc/Legacy -I../Drivers/CMSIS/Device/ST/STM32U5xx/Include -I../Drivers/CMSIS/Include -I../Drivers/ExternalAppFiles/Includes -I../Libraries/STM32/Middleware/MotionFX/Includes -O0 -ffunction-sections -fdata-sections -Wall -fstack-usage -MMD -MP -MF"Core/Src/stm32u5xx_hal_msp.d" -MT"Core/Src/stm32u5xx_hal_msp.o" --specs=nano.specs -mfpu=fpv5-sp-d16 -mfloat-abi=hard -mthumb -o "Core/Src/stm32u5xx_hal_msp.o"
../Core/Src/main.c: In function 'HAL_GPIO_EXTI_Rising_Callback':
../Core/Src/main.c:202:39: warning: implicit declaration of function 'strlen' [-Wimplicit-function-declaration]
  202 |   uint16_t iMessageLength = (uint16_t)strlen(cMessage);
      |                                       ^~~~~~
../Core/Src/main.c:202:39: warning: incompatible implicit declaration of built-in function 'strlen'
../Core/Src/main.c:33:1: note: include '<string.h>' or provide a declaration of 'strlen'
   32 | #include "app_mems.h"
  +++ |+#include <string.h>
   33 | 
../Core/Src/main.c:202:46: warning: pointer targets in passing argument 1 of 'strlen' differ in signedness [-Wpointer-sign]
  202 |   uint16_t iMessageLength = (uint16_t)strlen(cMessage);
      |                                              ^~~~~~~~
      |                                              |
      |                                              uint8_t * {aka unsigned char *}
../Core/Src/main.c:202:46: note: expected 'const char *' but argument is of type 'uint8_t *' {aka 'unsigned char *'}
arm-none-eabi-gcc "../Core/Src/stm32u5xx_it.c" -mcpu=cortex-m33 -std=gnu11 -g3 -DDEBUG -DUSE_HAL_DRIVER -DSTM32U585xx -c -I../Core/Inc -I../Drivers/BSP/Components/ism330dhcx/Includes -I../Drivers/BSP/Components/iis2mdc/Includes -I../Drivers/BSP/Components/Common/Includes -I../Drivers/BSP/B-U585I-IOT02A/Includes -I../Drivers/STM32U5xx_HAL_Driver/Inc -I../Drivers/STM32U5xx_HAL_Driver/Inc/Legacy -I../Drivers/CMSIS/Device/ST/STM32U5xx/Include -I../Drivers/CMSIS/Include -I../Drivers/ExternalAppFiles/Includes -I../Libraries/STM32/Middleware/MotionFX/Includes -O0 -ffunction-sections -fdata-sections -Wall -fstack-usage -MMD -MP -MF"Core/Src/stm32u5xx_it.d" -MT"Core/Src/stm32u5xx_it.o" --specs=nano.specs -mfpu=fpv5-sp-d16 -mfloat-abi=hard -mthumb -o "Core/Src/stm32u5xx_it.o"
arm-none-eabi-gcc "../Core/Src/system_stm32u5xx.c" -mcpu=cortex-m33 -std=gnu11 -g3 -DDEBUG -DUSE_HAL_DRIVER -DSTM32U585xx -c -I../Core/Inc -I../Drivers/BSP/Components/ism330dhcx/Includes -I../Drivers/BSP/Components/iis2mdc/Includes -I../Drivers/BSP/Components/Common/Includes -I../Drivers/BSP/B-U585I-IOT02A/Includes -I../Drivers/STM32U5xx_HAL_Driver/Inc -I../Drivers/STM32U5xx_HAL_Driver/Inc/Legacy -I../Drivers/CMSIS/Device/ST/STM32U5xx/Include -I../Drivers/CMSIS/Include -I../Drivers/ExternalAppFiles/Includes -I../Libraries/STM32/Middleware/MotionFX/Includes -O0 -ffunction-sections -fdata-sections -Wall -fstack-usage -MMD -MP -MF"Core/Src/system_stm32u5xx.d" -MT"Core/Src/system_stm32u5xx.o" --specs=nano.specs -mfpu=fpv5-sp-d16 -mfloat-abi=hard -mthumb -o "Core/Src/system_stm32u5xx.o"
arm-none-eabi-gcc "../Core/Src/tim.c" -mcpu=cortex-m33 -std=gnu11 -g3 -DDEBUG -DUSE_HAL_DRIVER -DSTM32U585xx -c -I../Core/Inc -I../Drivers/BSP/Components/ism330dhcx/Includes -I../Drivers/BSP/Components/iis2mdc/Includes -I../Drivers/BSP/Components/Common/Includes -I../Drivers/BSP/B-U585I-IOT02A/Includes -I../Drivers/STM32U5xx_HAL_Driver/Inc -I../Drivers/STM32U5xx_HAL_Driver/Inc/Legacy -I../Drivers/CMSIS/Device/ST/STM32U5xx/Include -I../Drivers/CMSIS/Include -I../Drivers/ExternalAppFiles/Includes -I../Libraries/STM32/Middleware/MotionFX/Includes -O0 -ffunction-sections -fdata-sections -Wall -fstack-usage -MMD -MP -MF"Core/Src/tim.d" -MT"Core/Src/tim.o" --specs=nano.specs -mfpu=fpv5-sp-d16 -mfloat-abi=hard -mthumb -o "Core/Src/tim.o"
arm-none-eabi-gcc "../Core/Src/usart.c" -mcpu=cortex-m33 -std=gnu11 -g3 -DDEBUG -DUSE_HAL_DRIVER -DSTM32U585xx -c -I../Core/Inc -I../Drivers/BSP/Components/ism330dhcx/Includes -I../Drivers/BSP/Components/iis2mdc/Includes -I../Drivers/BSP/Components/Common/Includes -I../Drivers/BSP/B-U585I-IOT02A/Includes -I../Drivers/STM32U5xx_HAL_Driver/Inc -I../Drivers/STM32U5xx_HAL_Driver/Inc/Legacy -I../Drivers/CMSIS/Device/ST/STM32U5xx/Include -I../Drivers/CMSIS/Include -I../Drivers/ExternalAppFiles/Includes -I../Libraries/STM32/Middleware/MotionFX/Includes -O0 -ffunction-sections -fdata-sections -Wall -fstack-usage -MMD -MP -MF"Core/Src/usart.d" -MT"Core/Src/usart.o" --specs=nano.specs -mfpu=fpv5-sp-d16 -mfloat-abi=hard -mthumb -o "Core/Src/usart.o"
arm-none-eabi-g++ -o "STM32WobbleBoard.elf" @"objects.list"  -l:MotionFX_CM33F_wc32_ot_hard.a -mcpu=cortex-m33 -T"C:\Users\Beca Vessal\Documents\STM32WobbleBoard\STM32WobbleBoard\STM32U585AIIXQ_FLASH.ld" --specs=nosys.specs -Wl,-Map="STM32WobbleBoard.map" -Wl,--gc-sections -static -L../Libraries/STM32/Middleware/MotionFX/StaticLibrary --specs=nano.specs -mfpu=fpv5-sp-d16 -mfloat-abi=hard -mthumb -Wl,--start-group -lc -lm -lstdc++ -lsupc++ -Wl,--end-group
Finished building target: STM32WobbleBoard.elf
 
arm-none-eabi-size   STM32WobbleBoard.elf 
arm-none-eabi-objdump -h -S  STM32WobbleBoard.elf  > "STM32WobbleBoard.list"
arm-none-eabi-objcopy  -O binary  STM32WobbleBoard.elf  "STM32WobbleBoard.bin"
   text	   data	    bss	    dec	    hex	filename
 113771	    284	  11952	 126007	  1ec37	STM32WobbleBoard.elf
Finished building: default.size.stdout
 
Finished building: STM32WobbleBoard.bin
 
Finished building: STM32WobbleBoard.list
 

22:53:20 Build Finished. 0 errors, 4 warnings. (took 6s.614ms)

