22:41:27 **** Incremental Build of configuration Debug for project STM32WobbleBoard ****
make -j8 all 
arm-none-eabi-gcc "../Drivers/ExternalAppFiles/Source/demo_serial.c" -mcpu=cortex-m33 -std=gnu11 -g3 -DDEBUG -DUSE_HAL_DRIVER -DSTM32U585xx -c -I../Core/Inc -I../Drivers/BSP/Components/ism330dhcx/Includes -I../Drivers/BSP/Components/iis2mdc/Includes -I../Drivers/BSP/Components/Common/Includes -I../Drivers/BSP/B-U585I-IOT02A/Includes -I../Drivers/STM32U5xx_HAL_Driver/Inc -I../Drivers/STM32U5xx_HAL_Driver/Inc/Legacy -I../Drivers/CMSIS/Device/ST/STM32U5xx/Include -I../Drivers/CMSIS/Include -I../Drivers/ExternalAppFiles/Includes -I../Libraries/STM32/Middleware/MotionFX/Includes -O0 -ffunction-sections -fdata-sections -Wall -fstack-usage -MMD -MP -MF"Drivers/ExternalAppFiles/Source/demo_serial.d" -MT"Drivers/ExternalAppFiles/Source/demo_serial.o" --specs=nano.specs -mfpu=fpv5-sp-d16 -mfloat-abi=hard -mthumb -o "Drivers/ExternalAppFiles/Source/demo_serial.o"
arm-none-eabi-gcc "../Core/Src/app_mems.c" -mcpu=cortex-m33 -std=gnu11 -g3 -DDEBUG -DUSE_HAL_DRIVER -DSTM32U585xx -c -I../Core/Inc -I../Drivers/BSP/Components/ism330dhcx/Includes -I../Drivers/BSP/Components/iis2mdc/Includes -I../Drivers/BSP/Components/Common/Includes -I../Drivers/BSP/B-U585I-IOT02A/Includes -I../Drivers/STM32U5xx_HAL_Driver/Inc -I../Drivers/STM32U5xx_HAL_Driver/Inc/Legacy -I../Drivers/CMSIS/Device/ST/STM32U5xx/Include -I../Drivers/CMSIS/Include -I../Drivers/ExternalAppFiles/Includes -I../Libraries/STM32/Middleware/MotionFX/Includes -O0 -ffunction-sections -fdata-sections -Wall -fstack-usage -MMD -MP -MF"Core/Src/app_mems.d" -MT"Core/Src/app_mems.o" --specs=nano.specs -mfpu=fpv5-sp-d16 -mfloat-abi=hard -mthumb -o "Core/Src/app_mems.o"
In file included from ../Core/Inc/com.h:31,
                 from ../Core/Src/app_mems.c:31:
../Core/Src/app_mems.c: In function 'MX_DataLogFusion_Init':
../Core/Inc/bsp_ip_conf.h:40:25: warning: implicit declaration of function 'MX_TIM15_Init'; did you mean 'MX_MEMS_Init'? [-Wimplicit-function-declaration]
   40 | #define BSP_IP_TIM_Init MX_TIM15_Init
      |                         ^~~~~~~~~~~~~
../Core/Src/app_mems.c:153:3: note: in expansion of macro 'BSP_IP_TIM_Init'
  153 |   BSP_IP_TIM_Init();
      |   ^~~~~~~~~~~~~~~
arm-none-eabi-g++ -o "STM32WobbleBoard.elf" @"objects.list"  -l:MotionFX_CM33F_wc32_ot_hard.a -mcpu=cortex-m33 -T"C:\Users\Beca Vessal\Documents\STM32WobbleBoard\STM32WobbleBoard\STM32U585AIIXQ_FLASH.ld" --specs=nosys.specs -Wl,-Map="STM32WobbleBoard.map" -Wl,--gc-sections -static -L../Libraries/STM32/Middleware/MotionFX/StaticLibrary --specs=nano.specs -mfpu=fpv5-sp-d16 -mfloat-abi=hard -mthumb -Wl,--start-group -lc -lm -lstdc++ -lsupc++ -Wl,--end-group
Finished building target: STM32WobbleBoard.elf
 
arm-none-eabi-size   STM32WobbleBoard.elf 
arm-none-eabi-objdump -h -S  STM32WobbleBoard.elf  > "STM32WobbleBoard.list"
arm-none-eabi-objcopy  -O binary  STM32WobbleBoard.elf  "STM32WobbleBoard.bin"
   text	   data	    bss	    dec	    hex	filename
 112539	    284	  11872	 124695	  1e717	STM32WobbleBoard.elf
Finished building: default.size.stdout
 
Finished building: STM32WobbleBoard.bin
 
Finished building: STM32WobbleBoard.list
 

22:41:29 Build Finished. 0 errors, 1 warnings. (took 1s.954ms)

